Archive member included because of file (symbol)

C:\Users\rwooster\Documents\cont_servo_test\SoftConsole\cont_servo_test_MSS_MSS_CM3_0\cont_servo_test_MSS_MSS_CM3_0_hw_platform\Debug\libcont_servo_test_MSS_MSS_CM3_0_hw_platform.a(mss_uart.o)
                              C:/Users/rwooster/Documents/cont_servo_test/SoftConsole/cont_servo_test_MSS_MSS_CM3_0/cont_servo_test_MSS_MSS_CM3_0_hw_platform/Debug/CMSIS/startup_gcc/newlib_stubs.o (g_mss_uart0)
C:\Users\rwooster\Documents\cont_servo_test\SoftConsole\cont_servo_test_MSS_MSS_CM3_0\cont_servo_test_MSS_MSS_CM3_0_hw_platform\Debug\libcont_servo_test_MSS_MSS_CM3_0_hw_platform.a(mss_i2c.o)
                              ./imu.o (g_mss_i2c1)
C:\Users\rwooster\Documents\cont_servo_test\SoftConsole\cont_servo_test_MSS_MSS_CM3_0\cont_servo_test_MSS_MSS_CM3_0_hw_platform\Debug\libcont_servo_test_MSS_MSS_CM3_0_hw_platform.a(mss_gpio.o)
                              ./main.o (MSS_GPIO_init)
C:\Users\rwooster\Documents\cont_servo_test\SoftConsole\cont_servo_test_MSS_MSS_CM3_0\cont_servo_test_MSS_MSS_CM3_0_hw_platform\Debug\libcont_servo_test_MSS_MSS_CM3_0_hw_platform.a(core_cm3.o)
                              C:\Users\rwooster\Documents\cont_servo_test\SoftConsole\cont_servo_test_MSS_MSS_CM3_0\cont_servo_test_MSS_MSS_CM3_0_hw_platform\Debug\libcont_servo_test_MSS_MSS_CM3_0_hw_platform.a(mss_i2c.o) (__get_PRIMASK)
C:\Users\rwooster\Documents\cont_servo_test\SoftConsole\cont_servo_test_MSS_MSS_CM3_0\cont_servo_test_MSS_MSS_CM3_0_hw_platform\Debug\libcont_servo_test_MSS_MSS_CM3_0_hw_platform.a(system_a2fxxxm3.o)
                              C:\Users\rwooster\Documents\cont_servo_test\SoftConsole\cont_servo_test_MSS_MSS_CM3_0\cont_servo_test_MSS_MSS_CM3_0_hw_platform\Debug\libcont_servo_test_MSS_MSS_CM3_0_hw_platform.a(mss_uart.o) (g_FrequencyPCLK0)
c:/actel/libero_v9.1/softconsole/sourcery-g++/bin/../lib/gcc/arm-none-eabi/4.4.1/thumb2\libgcc.a(_arm_addsubdf3.o)
                              ./main.o (__aeabi_f2d)
c:/actel/libero_v9.1/softconsole/sourcery-g++/bin/../lib/gcc/arm-none-eabi/4.4.1/thumb2\libgcc.a(_arm_addsubsf3.o)
                              ./main.o (__aeabi_i2f)
c:/actel/libero_v9.1/softconsole/sourcery-g++/bin/../lib/gcc/arm-none-eabi/4.4.1/thumb2\libgcc.a(_arm_muldivsf3.o)
                              ./main.o (__aeabi_fmul)
c:/actel/libero_v9.1/softconsole/sourcery-g++/bin/../lib/gcc/arm-none-eabi/4.4.1/../../../../arm-none-eabi/lib/thumb2\libc.a(lib_a-errno.o)
                              C:/Users/rwooster/Documents/cont_servo_test/SoftConsole/cont_servo_test_MSS_MSS_CM3_0/cont_servo_test_MSS_MSS_CM3_0_hw_platform/Debug/CMSIS/startup_gcc/newlib_stubs.o (__errno)
c:/actel/libero_v9.1/softconsole/sourcery-g++/bin/../lib/gcc/arm-none-eabi/4.4.1/../../../../arm-none-eabi/lib/thumb2\libc.a(lib_a-impure.o)
                              c:/actel/libero_v9.1/softconsole/sourcery-g++/bin/../lib/gcc/arm-none-eabi/4.4.1/../../../../arm-none-eabi/lib/thumb2\libc.a(lib_a-errno.o) (_impure_ptr)
c:/actel/libero_v9.1/softconsole/sourcery-g++/bin/../lib/gcc/arm-none-eabi/4.4.1/../../../../arm-none-eabi/lib/thumb2\libc.a(lib_a-init.o)
                              C:/Users/rwooster/Documents/cont_servo_test/SoftConsole/cont_servo_test_MSS_MSS_CM3_0/cont_servo_test_MSS_MSS_CM3_0_hw_platform/Debug/CMSIS/startup_gcc/startup_a2fxxxm3.o (__libc_init_array)
c:/actel/libero_v9.1/softconsole/sourcery-g++/bin/../lib/gcc/arm-none-eabi/4.4.1/../../../../arm-none-eabi/lib/thumb2\libc.a(lib_a-printf.o)
                              ./main.o (printf)
c:/actel/libero_v9.1/softconsole/sourcery-g++/bin/../lib/gcc/arm-none-eabi/4.4.1/../../../../arm-none-eabi/lib/thumb2\libc.a(lib_a-vfprintf.o)
                              c:/actel/libero_v9.1/softconsole/sourcery-g++/bin/../lib/gcc/arm-none-eabi/4.4.1/../../../../arm-none-eabi/lib/thumb2\libc.a(lib_a-printf.o) (_vfprintf_r)
c:/actel/libero_v9.1/softconsole/sourcery-g++/bin/../lib/gcc/arm-none-eabi/4.4.1/../../../../arm-none-eabi/lib/thumb2\libc.a(lib_a-wsetup.o)
                              c:/actel/libero_v9.1/softconsole/sourcery-g++/bin/../lib/gcc/arm-none-eabi/4.4.1/../../../../arm-none-eabi/lib/thumb2\libc.a(lib_a-vfprintf.o) (__swsetup_r)
c:/actel/libero_v9.1/softconsole/sourcery-g++/bin/../lib/gcc/arm-none-eabi/4.4.1/../../../../arm-none-eabi/lib/thumb2\libc.a(lib_a-dtoa.o)
                              c:/actel/libero_v9.1/softconsole/sourcery-g++/bin/../lib/gcc/arm-none-eabi/4.4.1/../../../../arm-none-eabi/lib/thumb2\libc.a(lib_a-vfprintf.o) (_dtoa_r)
c:/actel/libero_v9.1/softconsole/sourcery-g++/bin/../lib/gcc/arm-none-eabi/4.4.1/../../../../arm-none-eabi/lib/thumb2\libc.a(lib_a-fflush.o)
                              c:/actel/libero_v9.1/softconsole/sourcery-g++/bin/../lib/gcc/arm-none-eabi/4.4.1/../../../../arm-none-eabi/lib/thumb2\libc.a(lib_a-vfprintf.o) (_fflush_r)
[...]
Memory Configuration

Name             Origin             Length             Attributes
ram              0x20000000         0x00010000         xrw
*default*        0x00000000         0xffffffff

Linker script and memory map

LOAD c:/actel/libero_v9.1/softconsole/sourcery-g++/bin/../lib/gcc/arm-none-eabi/4.4.1/thumb2/crti.o
LOAD c:/actel/libero_v9.1/softconsole/sourcery-g++/bin/../lib/gcc/arm-none-eabi/4.4.1/thumb2/crtbegin.o
LOAD ./imu.o
LOAD ./main.o
LOAD C:/Users/rwooster/Documents/cont_servo_test/SoftConsole/cont_servo_test_MSS_MSS_CM3_0/cont_servo_test_MSS_MSS_CM3_0_hw_platform/Debug/CMSIS/startup_gcc/startup_a2fxxxm3.o
LOAD C:/Users/rwooster/Documents/cont_servo_test/SoftConsole/cont_servo_test_MSS_MSS_CM3_0/cont_servo_test_MSS_MSS_CM3_0_hw_platform/Debug/CMSIS/startup_gcc/newlib_stubs.o
LOAD C:\Users\rwooster\Documents\cont_servo_test\SoftConsole\cont_servo_test_MSS_MSS_CM3_0\cont_servo_test_MSS_MSS_CM3_0_hw_platform\Debug\libcont_servo_test_MSS_MSS_CM3_0_hw_platform.a
START GROUP
LOAD c:/actel/libero_v9.1/softconsole/sourcery-g++/bin/../lib/gcc/arm-none-eabi/4.4.1/thumb2\libgcc.a
LOAD c:/actel/libero_v9.1/softconsole/sourcery-g++/bin/../lib/gcc/arm-none-eabi/4.4.1/../../../../arm-none-eabi/lib/thumb2\libc.a
END GROUP
LOAD c:/actel/libero_v9.1/softconsole/sourcery-g++/bin/../lib/gcc/arm-none-eabi/4.4.1/thumb2/crtend.o
LOAD c:/actel/libero_v9.1/softconsole/sourcery-g++/bin/../lib/gcc/arm-none-eabi/4.4.1/thumb2/crtn.o
START GROUP
LOAD c:/actel/libero_v9.1/softconsole/sourcery-g++/bin/../lib/gcc/arm-none-eabi/4.4.1/../../../../arm-none-eabi/lib/thumb2\libc.a
LOAD c:/actel/libero_v9.1/softconsole/sourcery-g++/bin/../lib/gcc/arm-none-eabi/4.4.1/thumb2\libgcc.a
LOAD c:/actel/libero_v9.1/softconsole/sourcery-g++/bin/../lib/gcc/arm-none-eabi/4.4.1/../../../../arm-none-eabi/lib/thumb2\libm.a
END GROUP
                0x00000000                __DYNAMIC = 0x0
                0x20000000                RAM_START_ADDRESS = 0x20000000
                0x00010000                RAM_SIZE = 0x10000
                0x00002000                MAIN_STACK_SIZE = 0x2000
                0x00001000                PROCESS_STACK_SIZE = 0x1000
                0x20010000                PROVIDE (__main_stack_start, (RAM_START_ADDRESS + RAM_SIZE))
                0x2000e000                PROVIDE (__process_stack_start, (__main_stack_start - MAIN_STACK_SIZE))
                0x20010000                PROVIDE (_estack, __main_stack_start)
                0x00000000                PROVIDE (__mirrored_nvm, 0x0)

.text           0x20000000     0x8a68
 CREATE_OBJECT_SYMBOLS
                0x20000000                __text_load = LOADADDR (.text)
                0x20000000                __text_start = .
 *(.isr_vector)
 .isr_vector    0x20000000      0x470 C:/Users/rwooster/Documents/cont_servo_test/SoftConsole/cont_servo_test_MSS_MSS_CM3_0/cont_servo_test_MSS_MSS_CM3_0_hw_platform/Debug/CMSIS/startup_gcc/startup_a2fxxxm3.o
                0x20000000                g_pfnVectors
                0x20000298                Reset_Handler
                0x20000308                NMI_Handler
                0x2000030a                HardFault_Handler
                0x2000030c                MemManage_Handler
                0x2000030e                BusFault_Handler
                0x20000310                UsageFault_Handler
                0x20000312                SVC_Handler
                0x20000314                DebugMon_Handler
                0x20000316                PendSV_Handler
                0x20000318                SysTick_Handler
                0x2000031a                WdogWakeup_IRQHandler
                0x2000031c                BrownOut_1_5V_IRQHandler
                0x2000031e                BrownOut_3_3V_IRQHandler
                0x20000320                RTC_Match_IRQHandler
                0x20000322                RTCIF_Pub_IRQHandler
                0x20000324                EthernetMAC_IRQHandler
                0x20000326                IAP_IRQHandler
                0x20000328                ENVM0_IRQHandler
                0x2000032a                ENVM1_IRQHandler
                0x2000032c                DMA_IRQHandler
                0x20000332                SPI0_IRQHandler
                0x20000334                SPI1_IRQHandler
                0x20000338                I2C0_SMBAlert_IRQHandler
                0x2000033a                I2C0_SMBus_IRQHandler
                0x2000033e                I2C1_SMBAlert_IRQHandler
                0x20000340                I2C1_SMBus_IRQHandler
                0x20000344                Timer2_IRQHandler
                0x20000346                PLL_Lock_IRQHandler
                0x20000348                PLL_LockLost_IRQHandler
                0x2000034a                CommError_IRQHandler
                0x2000034c                Fabric_IRQHandler
                0x2000034e                GPIO0_IRQHandler
                0x20000350                GPIO1_IRQHandler
                0x20000352                GPIO2_IRQHandler
                0x20000354                GPIO3_IRQHandler
                0x20000356                GPIO4_IRQHandler
                0x20000358                GPIO5_IRQHandler
                0x2000035a                GPIO6_IRQHandler
                0x2000035c                GPIO7_IRQHandler
                0x2000035e                GPIO8_IRQHandler
                0x20000360                GPIO9_IRQHandler
                0x20000362                GPIO10_IRQHandler
                0x20000364                GPIO11_IRQHandler
                0x20000366                GPIO12_IRQHandler
                0x20000368                GPIO13_IRQHandler
                0x2000036a                GPIO14_IRQHandler
                0x2000036c                GPIO15_IRQHandler
                0x2000036e                GPIO16_IRQHandler
                0x20000370                GPIO17_IRQHandler
                0x20000372                GPIO18_IRQHandler
                0x20000374                GPIO19_IRQHandler
                0x20000376                GPIO20_IRQHandler
                0x20000378                GPIO21_IRQHandler
                0x2000037a                GPIO22_IRQHandler
                0x2000037c                GPIO23_IRQHandler
                0x2000037e                GPIO24_IRQHandler
                0x20000380                GPIO25_IRQHandler
                0x20000382                GPIO26_IRQHandler
                0x20000384                GPIO27_IRQHandler
                0x20000386                GPIO28_IRQHandler
                0x20000388                GPIO29_IRQHandler
                0x2000038a                GPIO30_IRQHandler
                0x2000038c                GPIO31_IRQHandler
                0x2000038e                ACE_PC0_Flag0_IRQHandler
                0x20000390                ACE_PC0_Flag1_IRQHandler
                0x20000392                ACE_PC0_Flag2_IRQHandler
                0x20000394                ACE_PC0_Flag3_IRQHandler
                0x20000396                ACE_PC1_Flag0_IRQHandler
                0x20000398                ACE_PC1_Flag1_IRQHandler
                0x2000039a                ACE_PC1_Flag2_IRQHandler
                0x2000039c                ACE_PC1_Flag3_IRQHandler
                0x2000039e                ACE_PC2_Flag0_IRQHandler
                0x200003a0                ACE_PC2_Flag1_IRQHandler
                0x200003a2                ACE_PC2_Flag2_IRQHandler
                0x200003a4                ACE_PC2_Flag3_IRQHandler
                0x200003a6                ACE_ADC0_DataValid_IRQHandler
                0x200003a8                ACE_ADC1_DataValid_IRQHandler
                0x200003aa                ACE_ADC2_DataValid_IRQHandler
                0x200003ac                ACE_ADC0_CalDone_IRQHandler
                0x200003ae                ACE_ADC1_CalDone_IRQHandler
                0x200003b0                ACE_ADC2_CalDone_IRQHandler
                0x200003b2                ACE_ADC0_CalStart_IRQHandler
                0x200003b4                ACE_ADC1_CalStart_IRQHandler
                0x200003b6                ACE_ADC2_CalStart_IRQHandler
                0x200003b8                ACE_Comp0_Fall_IRQHandler
                0x200003ba                ACE_Comp1_Fall_IRQHandler
                0x200003bc                ACE_Comp2_Fall_IRQHandler
                0x200003be                ACE_Comp3_Fall_IRQHandler
                0x200003c0                ACE_Comp4_Fall_IRQHandler
                0x200003c2                ACE_Comp5_Fall_IRQHandler
                0x200003c4                ACE_Comp6_Fall_IRQHandler
                0x200003c6                ACE_Comp7_Fall_IRQHandler
                0x200003c8                ACE_Comp8_Fall_IRQHandler
                0x200003ca                ACE_Comp9_Fall_IRQHandler
                0x200003cc                ACE_Comp10_Fall_IRQHandler
                0x200003ce                ACE_Comp11_Fall_IRQHandler
                0x200003d0                ACE_Comp0_Rise_IRQHandler
                0x200003d2                ACE_Comp1_Rise_IRQHandler
                0x200003d4                ACE_Comp2_Rise_IRQHandler
                0x200003d6                ACE_Comp3_Rise_IRQHandler
                0x200003d8                ACE_Comp4_Rise_IRQHandler
                0x200003da                ACE_Comp5_Rise_IRQHandler
                0x200003dc                ACE_Comp6_Rise_IRQHandler
                0x200003de                ACE_Comp7_Rise_IRQHandler
                0x200003e0                ACE_Comp8_Rise_IRQHandler
                0x200003e2                ACE_Comp9_Rise_IRQHandler
                0x200003e4                ACE_Comp10_Rise_IRQHandler
                0x200003e6                ACE_Comp11_Rise_IRQHandler
                0x200003e8                ACE_ADC0_FifoFull_IRQHandler
                0x200003ea                ACE_ADC0_FifoAFull_IRQHandler
                0x200003ec                ACE_ADC0_FifoEmpty_IRQHandler
                0x200003ee                ACE_ADC1_FifoFull_IRQHandler
                0x200003f0                ACE_ADC1_FifoAFull_IRQHandler
                0x200003f2                ACE_ADC1_FifoEmpty_IRQHandler
                0x200003f4                ACE_ADC2_FifoFull_IRQHandler
                0x200003f6                ACE_ADC2_FifoAFull_IRQHandler
                0x200003f8                ACE_ADC2_FifoEmpty_IRQHandler
                0x200003fa                ACE_PPE_Flag0_IRQHandler
                0x200003fc                ACE_PPE_Flag1_IRQHandler
                0x200003fe                ACE_PPE_Flag2_IRQHandler
                0x20000400                ACE_PPE_Flag3_IRQHandler
                0x20000402                ACE_PPE_Flag4_IRQHandler
                0x20000404                ACE_PPE_Flag5_IRQHandler
                0x20000406                ACE_PPE_Flag6_IRQHandler
                0x20000408                ACE_PPE_Flag7_IRQHandler
                0x2000040a                ACE_PPE_Flag8_IRQHandler
                0x2000040c                ACE_PPE_Flag9_IRQHandler
                0x2000040e                ACE_PPE_Flag10_IRQHandler
                0x20000410                ACE_PPE_Flag11_IRQHandler
                0x20000412                ACE_PPE_Flag12_IRQHandler
                0x20000414                ACE_PPE_Flag13_IRQHandler
                0x20000416                ACE_PPE_Flag14_IRQHandler
                0x20000418                ACE_PPE_Flag15_IRQHandler
                0x2000041a                ACE_PPE_Flag16_IRQHandler
                0x2000041c                ACE_PPE_Flag17_IRQHandler
                0x2000041e                ACE_PPE_Flag18_IRQHandler
                0x20000420                ACE_PPE_Flag19_IRQHandler
                0x20000422                ACE_PPE_Flag20_IRQHandler
                0x20000424                ACE_PPE_Flag21_IRQHandler
                0x20000426                ACE_PPE_Flag22_IRQHandler
                0x20000428                ACE_PPE_Flag23_IRQHandler
                0x2000042a                ACE_PPE_Flag24_IRQHandler
                0x2000042c                ACE_PPE_Flag25_IRQHandler
                0x2000042e                ACE_PPE_Flag26_IRQHandler
                0x20000430                ACE_PPE_Flag27_IRQHandler
                0x20000432                ACE_PPE_Flag28_IRQHandler
                0x20000434                ACE_PPE_Flag29_IRQHandler
                0x20000436                ACE_PPE_Flag30_IRQHandler
                0x20000438                ACE_PPE_Flag31_IRQHandler
 *(.text .text.* .gnu.linkonce.t.*)
 .text          0x20000470       0x30 c:/actel/libero_v9.1/softconsole/sourcery-g++/bin/../lib/gcc/arm-none-eabi/4.4.1/thumb2/crtbegin.o
 .text.imu_init
                0x200004a0       0x14 ./imu.o
                0x200004a0                imu_init
 .text.imu_accl_y
                0x200004b4       0x44 ./imu.o
                0x200004b4                imu_accl_y
 .text.imu_write
                0x200004f8       0x4c ./imu.o
                0x200004f8                imu_write
 .text.imu_read
                0x20000544       0x70 ./imu.o
                0x20000544                imu_read
 .text.NVIC_EnableIRQ
                0x200005b4       0x38 ./main.o
 .text.NVIC_DisableIRQ
                0x200005ec       0x3c ./main.o
 .text.NVIC_ClearPendingIRQ
                0x20000628       0x3c ./main.o
 .text.MSS_TIM1_init
                0x20000664       0x84 ./main.o
 .text.MSS_TIM1_start
                0x200006e8       0x1c ./main.o
 .text.MSS_TIM1_load_background
                0x20000704       0x20 ./main.o
 .text.MSS_TIM1_enable_irq
                0x20000724       0x20 ./main.o
 .text.MSS_TIM1_clear_irq
                0x20000744       0x1c ./main.o
 .text.Timer1_IRQHandler
                0x20000760       0xf8 ./main.o
                0x20000760                Timer1_IRQHandler
 .text.main     0x20000858       0x58 ./main.o
                0x20000858                main
 .text._close   0x200008b0       0x18 C:/Users/rwooster/Documents/cont_servo_test/SoftConsole/cont_servo_test_MSS_MSS_CM3_0/cont_servo_test_MSS_MSS_CM3_0_hw_platform/Debug/CMSIS/startup_gcc/newlib_stubs.o
                0x200008b0                _close
 .text._exit    0x200008c8        0xc C:/Users/rwooster/Documents/cont_servo_test/SoftConsole/cont_servo_test_MSS_MSS_CM3_0/cont_servo_test_MSS_MSS_CM3_0_hw_platform/Debug/CMSIS/startup_gcc/newlib_stubs.o
                0x200008c8                _exit
 .text._fstat   0x200008d4       0x24 C:/Users/rwooster/Documents/cont_servo_test/SoftConsole/cont_servo_test_MSS_MSS_CM3_0/cont_servo_test_MSS_MSS_CM3_0_hw_platform/Debug/CMSIS/startup_gcc/newlib_stubs.o
                0x200008d4                _fstat
 .text._isatty  0x200008f8       0x18 C:/Users/rwooster/Documents/cont_servo_test/SoftConsole/cont_servo_test_MSS_MSS_CM3_0/cont_servo_test_MSS_MSS_CM3_0_hw_platform/Debug/CMSIS/startup_gcc/newlib_stubs.o
                0x200008f8                _isatty
 .text._lseek   0x20000910       0x1c C:/Users/rwooster/Documents/cont_servo_test/SoftConsole/cont_servo_test_MSS_MSS_CM3_0/cont_servo_test_MSS_MSS_CM3_0_hw_platform/Debug/CMSIS/startup_gcc/newlib_stubs.o
                0x20000910                _lseek
 .text._read    0x2000092c       0x1c C:/Users/rwooster/Documents/cont_servo_test/SoftConsole/cont_servo_test_MSS_MSS_CM3_0/cont_servo_test_MSS_MSS_CM3_0_hw_platform/Debug/CMSIS/startup_gcc/newlib_stubs.o
                0x2000092c                _read
 .text._write_r
                0x20000948       0x5c C:/Users/rwooster/Documents/cont_servo_test/SoftConsole/cont_servo_test_MSS_MSS_CM3_0/cont_servo_test_MSS_MSS_CM3_0_hw_platform/Debug/CMSIS/startup_gcc/newlib_stubs.o
                0x20000948                _write_r
 .text._sbrk    0x200009a4       0x94 C:/Users/rwooster/Documents/cont_servo_test/SoftConsole/cont_servo_test_MSS_MSS_CM3_0/cont_servo_test_MSS_MSS_CM3_0_hw_platform/Debug/CMSIS/startup_gcc/newlib_stubs.o
                0x200009a4                _sbrk
 .text.NVIC_ClearPendingIRQ
                0x20000a38       0x3c C:\Users\rwooster\Documents\cont_servo_test\SoftConsole\cont_servo_test_MSS_MSS_CM3_0\cont_servo_test_MSS_MSS_CM3_0_hw_platform\Debug\libcont_servo_test_MSS_MSS_CM3_0_hw_platform.a(mss_uart.o)
 .text.MSS_UART_init
                0x20000a74      0x204 C:\Users\rwooster\Documents\cont_servo_test\SoftConsole\cont_servo_test_MSS_MSS_CM3_0\cont_servo_test_MSS_MSS_CM3_0_hw_platform\Debug\libcont_servo_test_MSS_MSS_CM3_0_hw_platform.a(mss_uart.o)
                0x20000a74                MSS_UART_init
 .text.MSS_UART_polled_tx
                0x20000c78       0xe4 C:\Users\rwooster\Documents\cont_servo_test\SoftConsole\cont_servo_test_MSS_MSS_CM3_0\cont_servo_test_MSS_MSS_CM3_0_hw_platform\Debug\libcont_servo_test_MSS_MSS_CM3_0_hw_platform.a(mss_uart.o)
                0x20000c78                MSS_UART_polled_tx
 .text.MSS_UART_isr
                0x20000d5c      0x11c C:\Users\rwooster\Documents\cont_servo_test\SoftConsole\cont_servo_test_MSS_MSS_CM3_0\cont_servo_test_MSS_MSS_CM3_0_hw_platform\Debug\libcont_servo_test_MSS_MSS_CM3_0_hw_platform.a(mss_uart.o)
 .text.default_tx_handler
                0x20000e78      0x108 C:\Users\rwooster\Documents\cont_servo_test\SoftConsole\cont_servo_test_MSS_MSS_CM3_0\cont_servo_test_MSS_MSS_CM3_0_hw_platform\Debug\libcont_servo_test_MSS_MSS_CM3_0_hw_platform.a(mss_uart.o)
 .text.UART0_IRQHandler
                0x20000f80       0x2c C:\Users\rwooster\Documents\cont_servo_test\SoftConsole\cont_servo_test_MSS_MSS_CM3_0\cont_servo_test_MSS_MSS_CM3_0_hw_platform\Debug\libcont_servo_test_MSS_MSS_CM3_0_hw_platform.a(mss_uart.o)
                0x20000f80                UART0_IRQHandler
 .text.UART1_IRQHandler
                0x20000fac       0x2c C:\Users\rwooster\Documents\cont_servo_test\SoftConsole\cont_servo_test_MSS_MSS_CM3_0\cont_servo_test_MSS_MSS_CM3_0_hw_platform\Debug\libcont_servo_test_MSS_MSS_CM3_0_hw_platform.a(mss_uart.o)
                0x20000fac                UART1_IRQHandler
 .text.NVIC_EnableIRQ
                0x20000fd8       0x38 C:\Users\rwooster\Documents\cont_servo_test\SoftConsole\cont_servo_test_MSS_MSS_CM3_0\cont_servo_test_MSS_MSS_CM3_0_hw_platform\Debug\libcont_servo_test_MSS_MSS_CM3_0_hw_platform.a(mss_i2c.o)
 .text.NVIC_DisableIRQ
                0x20001010       0x3c C:\Users\rwooster\Documents\cont_servo_test\SoftConsole\cont_servo_test_MSS_MSS_CM3_0\cont_servo_test_MSS_MSS_CM3_0_hw_platform\Debug\libcont_servo_test_MSS_MSS_CM3_0_hw_platform.a(mss_i2c.o)
 .text.NVIC_ClearPendingIRQ
                0x2000104c       0x3c C:\Users\rwooster\Documents\cont_servo_test\SoftConsole\cont_servo_test_MSS_MSS_CM3_0\cont_servo_test_MSS_MSS_CM3_0_hw_platform\Debug\libcont_servo_test_MSS_MSS_CM3_0_hw_platform.a(mss_i2c.o)
 .text.MSS_I2C_init
                0x20001088      0x19c C:\Users\rwooster\Documents\cont_servo_test\SoftConsole\cont_servo_test_MSS_MSS_CM3_0\cont_servo_test_MSS_MSS_CM3_0_hw_platform\Debug\libcont_servo_test_MSS_MSS_CM3_0_hw_platform.a(mss_i2c.o)
                0x20001088                MSS_I2C_init
 .text.MSS_I2C_write
                0x20001224       0xc4 C:\Users\rwooster\Documents\cont_servo_test\SoftConsole\cont_servo_test_MSS_MSS_CM3_0\cont_servo_test_MSS_MSS_CM3_0_hw_platform\Debug\libcont_servo_test_MSS_MSS_CM3_0_hw_platform.a(mss_i2c.o)
                0x20001224                MSS_I2C_write
 .text.MSS_I2C_read
                0x200012e8       0xc8 C:\Users\rwooster\Documents\cont_servo_test\SoftConsole\cont_servo_test_MSS_MSS_CM3_0\cont_servo_test_MSS_MSS_CM3_0_hw_platform\Debug\libcont_servo_test_MSS_MSS_CM3_0_hw_platform.a(mss_i2c.o)
                0x200012e8                MSS_I2C_read
 .text.MSS_I2C_wait_complete
                0x200013b0       0x48 C:\Users\rwooster\Documents\cont_servo_test\SoftConsole\cont_servo_test_MSS_MSS_CM3_0\cont_servo_test_MSS_MSS_CM3_0_hw_platform\Debug\libcont_servo_test_MSS_MSS_CM3_0_hw_platform.a(mss_i2c.o)
                0x200013b0                MSS_I2C_wait_complete
 .text.mss_i2c_isr
                0x200013f8      0x6f4 C:\Users\rwooster\Documents\cont_servo_test\SoftConsole\cont_servo_test_MSS_MSS_CM3_0\cont_servo_test_MSS_MSS_CM3_0_hw_platform\Debug\libcont_servo_test_MSS_MSS_CM3_0_hw_platform.a(mss_i2c.o)
 .text.disable_interrupts
                0x20001aec       0x1c C:\Users\rwooster\Documents\cont_servo_test\SoftConsole\cont_servo_test_MSS_MSS_CM3_0\cont_servo_test_MSS_MSS_CM3_0_hw_platform\Debug\libcont_servo_test_MSS_MSS_CM3_0_hw_platform.a(mss_i2c.o)
 .text.restore_interrupts
                0x20001b08       0x18 C:\Users\rwooster\Documents\cont_servo_test\SoftConsole\cont_servo_test_MSS_MSS_CM3_0\cont_servo_test_MSS_MSS_CM3_0_hw_platform\Debug\libcont_servo_test_MSS_MSS_CM3_0_hw_platform.a(mss_i2c.o)
 .text.I2C0_IRQHandler
                0x20001b20       0x2c C:\Users\rwooster\Documents\cont_servo_test\SoftConsole\cont_servo_test_MSS_MSS_CM3_0\cont_servo_test_MSS_MSS_CM3_0_hw_platform\Debug\libcont_servo_test_MSS_MSS_CM3_0_hw_platform.a(mss_i2c.o)
                0x20001b20                I2C0_IRQHandler
 .text.I2C1_IRQHandler
                0x20001b4c       0x2c C:\Users\rwooster\Documents\cont_servo_test\SoftConsole\cont_servo_test_MSS_MSS_CM3_0\cont_servo_test_MSS_MSS_CM3_0_hw_platform\Debug\libcont_servo_test_MSS_MSS_CM3_0_hw_platform.a(mss_i2c.o)
                0x20001b4c                I2C1_IRQHandler
 .text.NVIC_ClearPendingIRQ
                0x20001b78       0x3c C:\Users\rwooster\Documents\cont_servo_test\SoftConsole\cont_servo_test_MSS_MSS_CM3_0\cont_servo_test_MSS_MSS_CM3_0_hw_platform\Debug\libcont_servo_test_MSS_MSS_CM3_0_hw_platform.a(mss_gpio.o)
 .text.MSS_GPIO_init
                0x20001bb4       0x6c C:\Users\rwooster\Documents\cont_servo_test\SoftConsole\cont_servo_test_MSS_MSS_CM3_0\cont_servo_test_MSS_MSS_CM3_0_hw_platform\Debug\libcont_servo_test_MSS_MSS_CM3_0_hw_platform.a(mss_gpio.o)
                0x20001bb4                MSS_GPIO_init
 .text.MSS_GPIO_config
                0x20001c20       0x3c C:\Users\rwooster\Documents\cont_servo_test\SoftConsole\cont_servo_test_MSS_MSS_CM3_0\cont_servo_test_MSS_MSS_CM3_0_hw_platform\Debug\libcont_servo_test_MSS_MSS_CM3_0_hw_platform.a(mss_gpio.o)
                0x20001c20                MSS_GPIO_config
 .text.__get_PRIMASK
                0x20001c5c       0x20 C:\Users\rwooster\Documents\cont_servo_test\SoftConsole\cont_servo_test_MSS_MSS_CM3_0\cont_servo_test_MSS_MSS_CM3_0_hw_platform\Debug\libcont_servo_test_MSS_MSS_CM3_0_hw_platform.a(core_cm3.o)
                0x20001c5c                __get_PRIMASK
 .text.__set_PRIMASK
                0x20001c7c       0x18 C:\Users\rwooster\Documents\cont_servo_test\SoftConsole\cont_servo_test_MSS_MSS_CM3_0\cont_servo_test_MSS_MSS_CM3_0_hw_platform\Debug\libcont_servo_test_MSS_MSS_CM3_0_hw_platform.a(core_cm3.o)
                0x20001c7c                __set_PRIMASK
 .text.SystemInit
                0x20001c94        0xc C:\Users\rwooster\Documents\cont_servo_test\SoftConsole\cont_servo_test_MSS_MSS_CM3_0\cont_servo_test_MSS_MSS_CM3_0_hw_platform\Debug\libcont_servo_test_MSS_MSS_CM3_0_hw_platform.a(system_a2fxxxm3.o)
                0x20001c94                SystemInit
 .text.SystemCoreClockUpdate
                0x20001ca0      0x150 C:\Users\rwooster\Documents\cont_servo_test\SoftConsole\cont_servo_test_MSS_MSS_CM3_0\cont_servo_test_MSS_MSS_CM3_0_hw_platform\Debug\libcont_servo_test_MSS_MSS_CM3_0_hw_platform.a(system_a2fxxxm3.o)
                0x20001ca0                SystemCoreClockUpdate
 .text.GetSystemClock
                0x20001df0       0xe8 C:\Users\rwooster\Documents\cont_servo_test\SoftConsole\cont_servo_test_MSS_MSS_CM3_0\cont_servo_test_MSS_MSS_CM3_0_hw_platform\Debug\libcont_servo_test_MSS_MSS_CM3_0_hw_platform.a(system_a2fxxxm3.o)
 .text          0x20001ed8      0x370 c:/actel/libero_v9.1/softconsole/sourcery-g++/bin/../lib/gcc/arm-none-eabi/4.4.1/thumb2\libgcc.a(_arm_addsubdf3.o)
                0x20001ed8                __aeabi_drsub
                0x20001ee0                __aeabi_dsub
                0x20001ee0                __subdf3
                0x20001ee4                __aeabi_dadd
                0x20001ee4                __adddf3
                0x2000215c                __floatunsidf
                0x2000215c                __aeabi_ui2d
                0x2000217c                __floatsidf
                0x2000217c                __aeabi_i2d
                0x200021a0                __aeabi_f2d
                0x200021a0                __extendsfdf2
                0x200021dc                __floatundidf
                0x200021dc                __aeabi_ul2d
                0x200021ec                __floatdidf
                0x200021ec                __aeabi_l2d
 .text          0x20002248      0x21c c:/actel/libero_v9.1/softconsole/sourcery-g++/bin/../lib/gcc/arm-none-eabi/4.4.1/thumb2\libgcc.a(_arm_addsubsf3.o)
                0x20002248                __aeabi_frsub
                0x20002250                __subsf3
                0x20002250                __aeabi_fsub
                0x20002254                __aeabi_fadd
                0x20002254                __addsf3
                0x200023b4                __aeabi_ui2f
                0x200023b4                __floatunsisf
                0x200023bc                __aeabi_i2f
                0x200023bc                __floatsisf
                0x200023d8                __aeabi_ul2f
                0x200023d8                __floatundisf
                0x200023e8                __aeabi_l2f
                0x200023e8                __floatdisf
 .text          0x20002464      0x2a0 c:/actel/libero_v9.1/softconsole/sourcery-g++/bin/../lib/gcc/arm-none-eabi/4.4.1/thumb2\libgcc.a(_arm_muldivsf3.o)
                0x20002464                __mulsf3
                0x20002464                __aeabi_fmul
                0x200025cc                __aeabi_fdiv
                0x200025cc                __divsf3
 .text          0x20002704       0x50 c:/actel/libero_v9.1/softconsole/sourcery-g++/bin/../lib/gcc/arm-none-eabi/4.4.1/../../../../arm-none-eabi/lib/thumb2\libc.a(lib_a-init.o)
                0x20002704                __libc_init_array
 .text          0x20002754       0x64 c:/actel/libero_v9.1/softconsole/sourcery-g++/bin/../lib/gcc/arm-none-eabi/4.4.1/../../../../arm-none-eabi/lib/thumb2\libc.a(lib_a-printf.o)
                0x20002754                printf
                0x2000278c                _printf_r
 .text          0x200027b8     0x1940 c:/actel/libero_v9.1/softconsole/sourcery-g++/bin/../lib/gcc/arm-none-eabi/4.4.1/../../../../arm-none-eabi/lib/thumb2\libc.a(lib_a-vfprintf.o)
                0x200027d4                _vfprintf_r
                0x200040dc                vfprintf
 .text          0x200040f8      0x104 c:/actel/libero_v9.1/softconsole/sourcery-g++/bin/../lib/gcc/arm-none-eabi/4.4.1/../../../../arm-none-eabi/lib/thumb2\libc.a(lib_a-wsetup.o)
                0x200040f8                __swsetup_r
 *fill*         0x200041fc        0x4 00
 .text          0x20004200      0xfb8 c:/actel/libero_v9.1/softconsole/sourcery-g++/bin/../lib/gcc/arm-none-eabi/4.4.1/../../../../arm-none-eabi/lib/thumb2\libc.a(lib_a-dtoa.o)
                0x20004320                _dtoa_r
 .text          0x200051b8      0x178 c:/actel/libero_v9.1/softconsole/sourcery-g++/bin/../lib/gcc/arm-none-eabi/4.4.1/../../../../arm-none-eabi/lib/thumb2\libc.a(lib_a-fflush.o)
                0x200051b8                _fflush_r
                0x20005308                fflush
 .text          0x20005330      0x1c8 c:/actel/libero_v9.1/softconsole/sourcery-g++/bin/../lib/gcc/arm-none-eabi/4.4.1/../../../../arm-none-eabi/lib/thumb2\libc.a(lib_a-findfp.o)
                0x20005330                __sfp_lock_acquire
                0x20005334                __sfp_lock_release
                0x20005338                __sinit_lock_acquire
                0x2000533c                __sinit_lock_release
                0x20005348                __fp_unlock_all
                0x20005360                __fp_lock_all
                0x20005378                _cleanup_r
                0x20005384                _cleanup
                0x200053e0                __sfmoreglue
                0x20005410                __sfp
                0x20005498                __sinit
 .text          0x200054f8      0x268 c:/actel/libero_v9.1/softconsole/sourcery-g++/bin/../lib/gcc/arm-none-eabi/4.4.1/../../../../arm-none-eabi/lib/thumb2\libc.a(lib_a-freer.o)
                0x200054f8                _malloc_trim_r
                0x200055a0                _free_r
 .text          0x20005760      0x334 c:/actel/libero_v9.1/softconsole/sourcery-g++/bin/../lib/gcc/arm-none-eabi/4.4.1/../../../../arm-none-eabi/lib/thumb2\libc.a(lib_a-fvwrite.o)
                0x20005760                __sfvwrite_r
 .text          0x20005a94       0xa0 c:/actel/libero_v9.1/softconsole/sourcery-g++/bin/../lib/gcc/arm-none-eabi/4.4.1/../../../../arm-none-eabi/lib/thumb2\libc.a(lib_a-fwalk.o)
                0x20005a94                _fwalk_reent
                0x20005ae8                _fwalk
 .text          0x20005b34       0x74 c:/actel/libero_v9.1/softconsole/sourcery-g++/bin/../lib/gcc/arm-none-eabi/4.4.1/../../../../arm-none-eabi/lib/thumb2\libc.a(lib_a-locale.o)
                0x20005b34                __locale_charset
                0x20005b40                _localeconv_r
                0x20005b48                localeconv
                0x20005b50                _setlocale_r
                0x20005b98                setlocale
 .text          0x20005ba8       0xdc c:/actel/libero_v9.1/softconsole/sourcery-g++/bin/../lib/gcc/arm-none-eabi/4.4.1/../../../../arm-none-eabi/lib/thumb2\libc.a(lib_a-makebuf.o)
                0x20005ba8                __smakebuf_r
 .text          0x20005c84       0x20 c:/actel/libero_v9.1/softconsole/sourcery-g++/bin/../lib/gcc/arm-none-eabi/4.4.1/../../../../arm-none-eabi/lib/thumb2\libc.a(lib_a-malloc.o)
                0x20005c84                free
                0x20005c94                malloc
 .text          0x20005ca4      0x5a4 c:/actel/libero_v9.1/softconsole/sourcery-g++/bin/../lib/gcc/arm-none-eabi/4.4.1/../../../../arm-none-eabi/lib/thumb2\libc.a(lib_a-mallocr.o)
                0x20005ca4                _malloc_r
 .text          0x20006248       0x74 c:/actel/libero_v9.1/softconsole/sourcery-g++/bin/../lib/gcc/arm-none-eabi/4.4.1/../../../../arm-none-eabi/lib/thumb2\libc.a(lib_a-memchr.o)
                0x20006248                memchr
 .text          0x200062bc      0x190 c:/actel/libero_v9.1/softconsole/sourcery-g++/bin/../lib/gcc/arm-none-eabi/4.4.1/../../../../arm-none-eabi/lib/thumb2\libc.a(lib_a-memcpy.o)
                0x200062bc                memcpy
 .text          0x2000644c       0xb8 c:/actel/libero_v9.1/softconsole/sourcery-g++/bin/../lib/gcc/arm-none-eabi/4.4.1/../../../../arm-none-eabi/lib/thumb2\libc.a(lib_a-memmove.o)
                0x2000644c                memmove
 .text          0x20006504       0xd4 c:/actel/libero_v9.1/softconsole/sourcery-g++/bin/../lib/gcc/arm-none-eabi/4.4.1/../../../../arm-none-eabi/lib/thumb2\libc.a(lib_a-memset.o)
                0x20006504                memset
 .text          0x200065d8        0x8 c:/actel/libero_v9.1/softconsole/sourcery-g++/bin/../lib/gcc/arm-none-eabi/4.4.1/../../../../arm-none-eabi/lib/thumb2\libc.a(lib_a-mlock.o)
                0x200065d8                __malloc_lock
                0x200065dc                __malloc_unlock
 .text          0x200065e0      0x958 c:/actel/libero_v9.1/softconsole/sourcery-g++/bin/../lib/gcc/arm-none-eabi/4.4.1/../../../../arm-none-eabi/lib/thumb2\libc.a(lib_a-mprec.o)
                0x200065e0                __hi0bits
                0x20006620                __lo0bits
                0x20006684                __mcmp
                0x200066c4                __ulp
                0x20006710                __b2d
                0x200067b8                __ratio
                0x20006818                _mprec_log10
                0x20006850                __copybits
                0x200068a0                __any_on
                0x200068f8                _Bfree
                0x20006930                _Balloc
                0x2000699c                __d2b
                0x20006a6c                __mdiff
                0x20006b64                __lshift
                0x20006c20                __multiply
                0x20006d54                __i2b
                0x20006d68                __multadd
                0x20006df0                __pow5mult
                0x20006e9c                __s2b
 .text          0x20006f38      0x3b4 c:/actel/libero_v9.1/softconsole/sourcery-g++/bin/../lib/gcc/arm-none-eabi/4.4.1/../../../../arm-none-eabi/lib/thumb2\libc.a(lib_a-reallocr.o)
                0x20006f38                _realloc_r
 .text          0x200072ec       0x24 c:/actel/libero_v9.1/softconsole/sourcery-g++/bin/../lib/gcc/arm-none-eabi/4.4.1/../../../../arm-none-eabi/lib/thumb2\libc.a(lib_a-s_isinfd.o)
                0x200072ec                __isinfd
 .text          0x20007310       0x1c c:/actel/libero_v9.1/softconsole/sourcery-g++/bin/../lib/gcc/arm-none-eabi/4.4.1/../../../../arm-none-eabi/lib/thumb2\libc.a(lib_a-s_isnand.o)
                0x20007310                __isnand
 .text          0x2000732c       0x28 c:/actel/libero_v9.1/softconsole/sourcery-g++/bin/../lib/gcc/arm-none-eabi/4.4.1/../../../../arm-none-eabi/lib/thumb2\libc.a(lib_a-sbrkr.o)
                0x2000732c                _sbrk_r
 .text          0x20007354       0x90 c:/actel/libero_v9.1/softconsole/sourcery-g++/bin/../lib/gcc/arm-none-eabi/4.4.1/../../../../arm-none-eabi/lib/thumb2\libc.a(lib_a-stdio.o)
                0x20007354                __sclose
                0x2000735c                __sseek
                0x20007384                __swrite
                0x200073c0                __sread
 .text          0x200073e4      0x1dc c:/actel/libero_v9.1/softconsole/sourcery-g++/bin/../lib/gcc/arm-none-eabi/4.4.1/../../../../arm-none-eabi/lib/thumb2\libc.a(lib_a-strcmp.o)
                0x200073e4                strcmp
 .text          0x200075c0       0x60 c:/actel/libero_v9.1/softconsole/sourcery-g++/bin/../lib/gcc/arm-none-eabi/4.4.1/../../../../arm-none-eabi/lib/thumb2\libc.a(lib_a-strlen.o)
                0x200075c0                strlen
 .text          0x20007620       0x5c c:/actel/libero_v9.1/softconsole/sourcery-g++/bin/../lib/gcc/arm-none-eabi/4.4.1/../../../../arm-none-eabi/lib/thumb2\libc.a(lib_a-callocr.o)
                0x20007620                _calloc_r
 .text          0x2000767c       0x28 c:/actel/libero_v9.1/softconsole/sourcery-g++/bin/../lib/gcc/arm-none-eabi/4.4.1/../../../../arm-none-eabi/lib/thumb2\libc.a(lib_a-closer.o)
                0x2000767c                _close_r
 .text          0x200076a4       0xcc c:/actel/libero_v9.1/softconsole/sourcery-g++/bin/../lib/gcc/arm-none-eabi/4.4.1/../../../../arm-none-eabi/lib/thumb2\libc.a(lib_a-fclose.o)
                0x200076a4                _fclose_r
                0x20007760                fclose
 .text          0x20007770       0x2c c:/actel/libero_v9.1/softconsole/sourcery-g++/bin/../lib/gcc/arm-none-eabi/4.4.1/../../../../arm-none-eabi/lib/thumb2\libc.a(lib_a-fstatr.o)
                0x20007770                _fstat_r
 .text          0x2000779c       0x28 c:/actel/libero_v9.1/softconsole/sourcery-g++/bin/../lib/gcc/arm-none-eabi/4.4.1/../../../../arm-none-eabi/lib/thumb2\libc.a(lib_a-isattyr.o)
                0x2000779c                _isatty_r
 .text          0x200077c4       0x2c c:/actel/libero_v9.1/softconsole/sourcery-g++/bin/../lib/gcc/arm-none-eabi/4.4.1/../../../../arm-none-eabi/lib/thumb2\libc.a(lib_a-lseekr.o)
                0x200077c4                _lseek_r
 .text          0x200077f0       0x2c c:/actel/libero_v9.1/softconsole/sourcery-g++/bin/../lib/gcc/arm-none-eabi/4.4.1/../../../../arm-none-eabi/lib/thumb2\libc.a(lib_a-readr.o)
                0x200077f0                _read_r
 *fill*         0x2000781c        0x4 00
 .text          0x20007820      0x278 c:/actel/libero_v9.1/softconsole/sourcery-g++/bin/../lib/gcc/arm-none-eabi/4.4.1/thumb2\libgcc.a(_udivsi3.o)
                0x20007820                __aeabi_uidiv
                0x20007820                __udivsi3
                0x20007a7c                __aeabi_uidivmod
 .text          0x20007a98        0x4 c:/actel/libero_v9.1/softconsole/sourcery-g++/bin/../lib/gcc/arm-none-eabi/4.4.1/thumb2\libgcc.a(_dvmd_tls.o)
                0x20007a98                __aeabi_idiv0
                0x20007a98                __aeabi_ldiv0
 .text          0x20007a9c      0x424 c:/actel/libero_v9.1/softconsole/sourcery-g++/bin/../lib/gcc/arm-none-eabi/4.4.1/thumb2\libgcc.a(_arm_muldivdf3.o)
                0x20007a9c                __aeabi_dmul
                0x20007a9c                __muldf3
                0x20007cf0                __divdf3
                0x20007cf0                __aeabi_ddiv
 .text          0x20007ec0      0x110 c:/actel/libero_v9.1/softconsole/sourcery-g++/bin/../lib/gcc/arm-none-eabi/4.4.1/thumb2\libgcc.a(_arm_cmpdf2.o)
                0x20007ec0                __gtdf2
                0x20007ec0                __gedf2
                0x20007ec8                __ltdf2
                0x20007ec8                __ledf2
                0x20007ed0                __nedf2
                0x20007ed0                __eqdf2
                0x20007ed0                __cmpdf2
                0x20007f4c                __aeabi_cdrcmple
                0x20007f5c                __aeabi_cdcmpeq
                0x20007f5c                __aeabi_cdcmple
                0x20007f6c                __aeabi_dcmpeq
                0x20007f80                __aeabi_dcmplt
                0x20007f94                __aeabi_dcmple
                0x20007fa8                __aeabi_dcmpge
                0x20007fbc                __aeabi_dcmpgt
 .text          0x20007fd0       0x50 c:/actel/libero_v9.1/softconsole/sourcery-g++/bin/../lib/gcc/arm-none-eabi/4.4.1/thumb2\libgcc.a(_arm_fixdfsi.o)
                0x20007fd0                __aeabi_d2iz
                0x20007fd0                __fixdfsi
 .text          0x20008020       0x2c c:/actel/libero_v9.1/softconsole/sourcery-g++/bin/../lib/gcc/arm-none-eabi/4.4.1/thumb2\libgcc.a(_aeabi_uldivmod.o)
                0x20008020                __aeabi_uldivmod
 .text          0x2000804c       0x58 c:/actel/libero_v9.1/softconsole/sourcery-g++/bin/../lib/gcc/arm-none-eabi/4.4.1/thumb2\libgcc.a(bpabi.o)
                0x2000804c                __gnu_uldivmod_helper
                0x20008078                __gnu_ldivmod_helper
 .text          0x200080a4      0x364 c:/actel/libero_v9.1/softconsole/sourcery-g++/bin/../lib/gcc/arm-none-eabi/4.4.1/thumb2\libgcc.a(_divdi3.o)
                0x200080a4                __divdi3
 .text          0x20008408      0x300 c:/actel/libero_v9.1/softconsole/sourcery-g++/bin/../lib/gcc/arm-none-eabi/4.4.1/thumb2\libgcc.a(_udivdi3.o)
                0x20008408                __udivdi3
 *(.plt)
 *(.gnu.warning)
 *(.glue_7t)
 .glue_7t       0x00000000        0x0 linker stubs
 *(.glue_7)
 .glue_7        0x00000000        0x0 linker stubs
 *(.vfp11_veneer)
 .vfp11_veneer  0x00000000        0x0 linker stubs
                0x20008708                . = ALIGN (0x4)
 *crtbegin.o(.ctors)
 *(EXCLUDE_FILE(*crtend.o) .ctors)
 *(SORT(.ctors.*))
 *crtend.o(.ctors)
 *crtbegin.o(.dtors)
 *(EXCLUDE_FILE(*crtend.o) .dtors)
 *(SORT(.dtors.*))
 *crtend.o(.dtors)
 *(.rodata .rodata.* .gnu.linkonce.r.*)
 .rodata        0x20008708        0xc ./main.o
 .rodata        0x20008714       0x1c C:/Users/rwooster/Documents/cont_servo_test/SoftConsole/cont_servo_test_MSS_MSS_CM3_0/cont_servo_test_MSS_MSS_CM3_0_hw_platform/Debug/CMSIS/startup_gcc/newlib_stubs.o
 .rodata.g_config_reg_lut
                0x20008730       0x80 C:\Users\rwooster\Documents\cont_servo_test\SoftConsole\cont_servo_test_MSS_MSS_CM3_0\cont_servo_test_MSS_MSS_CM3_0_hw_platform\Debug\libcont_servo_test_MSS_MSS_CM3_0_hw_platform.a(mss_gpio.o)
 .rodata.g_gpio_irqn_lut
                0x200087b0       0x40 C:\Users\rwooster\Documents\cont_servo_test\SoftConsole\cont_servo_test_MSS_MSS_CM3_0\cont_servo_test_MSS_MSS_CM3_0_hw_platform\Debug\libcont_servo_test_MSS_MSS_CM3_0_hw_platform.a(mss_gpio.o)
 .rodata.C.18.2576
                0x200087f0       0x10 C:\Users\rwooster\Documents\cont_servo_test\SoftConsole\cont_servo_test_MSS_MSS_CM3_0\cont_servo_test_MSS_MSS_CM3_0_hw_platform\Debug\libcont_servo_test_MSS_MSS_CM3_0_hw_platform.a(system_a2fxxxm3.o)
 .rodata        0x20008800        0x4 c:/actel/libero_v9.1/softconsole/sourcery-g++/bin/../lib/gcc/arm-none-eabi/4.4.1/../../../../arm-none-eabi/lib/thumb2\libc.a(lib_a-impure.o)
                0x20008800                _global_impure_ptr
 .rodata.str1.4
                0x20008804        0x2 c:/actel/libero_v9.1/softconsole/sourcery-g++/bin/../lib/gcc/arm-none-eabi/4.4.1/../../../../arm-none-eabi/lib/thumb2\libc.a(lib_a-impure.o)
                                  0x4 (size before relaxing)
 *fill*         0x20008806        0x2 00
 .rodata        0x20008808       0x20 c:/actel/libero_v9.1/softconsole/sourcery-g++/bin/../lib/gcc/arm-none-eabi/4.4.1/../../../../arm-none-eabi/lib/thumb2\libc.a(lib_a-vfprintf.o)
 .rodata.str1.4
                0x20008828       0x42 c:/actel/libero_v9.1/softconsole/sourcery-g++/bin/../lib/gcc/arm-none-eabi/4.4.1/../../../../arm-none-eabi/lib/thumb2\libc.a(lib_a-vfprintf.o)
                                 0x44 (size before relaxing)
 *fill*         0x2000886a        0x2 00
 .rodata.str1.4
                0x2000886c       0x10 c:/actel/libero_v9.1/softconsole/sourcery-g++/bin/../lib/gcc/arm-none-eabi/4.4.1/../../../../arm-none-eabi/lib/thumb2\libc.a(lib_a-dtoa.o)
                                 0x14 (size before relaxing)
 .rodata        0x2000887c       0x60 c:/actel/libero_v9.1/softconsole/sourcery-g++/bin/../lib/gcc/arm-none-eabi/4.4.1/../../../../arm-none-eabi/lib/thumb2\libc.a(lib_a-findfp.o)
                0x2000887c                __sf_fake_stdin
                0x2000889c                __sf_fake_stdout
                0x200088bc                __sf_fake_stderr
 .rodata        0x200088dc       0x34 c:/actel/libero_v9.1/softconsole/sourcery-g++/bin/../lib/gcc/arm-none-eabi/4.4.1/../../../../arm-none-eabi/lib/thumb2\libc.a(lib_a-locale.o)
 .rodata.str1.4
                0x20008910       0x10 c:/actel/libero_v9.1/softconsole/sourcery-g++/bin/../lib/gcc/arm-none-eabi/4.4.1/../../../../arm-none-eabi/lib/thumb2\libc.a(lib_a-locale.o)
                                 0x18 (size before relaxing)
 .rodata        0x20008920      0x128 c:/actel/libero_v9.1/softconsole/sourcery-g++/bin/../lib/gcc/arm-none-eabi/4.4.1/../../../../arm-none-eabi/lib/thumb2\libc.a(lib_a-mprec.o)
                0x20008920                __mprec_tens
                0x200089f8                __mprec_bigtens
                0x20008a20                __mprec_tinytens
 *(.ARM.extab* .gnu.linkonce.armextab.*)
 *(.gcc_except_table)
 *(.eh_frame_hdr)
 *(.eh_frame)
 *(.init)
 .init          0x20008a48        0x4 c:/actel/libero_v9.1/softconsole/sourcery-g++/bin/../lib/gcc/arm-none-eabi/4.4.1/thumb2/crti.o
                0x20008a48                _init
 .init          0x20008a4c        0x8 c:/actel/libero_v9.1/softconsole/sourcery-g++/bin/../lib/gcc/arm-none-eabi/4.4.1/thumb2/crtn.o
 *(.fini)
 .fini          0x20008a54        0x4 c:/actel/libero_v9.1/softconsole/sourcery-g++/bin/../lib/gcc/arm-none-eabi/4.4.1/thumb2/crti.o
                0x20008a54                _fini
 .fini          0x20008a58        0x8 c:/actel/libero_v9.1/softconsole/sourcery-g++/bin/../lib/gcc/arm-none-eabi/4.4.1/thumb2/crtn.o
                0x20008a60                PROVIDE (__preinit_array_start, .)
 *(.preinit_array)
                0x20008a60                PROVIDE (__preinit_array_end, .)
                0x20008a60                PROVIDE (__init_array_start, .)
 *(SORT(.init_array.*))
 *(.init_array)
 .init_array    0x20008a60        0x4 c:/actel/libero_v9.1/softconsole/sourcery-g++/bin/../lib/gcc/arm-none-eabi/4.4.1/thumb2/crtbegin.o
                0x20008a64                PROVIDE (__init_array_end, .)
                0x20008a64                PROVIDE (__fini_array_start, .)
 *(.fini_array)
 .fini_array    0x20008a64        0x4 c:/actel/libero_v9.1/softconsole/sourcery-g++/bin/../lib/gcc/arm-none-eabi/4.4.1/thumb2/crtbegin.o
 *(SORT(.fini_array.*))
                0x20008a68                PROVIDE (__fini_array_end, .)
                0x20008a68                __exidx_start = .

.v4_bx          0x20008a68        0x0
 .v4_bx         0x00000000        0x0 linker stubs

.ARM.exidx      0x20008a68        0x8
 *(.ARM.exidx* .gnu.linkonce.armexidx.*)
 .ARM.exidx     0x20008a68        0x8 c:/actel/libero_v9.1/softconsole/sourcery-g++/bin/../lib/gcc/arm-none-eabi/4.4.1/thumb2\libgcc.a(_divdi3.o)
 .ARM.exidx     0x20008a70        0x0 c:/actel/libero_v9.1/softconsole/sourcery-g++/bin/../lib/gcc/arm-none-eabi/4.4.1/thumb2\libgcc.a(_udivdi3.o)
                                  0x8 (size before relaxing)
                0x20008a70                __exidx_end = .
                0x20008a70                _etext = .
                0x20008a70                PROVIDE (__text_end, .)

.data           0x20008a70      0x520
                0x20008a70                __data_load = LOADADDR (.data)
                0x20008a70                _sidata = LOADADDR (.data)
                0x20008a70                __data_start = .
                0x20008a70                _sdata = .
 *(.jcr)
 .jcr           0x20008a70        0x0 c:/actel/libero_v9.1/softconsole/sourcery-g++/bin/../lib/gcc/arm-none-eabi/4.4.1/thumb2/crtbegin.o
 .jcr           0x20008a70        0x4 c:/actel/libero_v9.1/softconsole/sourcery-g++/bin/../lib/gcc/arm-none-eabi/4.4.1/thumb2/crtend.o
 *(.got.plt)
 *(.got)
 *(.shdata)
 *(.data .data.* .gnu.linkonce.d.*)
 .data.SystemFrequency
                0x20008a74        0x4 C:\Users\rwooster\Documents\cont_servo_test\SoftConsole\cont_servo_test_MSS_MSS_CM3_0\cont_servo_test_MSS_MSS_CM3_0_hw_platform\Debug\libcont_servo_test_MSS_MSS_CM3_0_hw_platform.a(system_a2fxxxm3.o)
                0x20008a74                SystemFrequency
 .data.SystemCoreClock
                0x20008a78        0x4 C:\Users\rwooster\Documents\cont_servo_test\SoftConsole\cont_servo_test_MSS_MSS_CM3_0\cont_servo_test_MSS_MSS_CM3_0_hw_platform\Debug\libcont_servo_test_MSS_MSS_CM3_0_hw_platform.a(system_a2fxxxm3.o)
                0x20008a78                SystemCoreClock
 .data.g_FrequencyPCLK0
                0x20008a7c        0x4 C:\Users\rwooster\Documents\cont_servo_test\SoftConsole\cont_servo_test_MSS_MSS_CM3_0\cont_servo_test_MSS_MSS_CM3_0_hw_platform\Debug\libcont_servo_test_MSS_MSS_CM3_0_hw_platform.a(system_a2fxxxm3.o)
                0x20008a7c                g_FrequencyPCLK0
 .data.g_FrequencyPCLK1
                0x20008a80        0x4 C:\Users\rwooster\Documents\cont_servo_test\SoftConsole\cont_servo_test_MSS_MSS_CM3_0\cont_servo_test_MSS_MSS_CM3_0_hw_platform\Debug\libcont_servo_test_MSS_MSS_CM3_0_hw_platform.a(system_a2fxxxm3.o)
                0x20008a80                g_FrequencyPCLK1
 .data.g_FrequencyACE
                0x20008a84        0x4 C:\Users\rwooster\Documents\cont_servo_test\SoftConsole\cont_servo_test_MSS_MSS_CM3_0\cont_servo_test_MSS_MSS_CM3_0_hw_platform\Debug\libcont_servo_test_MSS_MSS_CM3_0_hw_platform.a(system_a2fxxxm3.o)
                0x20008a84                g_FrequencyACE
 .data.g_FrequencyFPGA
                0x20008a88        0x4 C:\Users\rwooster\Documents\cont_servo_test\SoftConsole\cont_servo_test_MSS_MSS_CM3_0\cont_servo_test_MSS_MSS_CM3_0_hw_platform\Debug\libcont_servo_test_MSS_MSS_CM3_0_hw_platform.a(system_a2fxxxm3.o)
                0x20008a88                g_FrequencyFPGA
 .data          0x20008a8c       0xf4 c:/actel/libero_v9.1/softconsole/sourcery-g++/bin/../lib/gcc/arm-none-eabi/4.4.1/../../../../arm-none-eabi/lib/thumb2\libc.a(lib_a-impure.o)
                0x20008a8c                _impure_ptr
 .data          0x20008b80      0x410 c:/actel/libero_v9.1/softconsole/sourcery-g++/bin/../lib/gcc/arm-none-eabi/4.4.1/../../../../arm-none-eabi/lib/thumb2\libc.a(lib_a-mallocr.o)
                0x20008b80                __malloc_av_
                0x20008f88                __malloc_sbrk_base
                0x20008f8c                __malloc_trim_threshold
                0x20008f90                . = ALIGN (0x4)
                0x20008f90                _edata = .

.bss            0x20008f90      0x8f8
                0x20008f90                __bss_start__ = .
                0x20008f90                _sbss = .
 *(.shbss)
 *(.bss .bss.* .gnu.linkonce.b.*)
 .bss           0x20008f90        0x1 c:/actel/libero_v9.1/softconsole/sourcery-g++/bin/../lib/gcc/arm-none-eabi/4.4.1/thumb2/crtbegin.o
 *fill*         0x20008f91        0x3 00
 .bss.index.3878
                0x20008f94        0x4 ./main.o
 .bss.array.3877
                0x20008f98      0x7d0 ./main.o
 .bss.g_stdio_uart_init_done
                0x20009768        0x4 C:/Users/rwooster/Documents/cont_servo_test/SoftConsole/cont_servo_test_MSS_MSS_CM3_0/cont_servo_test_MSS_MSS_CM3_0_hw_platform/Debug/CMSIS/startup_gcc/newlib_stubs.o
 .bss.heap_end.3594
                0x2000976c        0x4 C:/Users/rwooster/Documents/cont_servo_test/SoftConsole/cont_servo_test_MSS_MSS_CM3_0/cont_servo_test_MSS_MSS_CM3_0_hw_platform/Debug/CMSIS/startup_gcc/newlib_stubs.o
 .bss           0x20009770       0x34 c:/actel/libero_v9.1/softconsole/sourcery-g++/bin/../lib/gcc/arm-none-eabi/4.4.1/../../../../arm-none-eabi/lib/thumb2\libc.a(lib_a-mallocr.o)
                0x20009770                __malloc_top_pad
                0x20009774                __malloc_current_mallinfo
                0x2000979c                __malloc_max_sbrked_mem
                0x200097a0                __malloc_max_total_mem
 *(COMMON)
 COMMON         0x200097a4        0x2 ./main.o
                0x200097a4                x_gyro
 *fill*         0x200097a6        0x2 00
 COMMON         0x200097a8       0x50 C:\Users\rwooster\Documents\cont_servo_test\SoftConsole\cont_servo_test_MSS_MSS_CM3_0\cont_servo_test_MSS_MSS_CM3_0_hw_platform\Debug\libcont_servo_test_MSS_MSS_CM3_0_hw_platform.a(mss_uart.o)
                0x200097a8                g_mss_uart1
                0x200097d0                g_mss_uart0
 COMMON         0x200097f8       0x88 C:\Users\rwooster\Documents\cont_servo_test\SoftConsole\cont_servo_test_MSS_MSS_CM3_0\cont_servo_test_MSS_MSS_CM3_0_hw_platform\Debug\libcont_servo_test_MSS_MSS_CM3_0_hw_platform.a(mss_i2c.o)
                0x200097f8                g_mss_i2c0
                0x2000983c                g_mss_i2c1
 COMMON         0x20009880        0x4 c:/actel/libero_v9.1/softconsole/sourcery-g++/bin/../lib/gcc/arm-none-eabi/4.4.1/../../../../arm-none-eabi/lib/thumb2\libc.a(lib_a-reent.o)
                0x20009880                errno
                0x20009888                . = ALIGN (0x8)
 *fill*         0x20009884        0x4 00
                0x20009888                __bss_end__ = .
                0x20009888                _end = .
                0x20009888                __end = _end
                0x20009888                _ebss = .
                0x20009888                PROVIDE (end, .)

.stack          0x20009888     0x3000
                0x20009888                . = ALIGN (0x4)
                0x2000a888                . = (. + PROCESS_STACK_SIZE)
 *fill*         0x20009888     0x1000 00
                0x2000a888                . = ALIGN (0x4)
                0x2000c888                . = (. + MAIN_STACK_SIZE)
 *fill*         0x2000a888     0x2000 00
                0x2000c888                . = ALIGN (0x4)

.stab
 *(.stab)

.stabstr
 *(.stabstr)

.debug
 *(.debug)

.line
 *(.line)

.debug_srcinfo
 *(.debug_srcinfo)

.debug_sfnames
 *(.debug_sfnames)

.comment        0x00000000      0x158
 .comment       0x00000000       0x2b ./imu.o
 .comment       0x0000002b       0x2b ./main.o
 .comment       0x00000056       0x2b C:/Users/rwooster/Documents/cont_servo_test/SoftConsole/cont_servo_test_MSS_MSS_CM3_0/cont_servo_test_MSS_MSS_CM3_0_hw_platform/Debug/CMSIS/startup_gcc/newlib_stubs.o
 .comment       0x00000081       0x2b C:\Users\rwooster\Documents\cont_servo_test\SoftConsole\cont_servo_test_MSS_MSS_CM3_0\cont_servo_test_MSS_MSS_CM3_0_hw_platform\Debug\libcont_servo_test_MSS_MSS_CM3_0_hw_platform.a(mss_uart.o)
 .comment       0x000000ac       0x2b C:\Users\rwooster\Documents\cont_servo_test\SoftConsole\cont_servo_test_MSS_MSS_CM3_0\cont_servo_test_MSS_MSS_CM3_0_hw_platform\Debug\libcont_servo_test_MSS_MSS_CM3_0_hw_platform.a(mss_i2c.o)
 .comment       0x000000d7       0x2b C:\Users\rwooster\Documents\cont_servo_test\SoftConsole\cont_servo_test_MSS_MSS_CM3_0\cont_servo_test_MSS_MSS_CM3_0_hw_platform\Debug\libcont_servo_test_MSS_MSS_CM3_0_hw_platform.a(mss_gpio.o)
 .comment       0x00000102       0x2b C:\Users\rwooster\Documents\cont_servo_test\SoftConsole\cont_servo_test_MSS_MSS_CM3_0\cont_servo_test_MSS_MSS_CM3_0_hw_platform\Debug\libcont_servo_test_MSS_MSS_CM3_0_hw_platform.a(core_cm3.o)
 .comment       0x0000012d       0x2b C:\Users\rwooster\Documents\cont_servo_test\SoftConsole\cont_servo_test_MSS_MSS_CM3_0\cont_servo_test_MSS_MSS_CM3_0_hw_platform\Debug\libcont_servo_test_MSS_MSS_CM3_0_hw_platform.a(system_a2fxxxm3.o)

.debug_aranges  0x00000000      0x450
 *(.debug_aranges)
 .debug_aranges
                0x00000000       0x60 ./imu.o
 .debug_aranges
                0x00000060       0x68 ./main.o
 .debug_aranges
                0x000000c8       0xa8 C:/Users/rwooster/Documents/cont_servo_test/SoftConsole/cont_servo_test_MSS_MSS_CM3_0/cont_servo_test_MSS_MSS_CM3_0_hw_platform/Debug/CMSIS/startup_gcc/newlib_stubs.o
 .debug_aranges
                0x00000170       0xd8 C:\Users\rwooster\Documents\cont_servo_test\SoftConsole\cont_servo_test_MSS_MSS_CM3_0\cont_servo_test_MSS_MSS_CM3_0_hw_platform\Debug\libcont_servo_test_MSS_MSS_CM3_0_hw_platform.a(mss_uart.o)
 .debug_aranges
                0x00000248       0xb0 C:\Users\rwooster\Documents\cont_servo_test\SoftConsole\cont_servo_test_MSS_MSS_CM3_0\cont_servo_test_MSS_MSS_CM3_0_hw_platform\Debug\libcont_servo_test_MSS_MSS_CM3_0_hw_platform.a(mss_i2c.o)
 .debug_aranges
                0x000002f8       0x60 C:\Users\rwooster\Documents\cont_servo_test\SoftConsole\cont_servo_test_MSS_MSS_CM3_0\cont_servo_test_MSS_MSS_CM3_0_hw_platform\Debug\libcont_servo_test_MSS_MSS_CM3_0_hw_platform.a(mss_gpio.o)
 .debug_aranges
                0x00000358       0xc8 C:\Users\rwooster\Documents\cont_servo_test\SoftConsole\cont_servo_test_MSS_MSS_CM3_0\cont_servo_test_MSS_MSS_CM3_0_hw_platform\Debug\libcont_servo_test_MSS_MSS_CM3_0_hw_platform.a(core_cm3.o)
 .debug_aranges
                0x00000420       0x30 C:\Users\rwooster\Documents\cont_servo_test\SoftConsole\cont_servo_test_MSS_MSS_CM3_0\cont_servo_test_MSS_MSS_CM3_0_hw_platform\Debug\libcont_servo_test_MSS_MSS_CM3_0_hw_platform.a(system_a2fxxxm3.o)

.debug_pubnames
                0x00000000      0x810
 *(.debug_pubnames)
 .debug_pubnames
                0x00000000       0x94 ./imu.o
 .debug_pubnames
                0x00000094       0x3c ./main.o
 .debug_pubnames
                0x000000d0       0xeb C:/Users/rwooster/Documents/cont_servo_test/SoftConsole/cont_servo_test_MSS_MSS_CM3_0/cont_servo_test_MSS_MSS_CM3_0_hw_platform/Debug/CMSIS/startup_gcc/newlib_stubs.o
 .debug_pubnames
                0x000001bb      0x21c C:\Users\rwooster\Documents\cont_servo_test\SoftConsole\cont_servo_test_MSS_MSS_CM3_0\cont_servo_test_MSS_MSS_CM3_0_hw_platform\Debug\libcont_servo_test_MSS_MSS_CM3_0_hw_platform.a(mss_uart.o)
 .debug_pubnames
                0x000003d7      0x17b C:\Users\rwooster\Documents\cont_servo_test\SoftConsole\cont_servo_test_MSS_MSS_CM3_0\cont_servo_test_MSS_MSS_CM3_0_hw_platform\Debug\libcont_servo_test_MSS_MSS_CM3_0_hw_platform.a(mss_i2c.o)
 .debug_pubnames
                0x00000552       0xb1 C:\Users\rwooster\Documents\cont_servo_test\SoftConsole\cont_servo_test_MSS_MSS_CM3_0\cont_servo_test_MSS_MSS_CM3_0_hw_platform\Debug\libcont_servo_test_MSS_MSS_CM3_0_hw_platform.a(mss_gpio.o)
 .debug_pubnames
                0x00000603      0x159 C:\Users\rwooster\Documents\cont_servo_test\SoftConsole\cont_servo_test_MSS_MSS_CM3_0\cont_servo_test_MSS_MSS_CM3_0_hw_platform\Debug\libcont_servo_test_MSS_MSS_CM3_0_hw_platform.a(core_cm3.o)
 .debug_pubnames
                0x0000075c       0xb4 C:\Users\rwooster\Documents\cont_servo_test\SoftConsole\cont_servo_test_MSS_MSS_CM3_0\cont_servo_test_MSS_MSS_CM3_0_hw_platform\Debug\libcont_servo_test_MSS_MSS_CM3_0_hw_platform.a(system_a2fxxxm3.o)

.debug_info     0x00000000     0x72ff
 *(.debug_info .gnu.linkonce.wi.*)
 .debug_info    0x00000000      0xad9 ./imu.o
 .debug_info    0x00000ad9     0x13ad ./main.o
 .debug_info    0x00001e86     0x10f0 C:/Users/rwooster/Documents/cont_servo_test/SoftConsole/cont_servo_test_MSS_MSS_CM3_0/cont_servo_test_MSS_MSS_CM3_0_hw_platform/Debug/CMSIS/startup_gcc/newlib_stubs.o
 .debug_info    0x00002f76     0x15a4 C:\Users\rwooster\Documents\cont_servo_test\SoftConsole\cont_servo_test_MSS_MSS_CM3_0\cont_servo_test_MSS_MSS_CM3_0_hw_platform\Debug\libcont_servo_test_MSS_MSS_CM3_0_hw_platform.a(mss_uart.o)
 .debug_info    0x0000451a     0x1249 C:\Users\rwooster\Documents\cont_servo_test\SoftConsole\cont_servo_test_MSS_MSS_CM3_0\cont_servo_test_MSS_MSS_CM3_0_hw_platform\Debug\libcont_servo_test_MSS_MSS_CM3_0_hw_platform.a(mss_i2c.o)
 .debug_info    0x00005763     0x1114 C:\Users\rwooster\Documents\cont_servo_test\SoftConsole\cont_servo_test_MSS_MSS_CM3_0\cont_servo_test_MSS_MSS_CM3_0_hw_platform\Debug\libcont_servo_test_MSS_MSS_CM3_0_hw_platform.a(mss_gpio.o)
 .debug_info    0x00006877      0x54c C:\Users\rwooster\Documents\cont_servo_test\SoftConsole\cont_servo_test_MSS_MSS_CM3_0\cont_servo_test_MSS_MSS_CM3_0_hw_platform\Debug\libcont_servo_test_MSS_MSS_CM3_0_hw_platform.a(core_cm3.o)
 .debug_info    0x00006dc3      0x53c C:\Users\rwooster\Documents\cont_servo_test\SoftConsole\cont_servo_test_MSS_MSS_CM3_0\cont_servo_test_MSS_MSS_CM3_0_hw_platform\Debug\libcont_servo_test_MSS_MSS_CM3_0_hw_platform.a(system_a2fxxxm3.o)

.debug_abbrev   0x00000000      0xd2e
 *(.debug_abbrev)
 .debug_abbrev  0x00000000      0x183 ./imu.o
 .debug_abbrev  0x00000183      0x1f9 ./main.o
 .debug_abbrev  0x0000037c      0x1f4 C:/Users/rwooster/Documents/cont_servo_test/SoftConsole/cont_servo_test_MSS_MSS_CM3_0/cont_servo_test_MSS_MSS_CM3_0_hw_platform/Debug/CMSIS/startup_gcc/newlib_stubs.o
 .debug_abbrev  0x00000570      0x245 C:\Users\rwooster\Documents\cont_servo_test\SoftConsole\cont_servo_test_MSS_MSS_CM3_0\cont_servo_test_MSS_MSS_CM3_0_hw_platform\Debug\libcont_servo_test_MSS_MSS_CM3_0_hw_platform.a(mss_uart.o)
 .debug_abbrev  0x000007b5      0x20e C:\Users\rwooster\Documents\cont_servo_test\SoftConsole\cont_servo_test_MSS_MSS_CM3_0\cont_servo_test_MSS_MSS_CM3_0_hw_platform\Debug\libcont_servo_test_MSS_MSS_CM3_0_hw_platform.a(mss_i2c.o)
 .debug_abbrev  0x000009c3      0x181 C:\Users\rwooster\Documents\cont_servo_test\SoftConsole\cont_servo_test_MSS_MSS_CM3_0\cont_servo_test_MSS_MSS_CM3_0_hw_platform\Debug\libcont_servo_test_MSS_MSS_CM3_0_hw_platform.a(mss_gpio.o)
 .debug_abbrev  0x00000b44       0xd9 C:\Users\rwooster\Documents\cont_servo_test\SoftConsole\cont_servo_test_MSS_MSS_CM3_0\cont_servo_test_MSS_MSS_CM3_0_hw_platform\Debug\libcont_servo_test_MSS_MSS_CM3_0_hw_platform.a(core_cm3.o)
 .debug_abbrev  0x00000c1d      0x111 C:\Users\rwooster\Documents\cont_servo_test\SoftConsole\cont_servo_test_MSS_MSS_CM3_0\cont_servo_test_MSS_MSS_CM3_0_hw_platform\Debug\libcont_servo_test_MSS_MSS_CM3_0_hw_platform.a(system_a2fxxxm3.o)

.debug_line     0x00000000     0x230e
 *(.debug_line)
 .debug_line    0x00000000      0x2cb ./imu.o
 .debug_line    0x000002cb      0x900 ./main.o
 .debug_line    0x00000bcb      0x515 C:/Users/rwooster/Documents/cont_servo_test/SoftConsole/cont_servo_test_MSS_MSS_CM3_0/cont_servo_test_MSS_MSS_CM3_0_hw_platform/Debug/CMSIS/startup_gcc/newlib_stubs.o
 .debug_line    0x000010e0      0x581 C:\Users\rwooster\Documents\cont_servo_test\SoftConsole\cont_servo_test_MSS_MSS_CM3_0\cont_servo_test_MSS_MSS_CM3_0_hw_platform\Debug\libcont_servo_test_MSS_MSS_CM3_0_hw_platform.a(mss_uart.o)
 .debug_line    0x00001661      0x497 C:\Users\rwooster\Documents\cont_servo_test\SoftConsole\cont_servo_test_MSS_MSS_CM3_0\cont_servo_test_MSS_MSS_CM3_0_hw_platform\Debug\libcont_servo_test_MSS_MSS_CM3_0_hw_platform.a(mss_i2c.o)
 .debug_line    0x00001af8      0x32f C:\Users\rwooster\Documents\cont_servo_test\SoftConsole\cont_servo_test_MSS_MSS_CM3_0\cont_servo_test_MSS_MSS_CM3_0_hw_platform\Debug\libcont_servo_test_MSS_MSS_CM3_0_hw_platform.a(mss_gpio.o)
 .debug_line    0x00001e27      0x263 C:\Users\rwooster\Documents\cont_servo_test\SoftConsole\cont_servo_test_MSS_MSS_CM3_0\cont_servo_test_MSS_MSS_CM3_0_hw_platform\Debug\libcont_servo_test_MSS_MSS_CM3_0_hw_platform.a(core_cm3.o)
 .debug_line    0x0000208a      0x284 C:\Users\rwooster\Documents\cont_servo_test\SoftConsole\cont_servo_test_MSS_MSS_CM3_0\cont_servo_test_MSS_MSS_CM3_0_hw_platform\Debug\libcont_servo_test_MSS_MSS_CM3_0_hw_platform.a(system_a2fxxxm3.o)

.debug_frame    0x00000000     0x1984
 *(.debug_frame)
 .debug_frame   0x00000000      0x12c ./imu.o
 .debug_frame   0x0000012c      0x12c ./main.o
 .debug_frame   0x00000258      0x220 C:/Users/rwooster/Documents/cont_servo_test/SoftConsole/cont_servo_test_MSS_MSS_CM3_0/cont_servo_test_MSS_MSS_CM3_0_hw_platform/Debug/CMSIS/startup_gcc/newlib_stubs.o
 .debug_frame   0x00000478      0x2e4 C:\Users\rwooster\Documents\cont_servo_test\SoftConsole\cont_servo_test_MSS_MSS_CM3_0\cont_servo_test_MSS_MSS_CM3_0_hw_platform\Debug\libcont_servo_test_MSS_MSS_CM3_0_hw_platform.a(mss_uart.o)
 .debug_frame   0x0000075c      0x25c C:\Users\rwooster\Documents\cont_servo_test\SoftConsole\cont_servo_test_MSS_MSS_CM3_0\cont_servo_test_MSS_MSS_CM3_0_hw_platform\Debug\libcont_servo_test_MSS_MSS_CM3_0_hw_platform.a(mss_i2c.o)
 .debug_frame   0x000009b8      0x118 C:\Users\rwooster\Documents\cont_servo_test\SoftConsole\cont_servo_test_MSS_MSS_CM3_0\cont_servo_test_MSS_MSS_CM3_0_hw_platform\Debug\libcont_servo_test_MSS_MSS_CM3_0_hw_platform.a(mss_gpio.o)
 .debug_frame   0x00000ad0      0x248 C:\Users\rwooster\Documents\cont_servo_test\SoftConsole\cont_servo_test_MSS_MSS_CM3_0\cont_servo_test_MSS_MSS_CM3_0_hw_platform\Debug\libcont_servo_test_MSS_MSS_CM3_0_hw_platform.a(core_cm3.o)
 .debug_frame   0x00000d18       0x64 C:\Users\rwooster\Documents\cont_servo_test\SoftConsole\cont_servo_test_MSS_MSS_CM3_0\cont_servo_test_MSS_MSS_CM3_0_hw_platform\Debug\libcont_servo_test_MSS_MSS_CM3_0_hw_platform.a(system_a2fxxxm3.o)
 .debug_frame   0x00000d7c       0x20 c:/actel/libero_v9.1/softconsole/sourcery-g++/bin/../lib/gcc/arm-none-eabi/4.4.1/../../../../arm-none-eabi/lib/thumb2\libc.a(lib_a-errno.o)
 .debug_frame   0x00000d9c       0x2c c:/actel/libero_v9.1/softconsole/sourcery-g++/bin/../lib/gcc/arm-none-eabi/4.4.1/../../../../arm-none-eabi/lib/thumb2\libc.a(lib_a-init.o)
 .debug_frame   0x00000dc8       0x5c c:/actel/libero_v9.1/softconsole/sourcery-g++/bin/../lib/gcc/arm-none-eabi/4.4.1/../../../../arm-none-eabi/lib/thumb2\libc.a(lib_a-printf.o)
 .debug_frame   0x00000e24       0x70 c:/actel/libero_v9.1/softconsole/sourcery-g++/bin/../lib/gcc/arm-none-eabi/4.4.1/../../../../arm-none-eabi/lib/thumb2\libc.a(lib_a-vfprintf.o)
 .debug_frame   0x00000e94       0x2c c:/actel/libero_v9.1/softconsole/sourcery-g++/bin/../lib/gcc/arm-none-eabi/4.4.1/../../../../arm-none-eabi/lib/thumb2\libc.a(lib_a-wsetup.o)
 .debug_frame   0x00000ec0       0x64 c:/actel/libero_v9.1/softconsole/sourcery-g++/bin/../lib/gcc/arm-none-eabi/4.4.1/../../../../arm-none-eabi/lib/thumb2\libc.a(lib_a-dtoa.o)
 .debug_frame   0x00000f24       0x40 c:/actel/libero_v9.1/softconsole/sourcery-g++/bin/../lib/gcc/arm-none-eabi/4.4.1/../../../../arm-none-eabi/lib/thumb2\libc.a(lib_a-fflush.o)
 .debug_frame   0x00000f64      0x11c c:/actel/libero_v9.1/softconsole/sourcery-g++/bin/../lib/gcc/arm-none-eabi/4.4.1/../../../../arm-none-eabi/lib/thumb2\libc.a(lib_a-findfp.o)
 .debug_frame   0x00001080       0x50 c:/actel/libero_v9.1/softconsole/sourcery-g++/bin/../lib/gcc/arm-none-eabi/4.4.1/../../../../arm-none-eabi/lib/thumb2\libc.a(lib_a-freer.o)
 .debug_frame   0x000010d0       0x3c c:/actel/libero_v9.1/softconsole/sourcery-g++/bin/../lib/gcc/arm-none-eabi/4.4.1/../../../../arm-none-eabi/lib/thumb2\libc.a(lib_a-fvwrite.o)
 .debug_frame   0x0000110c       0x54 c:/actel/libero_v9.1/softconsole/sourcery-g++/bin/../lib/gcc/arm-none-eabi/4.4.1/../../../../arm-none-eabi/lib/thumb2\libc.a(lib_a-fwalk.o)
 .debug_frame   0x00001160       0x6c c:/actel/libero_v9.1/softconsole/sourcery-g++/bin/../lib/gcc/arm-none-eabi/4.4.1/../../../../arm-none-eabi/lib/thumb2\libc.a(lib_a-locale.o)
 .debug_frame   0x000011cc       0x34 c:/actel/libero_v9.1/softconsole/sourcery-g++/bin/../lib/gcc/arm-none-eabi/4.4.1/../../../../arm-none-eabi/lib/thumb2\libc.a(lib_a-makebuf.o)
 .debug_frame   0x00001200       0x30 c:/actel/libero_v9.1/softconsole/sourcery-g++/bin/../lib/gcc/arm-none-eabi/4.4.1/../../../../arm-none-eabi/lib/thumb2\libc.a(lib_a-malloc.o)
 .debug_frame   0x00001230       0x3c c:/actel/libero_v9.1/softconsole/sourcery-g++/bin/../lib/gcc/arm-none-eabi/4.4.1/../../../../arm-none-eabi/lib/thumb2\libc.a(lib_a-mallocr.o)
 .debug_frame   0x0000126c       0x28 c:/actel/libero_v9.1/softconsole/sourcery-g++/bin/../lib/gcc/arm-none-eabi/4.4.1/../../../../arm-none-eabi/lib/thumb2\libc.a(lib_a-memchr.o)
 .debug_frame   0x00001294       0x34 c:/actel/libero_v9.1/softconsole/sourcery-g++/bin/../lib/gcc/arm-none-eabi/4.4.1/../../../../arm-none-eabi/lib/thumb2\libc.a(lib_a-memcpy.o)
 .debug_frame   0x000012c8       0x2c c:/actel/libero_v9.1/softconsole/sourcery-g++/bin/../lib/gcc/arm-none-eabi/4.4.1/../../../../arm-none-eabi/lib/thumb2\libc.a(lib_a-memmove.o)
 .debug_frame   0x000012f4       0x28 c:/actel/libero_v9.1/softconsole/sourcery-g++/bin/../lib/gcc/arm-none-eabi/4.4.1/../../../../arm-none-eabi/lib/thumb2\libc.a(lib_a-memset.o)
 .debug_frame   0x0000131c       0x30 c:/actel/libero_v9.1/softconsole/sourcery-g++/bin/../lib/gcc/arm-none-eabi/4.4.1/../../../../arm-none-eabi/lib/thumb2\libc.a(lib_a-mlock.o)
 .debug_frame   0x0000134c      0x240 c:/actel/libero_v9.1/softconsole/sourcery-g++/bin/../lib/gcc/arm-none-eabi/4.4.1/../../../../arm-none-eabi/lib/thumb2\libc.a(lib_a-mprec.o)
 .debug_frame   0x0000158c       0x3c c:/actel/libero_v9.1/softconsole/sourcery-g++/bin/../lib/gcc/arm-none-eabi/4.4.1/../../../../arm-none-eabi/lib/thumb2\libc.a(lib_a-reallocr.o)
 .debug_frame   0x000015c8       0x20 c:/actel/libero_v9.1/softconsole/sourcery-g++/bin/../lib/gcc/arm-none-eabi/4.4.1/../../../../arm-none-eabi/lib/thumb2\libc.a(lib_a-s_isinfd.o)
 .debug_frame   0x000015e8       0x20 c:/actel/libero_v9.1/softconsole/sourcery-g++/bin/../lib/gcc/arm-none-eabi/4.4.1/../../../../arm-none-eabi/lib/thumb2\libc.a(lib_a-s_isnand.o)
 .debug_frame   0x00001608       0x2c c:/actel/libero_v9.1/softconsole/sourcery-g++/bin/../lib/gcc/arm-none-eabi/4.4.1/../../../../arm-none-eabi/lib/thumb2\libc.a(lib_a-sbrkr.o)
 .debug_frame   0x00001634       0x70 c:/actel/libero_v9.1/softconsole/sourcery-g++/bin/../lib/gcc/arm-none-eabi/4.4.1/../../../../arm-none-eabi/lib/thumb2\libc.a(lib_a-stdio.o)
 .debug_frame   0x000016a4       0x30 c:/actel/libero_v9.1/softconsole/sourcery-g++/bin/../lib/gcc/arm-none-eabi/4.4.1/../../../../arm-none-eabi/lib/thumb2\libc.a(lib_a-strcmp.o)
 .debug_frame   0x000016d4       0x20 c:/actel/libero_v9.1/softconsole/sourcery-g++/bin/../lib/gcc/arm-none-eabi/4.4.1/../../../../arm-none-eabi/lib/thumb2\libc.a(lib_a-strlen.o)
 .debug_frame   0x000016f4       0x2c c:/actel/libero_v9.1/softconsole/sourcery-g++/bin/../lib/gcc/arm-none-eabi/4.4.1/../../../../arm-none-eabi/lib/thumb2\libc.a(lib_a-callocr.o)
 .debug_frame   0x00001720       0x2c c:/actel/libero_v9.1/softconsole/sourcery-g++/bin/../lib/gcc/arm-none-eabi/4.4.1/../../../../arm-none-eabi/lib/thumb2\libc.a(lib_a-closer.o)
 .debug_frame   0x0000174c       0x3c c:/actel/libero_v9.1/softconsole/sourcery-g++/bin/../lib/gcc/arm-none-eabi/4.4.1/../../../../arm-none-eabi/lib/thumb2\libc.a(lib_a-fclose.o)
 .debug_frame   0x00001788       0x2c c:/actel/libero_v9.1/softconsole/sourcery-g++/bin/../lib/gcc/arm-none-eabi/4.4.1/../../../../arm-none-eabi/lib/thumb2\libc.a(lib_a-fstatr.o)
 .debug_frame   0x000017b4       0x2c c:/actel/libero_v9.1/softconsole/sourcery-g++/bin/../lib/gcc/arm-none-eabi/4.4.1/../../../../arm-none-eabi/lib/thumb2\libc.a(lib_a-isattyr.o)
 .debug_frame   0x000017e0       0x2c c:/actel/libero_v9.1/softconsole/sourcery-g++/bin/../lib/gcc/arm-none-eabi/4.4.1/../../../../arm-none-eabi/lib/thumb2\libc.a(lib_a-lseekr.o)
 .debug_frame   0x0000180c       0x2c c:/actel/libero_v9.1/softconsole/sourcery-g++/bin/../lib/gcc/arm-none-eabi/4.4.1/../../../../arm-none-eabi/lib/thumb2\libc.a(lib_a-readr.o)
 .debug_frame   0x00001838       0x64 c:/actel/libero_v9.1/softconsole/sourcery-g++/bin/../lib/gcc/arm-none-eabi/4.4.1/../../../../arm-none-eabi/lib/thumb2\libc.a(lib_a-reent.o)
 .debug_frame   0x0000189c       0x20 c:/actel/libero_v9.1/softconsole/sourcery-g++/bin/../lib/gcc/arm-none-eabi/4.4.1/thumb2\libgcc.a(_udivsi3.o)
 .debug_frame   0x000018bc       0x50 c:/actel/libero_v9.1/softconsole/sourcery-g++/bin/../lib/gcc/arm-none-eabi/4.4.1/thumb2\libgcc.a(bpabi.o)
 .debug_frame   0x0000190c       0x3c c:/actel/libero_v9.1/softconsole/sourcery-g++/bin/../lib/gcc/arm-none-eabi/4.4.1/thumb2\libgcc.a(_divdi3.o)
 .debug_frame   0x00001948       0x3c c:/actel/libero_v9.1/softconsole/sourcery-g++/bin/../lib/gcc/arm-none-eabi/4.4.1/thumb2\libgcc.a(_udivdi3.o)

.debug_str      0x00000000     0x25a8
 *(.debug_str)
 .debug_str     0x00000000      0xea5 ./imu.o
                                0xf32 (size before relaxing)
 .debug_str     0x00000ea5      0x778 ./main.o
                               0x1657 (size before relaxing)
 .debug_str     0x0000161d      0x4a5 C:/Users/rwooster/Documents/cont_servo_test/SoftConsole/cont_servo_test_MSS_MSS_CM3_0/cont_servo_test_MSS_MSS_CM3_0_hw_platform/Debug/CMSIS/startup_gcc/newlib_stubs.o
                               0x10c6 (size before relaxing)
 .debug_str     0x00001ac2      0x3a8 C:\Users\rwooster\Documents\cont_servo_test\SoftConsole\cont_servo_test_MSS_MSS_CM3_0\cont_servo_test_MSS_MSS_CM3_0_hw_platform\Debug\libcont_servo_test_MSS_MSS_CM3_0_hw_platform.a(mss_uart.o)
                               0x14d7 (size before relaxing)
 .debug_str     0x00001e6a      0x226 C:\Users\rwooster\Documents\cont_servo_test\SoftConsole\cont_servo_test_MSS_MSS_CM3_0\cont_servo_test_MSS_MSS_CM3_0_hw_platform\Debug\libcont_servo_test_MSS_MSS_CM3_0_hw_platform.a(mss_i2c.o)
                               0x141d (size before relaxing)
 .debug_str     0x00002090      0x2df C:\Users\rwooster\Documents\cont_servo_test\SoftConsole\cont_servo_test_MSS_MSS_CM3_0\cont_servo_test_MSS_MSS_CM3_0_hw_platform\Debug\libcont_servo_test_MSS_MSS_CM3_0_hw_platform.a(mss_gpio.o)
                               0x12af (size before relaxing)
 .debug_str     0x0000236f      0x142 C:\Users\rwooster\Documents\cont_servo_test\SoftConsole\cont_servo_test_MSS_MSS_CM3_0\cont_servo_test_MSS_MSS_CM3_0_hw_platform\Debug\libcont_servo_test_MSS_MSS_CM3_0_hw_platform.a(core_cm3.o)
                                0x28d (size before relaxing)
 .debug_str     0x000024b1       0xf7 C:\Users\rwooster\Documents\cont_servo_test\SoftConsole\cont_servo_test_MSS_MSS_CM3_0\cont_servo_test_MSS_MSS_CM3_0_hw_platform\Debug\libcont_servo_test_MSS_MSS_CM3_0_hw_platform.a(system_a2fxxxm3.o)
                                0x47a (size before relaxing)

.debug_loc      0x00000000     0x1712
 *(.debug_loc)
 .debug_loc     0x00000000      0x1e3 ./imu.o
 .debug_loc     0x000001e3      0x1f6 ./main.o
 .debug_loc     0x000003d9      0x3c6 C:/Users/rwooster/Documents/cont_servo_test/SoftConsole/cont_servo_test_MSS_MSS_CM3_0/cont_servo_test_MSS_MSS_CM3_0_hw_platform/Debug/CMSIS/startup_gcc/newlib_stubs.o
 .debug_loc     0x0000079f      0x510 C:\Users\rwooster\Documents\cont_servo_test\SoftConsole\cont_servo_test_MSS_MSS_CM3_0\cont_servo_test_MSS_MSS_CM3_0_hw_platform\Debug\libcont_servo_test_MSS_MSS_CM3_0_hw_platform.a(mss_uart.o)
 .debug_loc     0x00000caf      0x3fd C:\Users\rwooster\Documents\cont_servo_test\SoftConsole\cont_servo_test_MSS_MSS_CM3_0\cont_servo_test_MSS_MSS_CM3_0_hw_platform\Debug\libcont_servo_test_MSS_MSS_CM3_0_hw_platform.a(mss_i2c.o)
 .debug_loc     0x000010ac      0x1ef C:\Users\rwooster\Documents\cont_servo_test\SoftConsole\cont_servo_test_MSS_MSS_CM3_0\cont_servo_test_MSS_MSS_CM3_0_hw_platform\Debug\libcont_servo_test_MSS_MSS_CM3_0_hw_platform.a(mss_gpio.o)
 .debug_loc     0x0000129b      0x3de C:\Users\rwooster\Documents\cont_servo_test\SoftConsole\cont_servo_test_MSS_MSS_CM3_0\cont_servo_test_MSS_MSS_CM3_0_hw_platform\Debug\libcont_servo_test_MSS_MSS_CM3_0_hw_platform.a(core_cm3.o)
 .debug_loc     0x00001679       0x99 C:\Users\rwooster\Documents\cont_servo_test\SoftConsole\cont_servo_test_MSS_MSS_CM3_0\cont_servo_test_MSS_MSS_CM3_0_hw_platform\Debug\libcont_servo_test_MSS_MSS_CM3_0_hw_platform.a(system_a2fxxxm3.o)

.debug_macinfo  0x00000000    0x31597
 *(.debug_macinfo)
 .debug_macinfo
                0x00000000     0x54b0 ./imu.o
 .debug_macinfo
                0x000054b0     0x9c79 ./main.o
 .debug_macinfo
                0x0000f129     0x9965 C:/Users/rwooster/Documents/cont_servo_test/SoftConsole/cont_servo_test_MSS_MSS_CM3_0/cont_servo_test_MSS_MSS_CM3_0_hw_platform/Debug/CMSIS/startup_gcc/newlib_stubs.o
 .debug_macinfo
                0x00018a8e     0x63e4 C:\Users\rwooster\Documents\cont_servo_test\SoftConsole\cont_servo_test_MSS_MSS_CM3_0\cont_servo_test_MSS_MSS_CM3_0_hw_platform\Debug\libcont_servo_test_MSS_MSS_CM3_0_hw_platform.a(mss_uart.o)
 .debug_macinfo
                0x0001ee72     0x5a65 C:\Users\rwooster\Documents\cont_servo_test\SoftConsole\cont_servo_test_MSS_MSS_CM3_0\cont_servo_test_MSS_MSS_CM3_0_hw_platform\Debug\libcont_servo_test_MSS_MSS_CM3_0_hw_platform.a(mss_i2c.o)
 .debug_macinfo
                0x000248d7     0x5cfb C:\Users\rwooster\Documents\cont_servo_test\SoftConsole\cont_servo_test_MSS_MSS_CM3_0\cont_servo_test_MSS_MSS_CM3_0_hw_platform\Debug\libcont_servo_test_MSS_MSS_CM3_0_hw_platform.a(mss_gpio.o)
 .debug_macinfo
                0x0002a5d2     0x152c C:\Users\rwooster\Documents\cont_servo_test\SoftConsole\cont_servo_test_MSS_MSS_CM3_0\cont_servo_test_MSS_MSS_CM3_0_hw_platform\Debug\libcont_servo_test_MSS_MSS_CM3_0_hw_platform.a(core_cm3.o)
 .debug_macinfo
                0x0002bafe     0x5a99 C:\Users\rwooster\Documents\cont_servo_test\SoftConsole\cont_servo_test_MSS_MSS_CM3_0\cont_servo_test_MSS_MSS_CM3_0_hw_platform\Debug\libcont_servo_test_MSS_MSS_CM3_0_hw_platform.a(system_a2fxxxm3.o)

.debug_weaknames
 *(.debug_weaknames)

.debug_funcnames
 *(.debug_funcnames)

.debug_typenames
 *(.debug_typenames)

.debug_varnames
 *(.debug_varnames)

.note.gnu.arm.ident
 *(.note.gnu.arm.ident)

.ARM.attributes
                0x00000000       0x25
 *(.ARM.attributes)
 .ARM.attributes
                0x00000000       0x19 c:/actel/libero_v9.1/softconsole/sourcery-g++/bin/../lib/gcc/arm-none-eabi/4.4.1/thumb2/crti.o
 .ARM.attributes
                0x00000019       0x29 c:/actel/libero_v9.1/softconsole/sourcery-g++/bin/../lib/gcc/arm-none-eabi/4.4.1/thumb2/crtbegin.o
 .ARM.attributes
                0x00000042       0x31 ./imu.o
 .ARM.attributes
                0x00000073       0x31 ./main.o
 .ARM.attributes
                0x000000a4       0x21 C:/Users/rwooster/Documents/cont_servo_test/SoftConsole/cont_servo_test_MSS_MSS_CM3_0/cont_servo_test_MSS_MSS_CM3_0_hw_platform/Debug/CMSIS/startup_gcc/startup_a2fxxxm3.o
 .ARM.attributes
                0x000000c5       0x31 C:/Users/rwooster/Documents/cont_servo_test/SoftConsole/cont_servo_test_MSS_MSS_CM3_0/cont_servo_test_MSS_MSS_CM3_0_hw_platform/Debug/CMSIS/startup_gcc/newlib_stubs.o
 .ARM.attributes
                0x000000f6       0x31 C:\Users\rwooster\Documents\cont_servo_test\SoftConsole\cont_servo_test_MSS_MSS_CM3_0\cont_servo_test_MSS_MSS_CM3_0_hw_platform\Debug\libcont_servo_test_MSS_MSS_CM3_0_hw_platform.a(mss_uart.o)
 .ARM.attributes
                0x00000127       0x31 C:\Users\rwooster\Documents\cont_servo_test\SoftConsole\cont_servo_test_MSS_MSS_CM3_0\cont_servo_test_MSS_MSS_CM3_0_hw_platform\Debug\libcont_servo_test_MSS_MSS_CM3_0_hw_platform.a(mss_i2c.o)
 .ARM.attributes
                0x00000158       0x31 C:\Users\rwooster\Documents\cont_servo_test\SoftConsole\cont_servo_test_MSS_MSS_CM3_0\cont_servo_test_MSS_MSS_CM3_0_hw_platform\Debug\libcont_servo_test_MSS_MSS_CM3_0_hw_platform.a(mss_gpio.o)
 .ARM.attributes
                0x00000189       0x31 C:\Users\rwooster\Documents\cont_servo_test\SoftConsole\cont_servo_test_MSS_MSS_CM3_0\cont_servo_test_MSS_MSS_CM3_0_hw_platform\Debug\libcont_servo_test_MSS_MSS_CM3_0_hw_platform.a(core_cm3.o)
 .ARM.attributes
                0x000001ba       0x31 C:\Users\rwooster\Documents\cont_servo_test\SoftConsole\cont_servo_test_MSS_MSS_CM3_0\cont_servo_test_MSS_MSS_CM3_0_hw_platform\Debug\libcont_servo_test_MSS_MSS_CM3_0_hw_platform.a(system_a2fxxxm3.o)
 .ARM.attributes
                0x000001eb       0x1b c:/actel/libero_v9.1/softconsole/sourcery-g++/bin/../lib/gcc/arm-none-eabi/4.4.1/thumb2\libgcc.a(_arm_addsubdf3.o)
 .ARM.attributes
                0x00000206       0x1b c:/actel/libero_v9.1/softconsole/sourcery-g++/bin/../lib/gcc/arm-none-eabi/4.4.1/thumb2\libgcc.a(_arm_addsubsf3.o)
 .ARM.attributes
                0x00000221       0x1b c:/actel/libero_v9.1/softconsole/sourcery-g++/bin/../lib/gcc/arm-none-eabi/4.4.1/thumb2\libgcc.a(_arm_muldivsf3.o)
 .ARM.attributes
                0x0000023c       0x29 c:/actel/libero_v9.1/softconsole/sourcery-g++/bin/../lib/gcc/arm-none-eabi/4.4.1/../../../../arm-none-eabi/lib/thumb2\libc.a(lib_a-errno.o)
 .ARM.attributes
                0x00000265       0x29 c:/actel/libero_v9.1/softconsole/sourcery-g++/bin/../lib/gcc/arm-none-eabi/4.4.1/../../../../arm-none-eabi/lib/thumb2\libc.a(lib_a-impure.o)
 .ARM.attributes
                0x0000028e       0x29 c:/actel/libero_v9.1/softconsole/sourcery-g++/bin/../lib/gcc/arm-none-eabi/4.4.1/../../../../arm-none-eabi/lib/thumb2\libc.a(lib_a-init.o)
 .ARM.attributes
                0x000002b7       0x29 c:/actel/libero_v9.1/softconsole/sourcery-g++/bin/../lib/gcc/arm-none-eabi/4.4.1/../../../../arm-none-eabi/lib/thumb2\libc.a(lib_a-printf.o)
 .ARM.attributes
                0x000002e0       0x29 c:/actel/libero_v9.1/softconsole/sourcery-g++/bin/../lib/gcc/arm-none-eabi/4.4.1/../../../../arm-none-eabi/lib/thumb2\libc.a(lib_a-vfprintf.o)
 .ARM.attributes
                0x00000309       0x29 c:/actel/libero_v9.1/softconsole/sourcery-g++/bin/../lib/gcc/arm-none-eabi/4.4.1/../../../../arm-none-eabi/lib/thumb2\libc.a(lib_a-wsetup.o)
 .ARM.attributes
                0x00000332       0x29 c:/actel/libero_v9.1/softconsole/sourcery-g++/bin/../lib/gcc/arm-none-eabi/4.4.1/../../../../arm-none-eabi/lib/thumb2\libc.a(lib_a-dtoa.o)
 .ARM.attributes
                0x0000035b       0x29 c:/actel/libero_v9.1/softconsole/sourcery-g++/bin/../lib/gcc/arm-none-eabi/4.4.1/../../../../arm-none-eabi/lib/thumb2\libc.a(lib_a-fflush.o)
 .ARM.attributes
                0x00000384       0x29 c:/actel/libero_v9.1/softconsole/sourcery-g++/bin/../lib/gcc/arm-none-eabi/4.4.1/../../../../arm-none-eabi/lib/thumb2\libc.a(lib_a-findfp.o)
 .ARM.attributes
                0x000003ad       0x29 c:/actel/libero_v9.1/softconsole/sourcery-g++/bin/../lib/gcc/arm-none-eabi/4.4.1/../../../../arm-none-eabi/lib/thumb2\libc.a(lib_a-freer.o)
 .ARM.attributes
                0x000003d6       0x29 c:/actel/libero_v9.1/softconsole/sourcery-g++/bin/../lib/gcc/arm-none-eabi/4.4.1/../../../../arm-none-eabi/lib/thumb2\libc.a(lib_a-fvwrite.o)
 .ARM.attributes
                0x000003ff       0x29 c:/actel/libero_v9.1/softconsole/sourcery-g++/bin/../lib/gcc/arm-none-eabi/4.4.1/../../../../arm-none-eabi/lib/thumb2\libc.a(lib_a-fwalk.o)
 .ARM.attributes
                0x00000428       0x29 c:/actel/libero_v9.1/softconsole/sourcery-g++/bin/../lib/gcc/arm-none-eabi/4.4.1/../../../../arm-none-eabi/lib/thumb2\libc.a(lib_a-locale.o)
 .ARM.attributes
                0x00000451       0x29 c:/actel/libero_v9.1/softconsole/sourcery-g++/bin/../lib/gcc/arm-none-eabi/4.4.1/../../../../arm-none-eabi/lib/thumb2\libc.a(lib_a-makebuf.o)
 .ARM.attributes
                0x0000047a       0x29 c:/actel/libero_v9.1/softconsole/sourcery-g++/bin/../lib/gcc/arm-none-eabi/4.4.1/../../../../arm-none-eabi/lib/thumb2\libc.a(lib_a-malloc.o)
 .ARM.attributes
                0x000004a3       0x29 c:/actel/libero_v9.1/softconsole/sourcery-g++/bin/../lib/gcc/arm-none-eabi/4.4.1/../../../../arm-none-eabi/lib/thumb2\libc.a(lib_a-mallocr.o)
 .ARM.attributes
                0x000004cc       0x29 c:/actel/libero_v9.1/softconsole/sourcery-g++/bin/../lib/gcc/arm-none-eabi/4.4.1/../../../../arm-none-eabi/lib/thumb2\libc.a(lib_a-memchr.o)
 .ARM.attributes
                0x000004f5       0x29 c:/actel/libero_v9.1/softconsole/sourcery-g++/bin/../lib/gcc/arm-none-eabi/4.4.1/../../../../arm-none-eabi/lib/thumb2\libc.a(lib_a-memcpy.o)
 .ARM.attributes
                0x0000051e       0x29 c:/actel/libero_v9.1/softconsole/sourcery-g++/bin/../lib/gcc/arm-none-eabi/4.4.1/../../../../arm-none-eabi/lib/thumb2\libc.a(lib_a-memmove.o)
 .ARM.attributes
                0x00000547       0x29 c:/actel/libero_v9.1/softconsole/sourcery-g++/bin/../lib/gcc/arm-none-eabi/4.4.1/../../../../arm-none-eabi/lib/thumb2\libc.a(lib_a-memset.o)
 .ARM.attributes
                0x00000570       0x29 c:/actel/libero_v9.1/softconsole/sourcery-g++/bin/../lib/gcc/arm-none-eabi/4.4.1/../../../../arm-none-eabi/lib/thumb2\libc.a(lib_a-mlock.o)
 .ARM.attributes
                0x00000599       0x29 c:/actel/libero_v9.1/softconsole/sourcery-g++/bin/../lib/gcc/arm-none-eabi/4.4.1/../../../../arm-none-eabi/lib/thumb2\libc.a(lib_a-mprec.o)
 .ARM.attributes
                0x000005c2       0x29 c:/actel/libero_v9.1/softconsole/sourcery-g++/bin/../lib/gcc/arm-none-eabi/4.4.1/../../../../arm-none-eabi/lib/thumb2\libc.a(lib_a-reallocr.o)
 .ARM.attributes
                0x000005eb       0x29 c:/actel/libero_v9.1/softconsole/sourcery-g++/bin/../lib/gcc/arm-none-eabi/4.4.1/../../../../arm-none-eabi/lib/thumb2\libc.a(lib_a-s_isinfd.o)
 .ARM.attributes
                0x00000614       0x29 c:/actel/libero_v9.1/softconsole/sourcery-g++/bin/../lib/gcc/arm-none-eabi/4.4.1/../../../../arm-none-eabi/lib/thumb2\libc.a(lib_a-s_isnand.o)
 .ARM.attributes
                0x0000063d       0x29 c:/actel/libero_v9.1/softconsole/sourcery-g++/bin/../lib/gcc/arm-none-eabi/4.4.1/../../../../arm-none-eabi/lib/thumb2\libc.a(lib_a-sbrkr.o)
 .ARM.attributes
                0x00000666       0x29 c:/actel/libero_v9.1/softconsole/sourcery-g++/bin/../lib/gcc/arm-none-eabi/4.4.1/../../../../arm-none-eabi/lib/thumb2\libc.a(lib_a-stdio.o)
 .ARM.attributes
                0x0000068f       0x29 c:/actel/libero_v9.1/softconsole/sourcery-g++/bin/../lib/gcc/arm-none-eabi/4.4.1/../../../../arm-none-eabi/lib/thumb2\libc.a(lib_a-strcmp.o)
 .ARM.attributes
                0x000006b8       0x29 c:/actel/libero_v9.1/softconsole/sourcery-g++/bin/../lib/gcc/arm-none-eabi/4.4.1/../../../../arm-none-eabi/lib/thumb2\libc.a(lib_a-strlen.o)
 .ARM.attributes
                0x000006e1       0x29 c:/actel/libero_v9.1/softconsole/sourcery-g++/bin/../lib/gcc/arm-none-eabi/4.4.1/../../../../arm-none-eabi/lib/thumb2\libc.a(lib_a-callocr.o)
 .ARM.attributes
                0x0000070a       0x29 c:/actel/libero_v9.1/softconsole/sourcery-g++/bin/../lib/gcc/arm-none-eabi/4.4.1/../../../../arm-none-eabi/lib/thumb2\libc.a(lib_a-closer.o)
 .ARM.attributes
                0x00000733       0x29 c:/actel/libero_v9.1/softconsole/sourcery-g++/bin/../lib/gcc/arm-none-eabi/4.4.1/../../../../arm-none-eabi/lib/thumb2\libc.a(lib_a-fclose.o)
 .ARM.attributes
                0x0000075c       0x29 c:/actel/libero_v9.1/softconsole/sourcery-g++/bin/../lib/gcc/arm-none-eabi/4.4.1/../../../../arm-none-eabi/lib/thumb2\libc.a(lib_a-fstatr.o)
 .ARM.attributes
                0x00000785       0x29 c:/actel/libero_v9.1/softconsole/sourcery-g++/bin/../lib/gcc/arm-none-eabi/4.4.1/../../../../arm-none-eabi/lib/thumb2\libc.a(lib_a-isattyr.o)
 .ARM.attributes
                0x000007ae       0x29 c:/actel/libero_v9.1/softconsole/sourcery-g++/bin/../lib/gcc/arm-none-eabi/4.4.1/../../../../arm-none-eabi/lib/thumb2\libc.a(lib_a-lseekr.o)
 .ARM.attributes
                0x000007d7       0x29 c:/actel/libero_v9.1/softconsole/sourcery-g++/bin/../lib/gcc/arm-none-eabi/4.4.1/../../../../arm-none-eabi/lib/thumb2\libc.a(lib_a-readr.o)
 .ARM.attributes
                0x00000800       0x29 c:/actel/libero_v9.1/softconsole/sourcery-g++/bin/../lib/gcc/arm-none-eabi/4.4.1/../../../../arm-none-eabi/lib/thumb2\libc.a(lib_a-reent.o)
 .ARM.attributes
                0x00000829       0x1b c:/actel/libero_v9.1/softconsole/sourcery-g++/bin/../lib/gcc/arm-none-eabi/4.4.1/thumb2\libgcc.a(_udivsi3.o)
 .ARM.attributes
                0x00000844       0x1b c:/actel/libero_v9.1/softconsole/sourcery-g++/bin/../lib/gcc/arm-none-eabi/4.4.1/thumb2\libgcc.a(_dvmd_tls.o)
 .ARM.attributes
                0x0000085f       0x1b c:/actel/libero_v9.1/softconsole/sourcery-g++/bin/../lib/gcc/arm-none-eabi/4.4.1/thumb2\libgcc.a(_arm_muldivdf3.o)
 .ARM.attributes
                0x0000087a       0x1b c:/actel/libero_v9.1/softconsole/sourcery-g++/bin/../lib/gcc/arm-none-eabi/4.4.1/thumb2\libgcc.a(_arm_cmpdf2.o)
 .ARM.attributes
                0x00000895       0x1b c:/actel/libero_v9.1/softconsole/sourcery-g++/bin/../lib/gcc/arm-none-eabi/4.4.1/thumb2\libgcc.a(_arm_fixdfsi.o)
 .ARM.attributes
                0x000008b0       0x1b c:/actel/libero_v9.1/softconsole/sourcery-g++/bin/../lib/gcc/arm-none-eabi/4.4.1/thumb2\libgcc.a(_aeabi_uldivmod.o)
 .ARM.attributes
                0x000008cb       0x29 c:/actel/libero_v9.1/softconsole/sourcery-g++/bin/../lib/gcc/arm-none-eabi/4.4.1/thumb2\libgcc.a(bpabi.o)
 .ARM.attributes
                0x000008f4       0x29 c:/actel/libero_v9.1/softconsole/sourcery-g++/bin/../lib/gcc/arm-none-eabi/4.4.1/thumb2\libgcc.a(_divdi3.o)
 .ARM.attributes
                0x0000091d       0x29 c:/actel/libero_v9.1/softconsole/sourcery-g++/bin/../lib/gcc/arm-none-eabi/4.4.1/thumb2\libgcc.a(_udivdi3.o)
 .ARM.attributes
                0x00000946       0x29 c:/actel/libero_v9.1/softconsole/sourcery-g++/bin/../lib/gcc/arm-none-eabi/4.4.1/thumb2/crtend.o
 .ARM.attributes
                0x0000096f       0x19 c:/actel/libero_v9.1/softconsole/sourcery-g++/bin/../lib/gcc/arm-none-eabi/4.4.1/thumb2/crtn.o

/DISCARD/
 *(.note.GNU-stack)
 *(.isr_vector)
OUTPUT(cont_servo_test_MSS_MSS_CM3_0_app elf32-littlearm)

.debug_ranges   0x00000000      0x410
 .debug_ranges  0x00000000       0x58 ./imu.o
 .debug_ranges  0x00000058       0x60 ./main.o
 .debug_ranges  0x000000b8       0xa0 C:/Users/rwooster/Documents/cont_servo_test/SoftConsole/cont_servo_test_MSS_MSS_CM3_0/cont_servo_test_MSS_MSS_CM3_0_hw_platform/Debug/CMSIS/startup_gcc/newlib_stubs.o
 .debug_ranges  0x00000158       0xd0 C:\Users\rwooster\Documents\cont_servo_test\SoftConsole\cont_servo_test_MSS_MSS_CM3_0\cont_servo_test_MSS_MSS_CM3_0_hw_platform\Debug\libcont_servo_test_MSS_MSS_CM3_0_hw_platform.a(mss_uart.o)
 .debug_ranges  0x00000228       0xa8 C:\Users\rwooster\Documents\cont_servo_test\SoftConsole\cont_servo_test_MSS_MSS_CM3_0\cont_servo_test_MSS_MSS_CM3_0_hw_platform\Debug\libcont_servo_test_MSS_MSS_CM3_0_hw_platform.a(mss_i2c.o)
 .debug_ranges  0x000002d0       0x58 C:\Users\rwooster\Documents\cont_servo_test\SoftConsole\cont_servo_test_MSS_MSS_CM3_0\cont_servo_test_MSS_MSS_CM3_0_hw_platform\Debug\libcont_servo_test_MSS_MSS_CM3_0_hw_platform.a(mss_gpio.o)
 .debug_ranges  0x00000328       0xc0 C:\Users\rwooster\Documents\cont_servo_test\SoftConsole\cont_servo_test_MSS_MSS_CM3_0\cont_servo_test_MSS_MSS_CM3_0_hw_platform\Debug\libcont_servo_test_MSS_MSS_CM3_0_hw_platform.a(core_cm3.o)
 .debug_ranges  0x000003e8       0x28 C:\Users\rwooster\Documents\cont_servo_test\SoftConsole\cont_servo_test_MSS_MSS_CM3_0\cont_servo_test_MSS_MSS_CM3_0_hw_platform\Debug\libcont_servo_test_MSS_MSS_CM3_0_hw_platform.a(system_a2fxxxm3.o)
