Archive member included because of file (symbol)

C:\Users\rwooster\Documents\cont_servo_test\SoftConsole\cont_servo_test_MSS_MSS_CM3_0\cont_servo_test_MSS_MSS_CM3_0_hw_platform\Debug\libcont_servo_test_MSS_MSS_CM3_0_hw_platform.a(mss_uart.o)
                              C:/Users/rwooster/Documents/cont_servo_test/SoftConsole/cont_servo_test_MSS_MSS_CM3_0/cont_servo_test_MSS_MSS_CM3_0_hw_platform/Debug/CMSIS/startup_gcc/newlib_stubs.o (g_mss_uart0)
C:\Users\rwooster\Documents\cont_servo_test\SoftConsole\cont_servo_test_MSS_MSS_CM3_0\cont_servo_test_MSS_MSS_CM3_0_hw_platform\Debug\libcont_servo_test_MSS_MSS_CM3_0_hw_platform.a(mss_i2c.o)
                              ./imu.o (g_mss_i2c1)
C:\Users\rwooster\Documents\cont_servo_test\SoftConsole\cont_servo_test_MSS_MSS_CM3_0\cont_servo_test_MSS_MSS_CM3_0_hw_platform\Debug\libcont_servo_test_MSS_MSS_CM3_0_hw_platform.a(mss_gpio.o)
                              ./main.o (MSS_GPIO_init)
C:\Users\rwooster\Documents\cont_servo_test\SoftConsole\cont_servo_test_MSS_MSS_CM3_0\cont_servo_test_MSS_MSS_CM3_0_hw_platform\Debug\libcont_servo_test_MSS_MSS_CM3_0_hw_platform.a(core_cm3.o)
                              C:\Users\rwooster\Documents\cont_servo_test\SoftConsole\cont_servo_test_MSS_MSS_CM3_0\cont_servo_test_MSS_MSS_CM3_0_hw_platform\Debug\libcont_servo_test_MSS_MSS_CM3_0_hw_platform.a(mss_i2c.o) (__get_PRIMASK)
C:\Users\rwooster\Documents\cont_servo_test\SoftConsole\cont_servo_test_MSS_MSS_CM3_0\cont_servo_test_MSS_MSS_CM3_0_hw_platform\Debug\libcont_servo_test_MSS_MSS_CM3_0_hw_platform.a(system_a2fxxxm3.o)
                              C:\Users\rwooster\Documents\cont_servo_test\SoftConsole\cont_servo_test_MSS_MSS_CM3_0\cont_servo_test_MSS_MSS_CM3_0_hw_platform\Debug\libcont_servo_test_MSS_MSS_CM3_0_hw_platform.a(mss_uart.o) (g_FrequencyPCLK0)
c:/actel/libero_v9.1/softconsole/sourcery-g++/bin/../lib/gcc/arm-none-eabi/4.4.1/thumb2\libgcc.a(_arm_addsubdf3.o)
                              ./main.o (__aeabi_dadd)
c:/actel/libero_v9.1/softconsole/sourcery-g++/bin/../lib/gcc/arm-none-eabi/4.4.1/thumb2\libgcc.a(_arm_muldivdf3.o)
                              ./main.o (__aeabi_dmul)
c:/actel/libero_v9.1/softconsole/sourcery-g++/bin/../lib/gcc/arm-none-eabi/4.4.1/thumb2\libgcc.a(_arm_fixunsdfsi.o)
                              ./main.o (__aeabi_d2uiz)
c:/actel/libero_v9.1/softconsole/sourcery-g++/bin/../lib/gcc/arm-none-eabi/4.4.1/thumb2\libgcc.a(_arm_truncdfsf2.o)
                              ./main.o (__aeabi_d2f)
c:/actel/libero_v9.1/softconsole/sourcery-g++/bin/../lib/gcc/arm-none-eabi/4.4.1/thumb2\libgcc.a(_arm_addsubsf3.o)
                              ./main.o (__aeabi_i2f)
c:/actel/libero_v9.1/softconsole/sourcery-g++/bin/../lib/gcc/arm-none-eabi/4.4.1/thumb2\libgcc.a(_arm_muldivsf3.o)
                              ./main.o (__aeabi_fmul)
c:/actel/libero_v9.1/softconsole/sourcery-g++/bin/../lib/gcc/arm-none-eabi/4.4.1/../../../../arm-none-eabi/lib/thumb2\libc.a(lib_a-errno.o)
                              C:/Users/rwooster/Documents/cont_servo_test/SoftConsole/cont_servo_test_MSS_MSS_CM3_0/cont_servo_test_MSS_MSS_CM3_0_hw_platform/Debug/CMSIS/startup_gcc/newlib_stubs.o (__errno)
c:/actel/libero_v9.1/softconsole/sourcery-g++/bin/../lib/gcc/arm-none-eabi/4.4.1/../../../../arm-none-eabi/lib/thumb2\libc.a(lib_a-impure.o)
                              c:/actel/libero_v9.1/softconsole/sourcery-g++/bin/../lib/gcc/arm-none-eabi/4.4.1/../../../../arm-none-eabi/lib/thumb2\libc.a(lib_a-errno.o) (_impure_ptr)
c:/actel/libero_v9.1/softconsole/sourcery-g++/bin/../lib/gcc/arm-none-eabi/4.4.1/../../../../arm-none-eabi/lib/thumb2\libc.a(lib_a-init.o)
                              C:/Users/rwooster/Documents/cont_servo_test/SoftConsole/cont_servo_test_MSS_MSS_CM3_0/cont_servo_test_MSS_MSS_CM3_0_hw_platform/Debug/CMSIS/startup_gcc/startup_a2fxxxm3.o (__libc_init_array)

Allocating common symbols
Common symbol       size              file

Y_ACCL              0x2               ./main.o
g_mss_uart1         0x28              C:\Users\rwooster\Documents\cont_servo_test\SoftConsole\cont_servo_test_MSS_MSS_CM3_0\cont_servo_test_MSS_MSS_CM3_0_hw_platform\Debug\libcont_servo_test_MSS_MSS_CM3_0_hw_platform.a(mss_uart.o)
g_mss_i2c0          0x44              C:\Users\rwooster\Documents\cont_servo_test\SoftConsole\cont_servo_test_MSS_MSS_CM3_0\cont_servo_test_MSS_MSS_CM3_0_hw_platform\Debug\libcont_servo_test_MSS_MSS_CM3_0_hw_platform.a(mss_i2c.o)
g_mss_uart0         0x28              C:\Users\rwooster\Documents\cont_servo_test\SoftConsole\cont_servo_test_MSS_MSS_CM3_0\cont_servo_test_MSS_MSS_CM3_0_hw_platform\Debug\libcont_servo_test_MSS_MSS_CM3_0_hw_platform.a(mss_uart.o)
X_GYRO              0x2               ./main.o
g_mss_i2c1          0x44              C:\Users\rwooster\Documents\cont_servo_test\SoftConsole\cont_servo_test_MSS_MSS_CM3_0\cont_servo_test_MSS_MSS_CM3_0_hw_platform\Debug\libcont_servo_test_MSS_MSS_CM3_0_hw_platform.a(mss_i2c.o)

Discarded input sections

 .text          0x00000000        0x0 c:/actel/libero_v9.1/softconsole/sourcery-g++/bin/../lib/gcc/arm-none-eabi/4.4.1/thumb2/crti.o
 .data          0x00000000        0x0 c:/actel/libero_v9.1/softconsole/sourcery-g++/bin/../lib/gcc/arm-none-eabi/4.4.1/thumb2/crti.o
 .bss           0x00000000        0x0 c:/actel/libero_v9.1/softconsole/sourcery-g++/bin/../lib/gcc/arm-none-eabi/4.4.1/thumb2/crti.o
 .data          0x00000000        0x4 c:/actel/libero_v9.1/softconsole/sourcery-g++/bin/../lib/gcc/arm-none-eabi/4.4.1/thumb2/crtbegin.o
 .text          0x00000000        0x0 ./imu.o
 .data          0x00000000        0x0 ./imu.o
 .bss           0x00000000        0x0 ./imu.o
 .text.imu_accl_x
                0x00000000       0x44 ./imu.o
 .text.imu_accl_z
                0x00000000       0x38 ./imu.o
 .text.imu_gyro_y
                0x00000000       0x38 ./imu.o
 .text.imu_gyro_z
                0x00000000       0x38 ./imu.o
 .text          0x00000000        0x0 ./main.o
 .data          0x00000000        0x0 ./main.o
 .bss           0x00000000        0x0 ./main.o
 .text          0x00000000        0x0 C:/Users/rwooster/Documents/cont_servo_test/SoftConsole/cont_servo_test_MSS_MSS_CM3_0/cont_servo_test_MSS_MSS_CM3_0_hw_platform/Debug/CMSIS/startup_gcc/startup_a2fxxxm3.o
 .data          0x00000000        0x0 C:/Users/rwooster/Documents/cont_servo_test/SoftConsole/cont_servo_test_MSS_MSS_CM3_0/cont_servo_test_MSS_MSS_CM3_0_hw_platform/Debug/CMSIS/startup_gcc/startup_a2fxxxm3.o
 .bss           0x00000000        0x0 C:/Users/rwooster/Documents/cont_servo_test/SoftConsole/cont_servo_test_MSS_MSS_CM3_0/cont_servo_test_MSS_MSS_CM3_0_hw_platform/Debug/CMSIS/startup_gcc/startup_a2fxxxm3.o
 .text          0x00000000        0x0 C:/Users/rwooster/Documents/cont_servo_test/SoftConsole/cont_servo_test_MSS_MSS_CM3_0/cont_servo_test_MSS_MSS_CM3_0_hw_platform/Debug/CMSIS/startup_gcc/newlib_stubs.o
 .data          0x00000000        0x0 C:/Users/rwooster/Documents/cont_servo_test/SoftConsole/cont_servo_test_MSS_MSS_CM3_0/cont_servo_test_MSS_MSS_CM3_0_hw_platform/Debug/CMSIS/startup_gcc/newlib_stubs.o
 .bss           0x00000000        0x0 C:/Users/rwooster/Documents/cont_servo_test/SoftConsole/cont_servo_test_MSS_MSS_CM3_0/cont_servo_test_MSS_MSS_CM3_0_hw_platform/Debug/CMSIS/startup_gcc/newlib_stubs.o
 .bss.g_stdio_uart_init_done
                0x00000000        0x4 C:/Users/rwooster/Documents/cont_servo_test/SoftConsole/cont_servo_test_MSS_MSS_CM3_0/cont_servo_test_MSS_MSS_CM3_0_hw_platform/Debug/CMSIS/startup_gcc/newlib_stubs.o
 .bss.__env     0x00000000        0x4 C:/Users/rwooster/Documents/cont_servo_test/SoftConsole/cont_servo_test_MSS_MSS_CM3_0/cont_servo_test_MSS_MSS_CM3_0_hw_platform/Debug/CMSIS/startup_gcc/newlib_stubs.o
 .data.environ  0x00000000        0x4 C:/Users/rwooster/Documents/cont_servo_test/SoftConsole/cont_servo_test_MSS_MSS_CM3_0/cont_servo_test_MSS_MSS_CM3_0_hw_platform/Debug/CMSIS/startup_gcc/newlib_stubs.o
 .text._close   0x00000000       0x18 C:/Users/rwooster/Documents/cont_servo_test/SoftConsole/cont_servo_test_MSS_MSS_CM3_0/cont_servo_test_MSS_MSS_CM3_0_hw_platform/Debug/CMSIS/startup_gcc/newlib_stubs.o
 .text._execve  0x00000000       0x28 C:/Users/rwooster/Documents/cont_servo_test/SoftConsole/cont_servo_test_MSS_MSS_CM3_0/cont_servo_test_MSS_MSS_CM3_0_hw_platform/Debug/CMSIS/startup_gcc/newlib_stubs.o
 .text._exit    0x00000000        0xc C:/Users/rwooster/Documents/cont_servo_test/SoftConsole/cont_servo_test_MSS_MSS_CM3_0/cont_servo_test_MSS_MSS_CM3_0_hw_platform/Debug/CMSIS/startup_gcc/newlib_stubs.o
 .text._fork    0x00000000       0x18 C:/Users/rwooster/Documents/cont_servo_test/SoftConsole/cont_servo_test_MSS_MSS_CM3_0/cont_servo_test_MSS_MSS_CM3_0_hw_platform/Debug/CMSIS/startup_gcc/newlib_stubs.o
 .text._fstat   0x00000000       0x24 C:/Users/rwooster/Documents/cont_servo_test/SoftConsole/cont_servo_test_MSS_MSS_CM3_0/cont_servo_test_MSS_MSS_CM3_0_hw_platform/Debug/CMSIS/startup_gcc/newlib_stubs.o
 .text._getpid  0x00000000       0x10 C:/Users/rwooster/Documents/cont_servo_test/SoftConsole/cont_servo_test_MSS_MSS_CM3_0/cont_servo_test_MSS_MSS_CM3_0_hw_platform/Debug/CMSIS/startup_gcc/newlib_stubs.o
 .text._isatty  0x00000000       0x18 C:/Users/rwooster/Documents/cont_servo_test/SoftConsole/cont_servo_test_MSS_MSS_CM3_0/cont_servo_test_MSS_MSS_CM3_0_hw_platform/Debug/CMSIS/startup_gcc/newlib_stubs.o
 .text._kill    0x00000000       0x24 C:/Users/rwooster/Documents/cont_servo_test/SoftConsole/cont_servo_test_MSS_MSS_CM3_0/cont_servo_test_MSS_MSS_CM3_0_hw_platform/Debug/CMSIS/startup_gcc/newlib_stubs.o
 .text._link    0x00000000       0x24 C:/Users/rwooster/Documents/cont_servo_test/SoftConsole/cont_servo_test_MSS_MSS_CM3_0/cont_servo_test_MSS_MSS_CM3_0_hw_platform/Debug/CMSIS/startup_gcc/newlib_stubs.o
 .text._lseek   0x00000000       0x1c C:/Users/rwooster/Documents/cont_servo_test/SoftConsole/cont_servo_test_MSS_MSS_CM3_0/cont_servo_test_MSS_MSS_CM3_0_hw_platform/Debug/CMSIS/startup_gcc/newlib_stubs.o
 .text._open    0x00000000       0x1c C:/Users/rwooster/Documents/cont_servo_test/SoftConsole/cont_servo_test_MSS_MSS_CM3_0/cont_servo_test_MSS_MSS_CM3_0_hw_platform/Debug/CMSIS/startup_gcc/newlib_stubs.o
 .text._read    0x00000000       0x1c C:/Users/rwooster/Documents/cont_servo_test/SoftConsole/cont_servo_test_MSS_MSS_CM3_0/cont_servo_test_MSS_MSS_CM3_0_hw_platform/Debug/CMSIS/startup_gcc/newlib_stubs.o
 .text._write_r
                0x00000000       0x5c C:/Users/rwooster/Documents/cont_servo_test/SoftConsole/cont_servo_test_MSS_MSS_CM3_0/cont_servo_test_MSS_MSS_CM3_0_hw_platform/Debug/CMSIS/startup_gcc/newlib_stubs.o
 .rodata        0x00000000       0x1c C:/Users/rwooster/Documents/cont_servo_test/SoftConsole/cont_servo_test_MSS_MSS_CM3_0/cont_servo_test_MSS_MSS_CM3_0_hw_platform/Debug/CMSIS/startup_gcc/newlib_stubs.o
 .text._sbrk    0x00000000       0x94 C:/Users/rwooster/Documents/cont_servo_test/SoftConsole/cont_servo_test_MSS_MSS_CM3_0/cont_servo_test_MSS_MSS_CM3_0_hw_platform/Debug/CMSIS/startup_gcc/newlib_stubs.o
 .text._stat    0x00000000       0x24 C:/Users/rwooster/Documents/cont_servo_test/SoftConsole/cont_servo_test_MSS_MSS_CM3_0/cont_servo_test_MSS_MSS_CM3_0_hw_platform/Debug/CMSIS/startup_gcc/newlib_stubs.o
 .text._times   0x00000000       0x18 C:/Users/rwooster/Documents/cont_servo_test/SoftConsole/cont_servo_test_MSS_MSS_CM3_0/cont_servo_test_MSS_MSS_CM3_0_hw_platform/Debug/CMSIS/startup_gcc/newlib_stubs.o
 .text._unlink  0x00000000       0x24 C:/Users/rwooster/Documents/cont_servo_test/SoftConsole/cont_servo_test_MSS_MSS_CM3_0/cont_servo_test_MSS_MSS_CM3_0_hw_platform/Debug/CMSIS/startup_gcc/newlib_stubs.o
 .text._wait    0x00000000       0x24 C:/Users/rwooster/Documents/cont_servo_test/SoftConsole/cont_servo_test_MSS_MSS_CM3_0/cont_servo_test_MSS_MSS_CM3_0_hw_platform/Debug/CMSIS/startup_gcc/newlib_stubs.o
 .bss.heap_end.3594
                0x00000000        0x4 C:/Users/rwooster/Documents/cont_servo_test/SoftConsole/cont_servo_test_MSS_MSS_CM3_0/cont_servo_test_MSS_MSS_CM3_0_hw_platform/Debug/CMSIS/startup_gcc/newlib_stubs.o
 .text          0x00000000        0x0 C:\Users\rwooster\Documents\cont_servo_test\SoftConsole\cont_servo_test_MSS_MSS_CM3_0\cont_servo_test_MSS_MSS_CM3_0_hw_platform\Debug\libcont_servo_test_MSS_MSS_CM3_0_hw_platform.a(mss_uart.o)
 .data          0x00000000        0x0 C:\Users\rwooster\Documents\cont_servo_test\SoftConsole\cont_servo_test_MSS_MSS_CM3_0\cont_servo_test_MSS_MSS_CM3_0_hw_platform\Debug\libcont_servo_test_MSS_MSS_CM3_0_hw_platform.a(mss_uart.o)
 .bss           0x00000000        0x0 C:\Users\rwooster\Documents\cont_servo_test\SoftConsole\cont_servo_test_MSS_MSS_CM3_0\cont_servo_test_MSS_MSS_CM3_0_hw_platform\Debug\libcont_servo_test_MSS_MSS_CM3_0_hw_platform.a(mss_uart.o)
 .text.NVIC_EnableIRQ
                0x00000000       0x38 C:\Users\rwooster\Documents\cont_servo_test\SoftConsole\cont_servo_test_MSS_MSS_CM3_0\cont_servo_test_MSS_MSS_CM3_0_hw_platform\Debug\libcont_servo_test_MSS_MSS_CM3_0_hw_platform.a(mss_uart.o)
 .text.NVIC_DisableIRQ
                0x00000000       0x3c C:\Users\rwooster\Documents\cont_servo_test\SoftConsole\cont_servo_test_MSS_MSS_CM3_0\cont_servo_test_MSS_MSS_CM3_0_hw_platform\Debug\libcont_servo_test_MSS_MSS_CM3_0_hw_platform.a(mss_uart.o)
 .text.MSS_UART_init
                0x00000000      0x204 C:\Users\rwooster\Documents\cont_servo_test\SoftConsole\cont_servo_test_MSS_MSS_CM3_0\cont_servo_test_MSS_MSS_CM3_0_hw_platform\Debug\libcont_servo_test_MSS_MSS_CM3_0_hw_platform.a(mss_uart.o)
 .text.MSS_UART_polled_tx
                0x00000000       0xe4 C:\Users\rwooster\Documents\cont_servo_test\SoftConsole\cont_servo_test_MSS_MSS_CM3_0\cont_servo_test_MSS_MSS_CM3_0_hw_platform\Debug\libcont_servo_test_MSS_MSS_CM3_0_hw_platform.a(mss_uart.o)
 .text.MSS_UART_polled_tx_string
                0x00000000       0xd0 C:\Users\rwooster\Documents\cont_servo_test\SoftConsole\cont_servo_test_MSS_MSS_CM3_0\cont_servo_test_MSS_MSS_CM3_0_hw_platform\Debug\libcont_servo_test_MSS_MSS_CM3_0_hw_platform.a(mss_uart.o)
 .text.MSS_UART_irq_tx
                0x00000000       0xb0 C:\Users\rwooster\Documents\cont_servo_test\SoftConsole\cont_servo_test_MSS_MSS_CM3_0\cont_servo_test_MSS_MSS_CM3_0_hw_platform\Debug\libcont_servo_test_MSS_MSS_CM3_0_hw_platform.a(mss_uart.o)
 .text.MSS_UART_tx_complete
                0x00000000       0x90 C:\Users\rwooster\Documents\cont_servo_test\SoftConsole\cont_servo_test_MSS_MSS_CM3_0\cont_servo_test_MSS_MSS_CM3_0_hw_platform\Debug\libcont_servo_test_MSS_MSS_CM3_0_hw_platform.a(mss_uart.o)
 .text.MSS_UART_get_rx
                0x00000000       0xdc C:\Users\rwooster\Documents\cont_servo_test\SoftConsole\cont_servo_test_MSS_MSS_CM3_0\cont_servo_test_MSS_MSS_CM3_0_hw_platform\Debug\libcont_servo_test_MSS_MSS_CM3_0_hw_platform.a(mss_uart.o)
 .text.MSS_UART_enable_irq
                0x00000000       0x7c C:\Users\rwooster\Documents\cont_servo_test\SoftConsole\cont_servo_test_MSS_MSS_CM3_0\cont_servo_test_MSS_MSS_CM3_0_hw_platform\Debug\libcont_servo_test_MSS_MSS_CM3_0_hw_platform.a(mss_uart.o)
 .text.MSS_UART_disable_irq
                0x00000000       0x88 C:\Users\rwooster\Documents\cont_servo_test\SoftConsole\cont_servo_test_MSS_MSS_CM3_0\cont_servo_test_MSS_MSS_CM3_0_hw_platform\Debug\libcont_servo_test_MSS_MSS_CM3_0_hw_platform.a(mss_uart.o)
 .text.default_tx_handler
                0x00000000      0x108 C:\Users\rwooster\Documents\cont_servo_test\SoftConsole\cont_servo_test_MSS_MSS_CM3_0\cont_servo_test_MSS_MSS_CM3_0_hw_platform\Debug\libcont_servo_test_MSS_MSS_CM3_0_hw_platform.a(mss_uart.o)
 .text.MSS_UART_set_rx_handler
                0x00000000       0xa8 C:\Users\rwooster\Documents\cont_servo_test\SoftConsole\cont_servo_test_MSS_MSS_CM3_0\cont_servo_test_MSS_MSS_CM3_0_hw_platform\Debug\libcont_servo_test_MSS_MSS_CM3_0_hw_platform.a(mss_uart.o)
 .text.MSS_UART_set_loopback
                0x00000000       0x70 C:\Users\rwooster\Documents\cont_servo_test\SoftConsole\cont_servo_test_MSS_MSS_CM3_0\cont_servo_test_MSS_MSS_CM3_0_hw_platform\Debug\libcont_servo_test_MSS_MSS_CM3_0_hw_platform.a(mss_uart.o)
 .text.MSS_UART_set_rxstatus_handler
                0x00000000       0x84 C:\Users\rwooster\Documents\cont_servo_test\SoftConsole\cont_servo_test_MSS_MSS_CM3_0\cont_servo_test_MSS_MSS_CM3_0_hw_platform\Debug\libcont_servo_test_MSS_MSS_CM3_0_hw_platform.a(mss_uart.o)
 .text.MSS_UART_set_tx_handler
                0x00000000       0x94 C:\Users\rwooster\Documents\cont_servo_test\SoftConsole\cont_servo_test_MSS_MSS_CM3_0\cont_servo_test_MSS_MSS_CM3_0_hw_platform\Debug\libcont_servo_test_MSS_MSS_CM3_0_hw_platform.a(mss_uart.o)
 .text.MSS_UART_set_modemstatus_handler
                0x00000000       0x84 C:\Users\rwooster\Documents\cont_servo_test\SoftConsole\cont_servo_test_MSS_MSS_CM3_0\cont_servo_test_MSS_MSS_CM3_0_hw_platform\Debug\libcont_servo_test_MSS_MSS_CM3_0_hw_platform.a(mss_uart.o)
 .text.MSS_UART_fill_tx_fifo
                0x00000000       0xd4 C:\Users\rwooster\Documents\cont_servo_test\SoftConsole\cont_servo_test_MSS_MSS_CM3_0\cont_servo_test_MSS_MSS_CM3_0_hw_platform\Debug\libcont_servo_test_MSS_MSS_CM3_0_hw_platform.a(mss_uart.o)
 .text.MSS_UART_get_rx_status
                0x00000000       0x80 C:\Users\rwooster\Documents\cont_servo_test\SoftConsole\cont_servo_test_MSS_MSS_CM3_0\cont_servo_test_MSS_MSS_CM3_0_hw_platform\Debug\libcont_servo_test_MSS_MSS_CM3_0_hw_platform.a(mss_uart.o)
 .text.MSS_UART_get_modem_status
                0x00000000       0x60 C:\Users\rwooster\Documents\cont_servo_test\SoftConsole\cont_servo_test_MSS_MSS_CM3_0\cont_servo_test_MSS_MSS_CM3_0_hw_platform\Debug\libcont_servo_test_MSS_MSS_CM3_0_hw_platform.a(mss_uart.o)
 .text.MSS_UART_get_tx_status
                0x00000000       0x78 C:\Users\rwooster\Documents\cont_servo_test\SoftConsole\cont_servo_test_MSS_MSS_CM3_0\cont_servo_test_MSS_MSS_CM3_0_hw_platform\Debug\libcont_servo_test_MSS_MSS_CM3_0_hw_platform.a(mss_uart.o)
 .text          0x00000000        0x0 C:\Users\rwooster\Documents\cont_servo_test\SoftConsole\cont_servo_test_MSS_MSS_CM3_0\cont_servo_test_MSS_MSS_CM3_0_hw_platform\Debug\libcont_servo_test_MSS_MSS_CM3_0_hw_platform.a(mss_i2c.o)
 .data          0x00000000        0x0 C:\Users\rwooster\Documents\cont_servo_test\SoftConsole\cont_servo_test_MSS_MSS_CM3_0\cont_servo_test_MSS_MSS_CM3_0_hw_platform\Debug\libcont_servo_test_MSS_MSS_CM3_0_hw_platform.a(mss_i2c.o)
 .bss           0x00000000        0x0 C:\Users\rwooster\Documents\cont_servo_test\SoftConsole\cont_servo_test_MSS_MSS_CM3_0\cont_servo_test_MSS_MSS_CM3_0_hw_platform\Debug\libcont_servo_test_MSS_MSS_CM3_0_hw_platform.a(mss_i2c.o)
 .text.MSS_I2C_set_slave_mem_offset_length
                0x00000000       0x3c C:\Users\rwooster\Documents\cont_servo_test\SoftConsole\cont_servo_test_MSS_MSS_CM3_0\cont_servo_test_MSS_MSS_CM3_0_hw_platform\Debug\libcont_servo_test_MSS_MSS_CM3_0_hw_platform.a(mss_i2c.o)
 .text.MSS_I2C_register_write_handler
                0x00000000       0x38 C:\Users\rwooster\Documents\cont_servo_test\SoftConsole\cont_servo_test_MSS_MSS_CM3_0\cont_servo_test_MSS_MSS_CM3_0_hw_platform\Debug\libcont_servo_test_MSS_MSS_CM3_0_hw_platform.a(mss_i2c.o)
 .text.MSS_I2C_write_read
                0x00000000       0xd8 C:\Users\rwooster\Documents\cont_servo_test\SoftConsole\cont_servo_test_MSS_MSS_CM3_0\cont_servo_test_MSS_MSS_CM3_0_hw_platform\Debug\libcont_servo_test_MSS_MSS_CM3_0_hw_platform.a(mss_i2c.o)
 .text.MSS_I2C_set_slave_rx_buffer
                0x00000000       0x58 C:\Users\rwooster\Documents\cont_servo_test\SoftConsole\cont_servo_test_MSS_MSS_CM3_0\cont_servo_test_MSS_MSS_CM3_0_hw_platform\Debug\libcont_servo_test_MSS_MSS_CM3_0_hw_platform.a(mss_i2c.o)
 .text.MSS_I2C_get_status
                0x00000000       0x3c C:\Users\rwooster\Documents\cont_servo_test\SoftConsole\cont_servo_test_MSS_MSS_CM3_0\cont_servo_test_MSS_MSS_CM3_0_hw_platform\Debug\libcont_servo_test_MSS_MSS_CM3_0_hw_platform.a(mss_i2c.o)
 .text.MSS_I2C_set_slave_tx_buffer
                0x00000000       0x60 C:\Users\rwooster\Documents\cont_servo_test\SoftConsole\cont_servo_test_MSS_MSS_CM3_0\cont_servo_test_MSS_MSS_CM3_0_hw_platform\Debug\libcont_servo_test_MSS_MSS_CM3_0_hw_platform.a(mss_i2c.o)
 .text.MSS_I2C_enable_slave_rx
                0x00000000       0x50 C:\Users\rwooster\Documents\cont_servo_test\SoftConsole\cont_servo_test_MSS_MSS_CM3_0\cont_servo_test_MSS_MSS_CM3_0_hw_platform\Debug\libcont_servo_test_MSS_MSS_CM3_0_hw_platform.a(mss_i2c.o)
 .text          0x00000000        0x0 C:\Users\rwooster\Documents\cont_servo_test\SoftConsole\cont_servo_test_MSS_MSS_CM3_0\cont_servo_test_MSS_MSS_CM3_0_hw_platform\Debug\libcont_servo_test_MSS_MSS_CM3_0_hw_platform.a(mss_gpio.o)
 .data          0x00000000        0x0 C:\Users\rwooster\Documents\cont_servo_test\SoftConsole\cont_servo_test_MSS_MSS_CM3_0\cont_servo_test_MSS_MSS_CM3_0_hw_platform\Debug\libcont_servo_test_MSS_MSS_CM3_0_hw_platform.a(mss_gpio.o)
 .bss           0x00000000        0x0 C:\Users\rwooster\Documents\cont_servo_test\SoftConsole\cont_servo_test_MSS_MSS_CM3_0\cont_servo_test_MSS_MSS_CM3_0_hw_platform\Debug\libcont_servo_test_MSS_MSS_CM3_0_hw_platform.a(mss_gpio.o)
 .text.NVIC_EnableIRQ
                0x00000000       0x38 C:\Users\rwooster\Documents\cont_servo_test\SoftConsole\cont_servo_test_MSS_MSS_CM3_0\cont_servo_test_MSS_MSS_CM3_0_hw_platform\Debug\libcont_servo_test_MSS_MSS_CM3_0_hw_platform.a(mss_gpio.o)
 .text.MSS_GPIO_drive_inout
                0x00000000      0x128 C:\Users\rwooster\Documents\cont_servo_test\SoftConsole\cont_servo_test_MSS_MSS_CM3_0\cont_servo_test_MSS_MSS_CM3_0_hw_platform\Debug\libcont_servo_test_MSS_MSS_CM3_0_hw_platform.a(mss_gpio.o)
 .text.MSS_GPIO_enable_irq
                0x00000000       0x64 C:\Users\rwooster\Documents\cont_servo_test\SoftConsole\cont_servo_test_MSS_MSS_CM3_0\cont_servo_test_MSS_MSS_CM3_0_hw_platform\Debug\libcont_servo_test_MSS_MSS_CM3_0_hw_platform.a(mss_gpio.o)
 .text.MSS_GPIO_disable_irq
                0x00000000       0x50 C:\Users\rwooster\Documents\cont_servo_test\SoftConsole\cont_servo_test_MSS_MSS_CM3_0\cont_servo_test_MSS_MSS_CM3_0_hw_platform\Debug\libcont_servo_test_MSS_MSS_CM3_0_hw_platform.a(mss_gpio.o)
 .text.MSS_GPIO_clear_irq
                0x00000000       0x50 C:\Users\rwooster\Documents\cont_servo_test\SoftConsole\cont_servo_test_MSS_MSS_CM3_0\cont_servo_test_MSS_MSS_CM3_0_hw_platform\Debug\libcont_servo_test_MSS_MSS_CM3_0_hw_platform.a(mss_gpio.o)
 .text          0x00000000        0x0 C:\Users\rwooster\Documents\cont_servo_test\SoftConsole\cont_servo_test_MSS_MSS_CM3_0\cont_servo_test_MSS_MSS_CM3_0_hw_platform\Debug\libcont_servo_test_MSS_MSS_CM3_0_hw_platform.a(core_cm3.o)
 .data          0x00000000        0x0 C:\Users\rwooster\Documents\cont_servo_test\SoftConsole\cont_servo_test_MSS_MSS_CM3_0\cont_servo_test_MSS_MSS_CM3_0_hw_platform\Debug\libcont_servo_test_MSS_MSS_CM3_0_hw_platform.a(core_cm3.o)
 .bss           0x00000000        0x0 C:\Users\rwooster\Documents\cont_servo_test\SoftConsole\cont_servo_test_MSS_MSS_CM3_0\cont_servo_test_MSS_MSS_CM3_0_hw_platform\Debug\libcont_servo_test_MSS_MSS_CM3_0_hw_platform.a(core_cm3.o)
 .text.__get_PSP
                0x00000000       0x10 C:\Users\rwooster\Documents\cont_servo_test\SoftConsole\cont_servo_test_MSS_MSS_CM3_0\cont_servo_test_MSS_MSS_CM3_0_hw_platform\Debug\libcont_servo_test_MSS_MSS_CM3_0_hw_platform.a(core_cm3.o)
 .text.__set_PSP
                0x00000000        0x8 C:\Users\rwooster\Documents\cont_servo_test\SoftConsole\cont_servo_test_MSS_MSS_CM3_0\cont_servo_test_MSS_MSS_CM3_0_hw_platform\Debug\libcont_servo_test_MSS_MSS_CM3_0_hw_platform.a(core_cm3.o)
 .text.__get_MSP
                0x00000000       0x10 C:\Users\rwooster\Documents\cont_servo_test\SoftConsole\cont_servo_test_MSS_MSS_CM3_0\cont_servo_test_MSS_MSS_CM3_0_hw_platform\Debug\libcont_servo_test_MSS_MSS_CM3_0_hw_platform.a(core_cm3.o)
 .text.__set_MSP
                0x00000000        0x8 C:\Users\rwooster\Documents\cont_servo_test\SoftConsole\cont_servo_test_MSS_MSS_CM3_0\cont_servo_test_MSS_MSS_CM3_0_hw_platform\Debug\libcont_servo_test_MSS_MSS_CM3_0_hw_platform.a(core_cm3.o)
 .text.__get_BASEPRI
                0x00000000       0x20 C:\Users\rwooster\Documents\cont_servo_test\SoftConsole\cont_servo_test_MSS_MSS_CM3_0\cont_servo_test_MSS_MSS_CM3_0_hw_platform\Debug\libcont_servo_test_MSS_MSS_CM3_0_hw_platform.a(core_cm3.o)
 .text.__set_BASEPRI
                0x00000000       0x18 C:\Users\rwooster\Documents\cont_servo_test\SoftConsole\cont_servo_test_MSS_MSS_CM3_0\cont_servo_test_MSS_MSS_CM3_0_hw_platform\Debug\libcont_servo_test_MSS_MSS_CM3_0_hw_platform.a(core_cm3.o)
 .text.__get_FAULTMASK
                0x00000000       0x20 C:\Users\rwooster\Documents\cont_servo_test\SoftConsole\cont_servo_test_MSS_MSS_CM3_0\cont_servo_test_MSS_MSS_CM3_0_hw_platform\Debug\libcont_servo_test_MSS_MSS_CM3_0_hw_platform.a(core_cm3.o)
 .text.__set_FAULTMASK
                0x00000000       0x18 C:\Users\rwooster\Documents\cont_servo_test\SoftConsole\cont_servo_test_MSS_MSS_CM3_0\cont_servo_test_MSS_MSS_CM3_0_hw_platform\Debug\libcont_servo_test_MSS_MSS_CM3_0_hw_platform.a(core_cm3.o)
 .text.__get_CONTROL
                0x00000000       0x20 C:\Users\rwooster\Documents\cont_servo_test\SoftConsole\cont_servo_test_MSS_MSS_CM3_0\cont_servo_test_MSS_MSS_CM3_0_hw_platform\Debug\libcont_servo_test_MSS_MSS_CM3_0_hw_platform.a(core_cm3.o)
 .text.__set_CONTROL
                0x00000000       0x18 C:\Users\rwooster\Documents\cont_servo_test\SoftConsole\cont_servo_test_MSS_MSS_CM3_0\cont_servo_test_MSS_MSS_CM3_0_hw_platform\Debug\libcont_servo_test_MSS_MSS_CM3_0_hw_platform.a(core_cm3.o)
 .text.__REV    0x00000000       0x24 C:\Users\rwooster\Documents\cont_servo_test\SoftConsole\cont_servo_test_MSS_MSS_CM3_0\cont_servo_test_MSS_MSS_CM3_0_hw_platform\Debug\libcont_servo_test_MSS_MSS_CM3_0_hw_platform.a(core_cm3.o)
 .text.__REV16  0x00000000       0x24 C:\Users\rwooster\Documents\cont_servo_test\SoftConsole\cont_servo_test_MSS_MSS_CM3_0\cont_servo_test_MSS_MSS_CM3_0_hw_platform\Debug\libcont_servo_test_MSS_MSS_CM3_0_hw_platform.a(core_cm3.o)
 .text.__REVSH  0x00000000       0x24 C:\Users\rwooster\Documents\cont_servo_test\SoftConsole\cont_servo_test_MSS_MSS_CM3_0\cont_servo_test_MSS_MSS_CM3_0_hw_platform\Debug\libcont_servo_test_MSS_MSS_CM3_0_hw_platform.a(core_cm3.o)
 .text.__RBIT   0x00000000       0x24 C:\Users\rwooster\Documents\cont_servo_test\SoftConsole\cont_servo_test_MSS_MSS_CM3_0\cont_servo_test_MSS_MSS_CM3_0_hw_platform\Debug\libcont_servo_test_MSS_MSS_CM3_0_hw_platform.a(core_cm3.o)
 .text.__LDREXB
                0x00000000       0x24 C:\Users\rwooster\Documents\cont_servo_test\SoftConsole\cont_servo_test_MSS_MSS_CM3_0\cont_servo_test_MSS_MSS_CM3_0_hw_platform\Debug\libcont_servo_test_MSS_MSS_CM3_0_hw_platform.a(core_cm3.o)
 .text.__LDREXH
                0x00000000       0x24 C:\Users\rwooster\Documents\cont_servo_test\SoftConsole\cont_servo_test_MSS_MSS_CM3_0\cont_servo_test_MSS_MSS_CM3_0_hw_platform\Debug\libcont_servo_test_MSS_MSS_CM3_0_hw_platform.a(core_cm3.o)
 .text.__LDREXW
                0x00000000       0x24 C:\Users\rwooster\Documents\cont_servo_test\SoftConsole\cont_servo_test_MSS_MSS_CM3_0\cont_servo_test_MSS_MSS_CM3_0_hw_platform\Debug\libcont_servo_test_MSS_MSS_CM3_0_hw_platform.a(core_cm3.o)
 .text.__STREXB
                0x00000000       0x2c C:\Users\rwooster\Documents\cont_servo_test\SoftConsole\cont_servo_test_MSS_MSS_CM3_0\cont_servo_test_MSS_MSS_CM3_0_hw_platform\Debug\libcont_servo_test_MSS_MSS_CM3_0_hw_platform.a(core_cm3.o)
 .text.__STREXH
                0x00000000       0x2c C:\Users\rwooster\Documents\cont_servo_test\SoftConsole\cont_servo_test_MSS_MSS_CM3_0\cont_servo_test_MSS_MSS_CM3_0_hw_platform\Debug\libcont_servo_test_MSS_MSS_CM3_0_hw_platform.a(core_cm3.o)
 .text.__STREXW
                0x00000000       0x28 C:\Users\rwooster\Documents\cont_servo_test\SoftConsole\cont_servo_test_MSS_MSS_CM3_0\cont_servo_test_MSS_MSS_CM3_0_hw_platform\Debug\libcont_servo_test_MSS_MSS_CM3_0_hw_platform.a(core_cm3.o)
 .text          0x00000000        0x0 C:\Users\rwooster\Documents\cont_servo_test\SoftConsole\cont_servo_test_MSS_MSS_CM3_0\cont_servo_test_MSS_MSS_CM3_0_hw_platform\Debug\libcont_servo_test_MSS_MSS_CM3_0_hw_platform.a(system_a2fxxxm3.o)
 .data          0x00000000        0x0 C:\Users\rwooster\Documents\cont_servo_test\SoftConsole\cont_servo_test_MSS_MSS_CM3_0\cont_servo_test_MSS_MSS_CM3_0_hw_platform\Debug\libcont_servo_test_MSS_MSS_CM3_0_hw_platform.a(system_a2fxxxm3.o)
 .bss           0x00000000        0x0 C:\Users\rwooster\Documents\cont_servo_test\SoftConsole\cont_servo_test_MSS_MSS_CM3_0\cont_servo_test_MSS_MSS_CM3_0_hw_platform\Debug\libcont_servo_test_MSS_MSS_CM3_0_hw_platform.a(system_a2fxxxm3.o)
 .data.SystemFrequency
                0x00000000        0x4 C:\Users\rwooster\Documents\cont_servo_test\SoftConsole\cont_servo_test_MSS_MSS_CM3_0\cont_servo_test_MSS_MSS_CM3_0_hw_platform\Debug\libcont_servo_test_MSS_MSS_CM3_0_hw_platform.a(system_a2fxxxm3.o)
 .data.SystemCoreClock
                0x00000000        0x4 C:\Users\rwooster\Documents\cont_servo_test\SoftConsole\cont_servo_test_MSS_MSS_CM3_0\cont_servo_test_MSS_MSS_CM3_0_hw_platform\Debug\libcont_servo_test_MSS_MSS_CM3_0_hw_platform.a(system_a2fxxxm3.o)
 .data.g_FrequencyPCLK0
                0x00000000        0x4 C:\Users\rwooster\Documents\cont_servo_test\SoftConsole\cont_servo_test_MSS_MSS_CM3_0\cont_servo_test_MSS_MSS_CM3_0_hw_platform\Debug\libcont_servo_test_MSS_MSS_CM3_0_hw_platform.a(system_a2fxxxm3.o)
 .data.g_FrequencyPCLK1
                0x00000000        0x4 C:\Users\rwooster\Documents\cont_servo_test\SoftConsole\cont_servo_test_MSS_MSS_CM3_0\cont_servo_test_MSS_MSS_CM3_0_hw_platform\Debug\libcont_servo_test_MSS_MSS_CM3_0_hw_platform.a(system_a2fxxxm3.o)
 .data.g_FrequencyACE
                0x00000000        0x4 C:\Users\rwooster\Documents\cont_servo_test\SoftConsole\cont_servo_test_MSS_MSS_CM3_0\cont_servo_test_MSS_MSS_CM3_0_hw_platform\Debug\libcont_servo_test_MSS_MSS_CM3_0_hw_platform.a(system_a2fxxxm3.o)
 .data.g_FrequencyFPGA
                0x00000000        0x4 C:\Users\rwooster\Documents\cont_servo_test\SoftConsole\cont_servo_test_MSS_MSS_CM3_0\cont_servo_test_MSS_MSS_CM3_0_hw_platform\Debug\libcont_servo_test_MSS_MSS_CM3_0_hw_platform.a(system_a2fxxxm3.o)
 .text.SystemCoreClockUpdate
                0x00000000      0x150 C:\Users\rwooster\Documents\cont_servo_test\SoftConsole\cont_servo_test_MSS_MSS_CM3_0\cont_servo_test_MSS_MSS_CM3_0_hw_platform\Debug\libcont_servo_test_MSS_MSS_CM3_0_hw_platform.a(system_a2fxxxm3.o)
 .text.GetSystemClock
                0x00000000       0xe8 C:\Users\rwooster\Documents\cont_servo_test\SoftConsole\cont_servo_test_MSS_MSS_CM3_0\cont_servo_test_MSS_MSS_CM3_0_hw_platform\Debug\libcont_servo_test_MSS_MSS_CM3_0_hw_platform.a(system_a2fxxxm3.o)
 .rodata.C.18.2576
                0x00000000       0x10 C:\Users\rwooster\Documents\cont_servo_test\SoftConsole\cont_servo_test_MSS_MSS_CM3_0\cont_servo_test_MSS_MSS_CM3_0_hw_platform\Debug\libcont_servo_test_MSS_MSS_CM3_0_hw_platform.a(system_a2fxxxm3.o)
 .data          0x00000000        0x0 c:/actel/libero_v9.1/softconsole/sourcery-g++/bin/../lib/gcc/arm-none-eabi/4.4.1/thumb2\libgcc.a(_arm_addsubdf3.o)
 .bss           0x00000000        0x0 c:/actel/libero_v9.1/softconsole/sourcery-g++/bin/../lib/gcc/arm-none-eabi/4.4.1/thumb2\libgcc.a(_arm_addsubdf3.o)
 .data          0x00000000        0x0 c:/actel/libero_v9.1/softconsole/sourcery-g++/bin/../lib/gcc/arm-none-eabi/4.4.1/thumb2\libgcc.a(_arm_muldivdf3.o)
 .bss           0x00000000        0x0 c:/actel/libero_v9.1/softconsole/sourcery-g++/bin/../lib/gcc/arm-none-eabi/4.4.1/thumb2\libgcc.a(_arm_muldivdf3.o)
 .data          0x00000000        0x0 c:/actel/libero_v9.1/softconsole/sourcery-g++/bin/../lib/gcc/arm-none-eabi/4.4.1/thumb2\libgcc.a(_arm_fixunsdfsi.o)
 .bss           0x00000000        0x0 c:/actel/libero_v9.1/softconsole/sourcery-g++/bin/../lib/gcc/arm-none-eabi/4.4.1/thumb2\libgcc.a(_arm_fixunsdfsi.o)
 .data          0x00000000        0x0 c:/actel/libero_v9.1/softconsole/sourcery-g++/bin/../lib/gcc/arm-none-eabi/4.4.1/thumb2\libgcc.a(_arm_truncdfsf2.o)
 .bss           0x00000000        0x0 c:/actel/libero_v9.1/softconsole/sourcery-g++/bin/../lib/gcc/arm-none-eabi/4.4.1/thumb2\libgcc.a(_arm_truncdfsf2.o)
 .data          0x00000000        0x0 c:/actel/libero_v9.1/softconsole/sourcery-g++/bin/../lib/gcc/arm-none-eabi/4.4.1/thumb2\libgcc.a(_arm_addsubsf3.o)
 .bss           0x00000000        0x0 c:/actel/libero_v9.1/softconsole/sourcery-g++/bin/../lib/gcc/arm-none-eabi/4.4.1/thumb2\libgcc.a(_arm_addsubsf3.o)
 .data          0x00000000        0x0 c:/actel/libero_v9.1/softconsole/sourcery-g++/bin/../lib/gcc/arm-none-eabi/4.4.1/thumb2\libgcc.a(_arm_muldivsf3.o)
 .bss           0x00000000        0x0 c:/actel/libero_v9.1/softconsole/sourcery-g++/bin/../lib/gcc/arm-none-eabi/4.4.1/thumb2\libgcc.a(_arm_muldivsf3.o)
 .text          0x00000000        0xc c:/actel/libero_v9.1/softconsole/sourcery-g++/bin/../lib/gcc/arm-none-eabi/4.4.1/../../../../arm-none-eabi/lib/thumb2\libc.a(lib_a-errno.o)
 .data          0x00000000        0x0 c:/actel/libero_v9.1/softconsole/sourcery-g++/bin/../lib/gcc/arm-none-eabi/4.4.1/../../../../arm-none-eabi/lib/thumb2\libc.a(lib_a-errno.o)
 .bss           0x00000000        0x0 c:/actel/libero_v9.1/softconsole/sourcery-g++/bin/../lib/gcc/arm-none-eabi/4.4.1/../../../../arm-none-eabi/lib/thumb2\libc.a(lib_a-errno.o)
 .text          0x00000000        0x0 c:/actel/libero_v9.1/softconsole/sourcery-g++/bin/../lib/gcc/arm-none-eabi/4.4.1/../../../../arm-none-eabi/lib/thumb2\libc.a(lib_a-impure.o)
 .data          0x00000000       0xf4 c:/actel/libero_v9.1/softconsole/sourcery-g++/bin/../lib/gcc/arm-none-eabi/4.4.1/../../../../arm-none-eabi/lib/thumb2\libc.a(lib_a-impure.o)
 .bss           0x00000000        0x0 c:/actel/libero_v9.1/softconsole/sourcery-g++/bin/../lib/gcc/arm-none-eabi/4.4.1/../../../../arm-none-eabi/lib/thumb2\libc.a(lib_a-impure.o)
 .rodata        0x00000000        0x4 c:/actel/libero_v9.1/softconsole/sourcery-g++/bin/../lib/gcc/arm-none-eabi/4.4.1/../../../../arm-none-eabi/lib/thumb2\libc.a(lib_a-impure.o)
 .rodata.str1.4
                0x00000000        0x4 c:/actel/libero_v9.1/softconsole/sourcery-g++/bin/../lib/gcc/arm-none-eabi/4.4.1/../../../../arm-none-eabi/lib/thumb2\libc.a(lib_a-impure.o)
 .data          0x00000000        0x0 c:/actel/libero_v9.1/softconsole/sourcery-g++/bin/../lib/gcc/arm-none-eabi/4.4.1/../../../../arm-none-eabi/lib/thumb2\libc.a(lib_a-init.o)
 .bss           0x00000000        0x0 c:/actel/libero_v9.1/softconsole/sourcery-g++/bin/../lib/gcc/arm-none-eabi/4.4.1/../../../../arm-none-eabi/lib/thumb2\libc.a(lib_a-init.o)
 .text          0x00000000        0x0 c:/actel/libero_v9.1/softconsole/sourcery-g++/bin/../lib/gcc/arm-none-eabi/4.4.1/thumb2/crtend.o
 .data          0x00000000        0x0 c:/actel/libero_v9.1/softconsole/sourcery-g++/bin/../lib/gcc/arm-none-eabi/4.4.1/thumb2/crtend.o
 .bss           0x00000000        0x0 c:/actel/libero_v9.1/softconsole/sourcery-g++/bin/../lib/gcc/arm-none-eabi/4.4.1/thumb2/crtend.o
 .text          0x00000000        0x0 c:/actel/libero_v9.1/softconsole/sourcery-g++/bin/../lib/gcc/arm-none-eabi/4.4.1/thumb2/crtn.o
 .data          0x00000000        0x0 c:/actel/libero_v9.1/softconsole/sourcery-g++/bin/../lib/gcc/arm-none-eabi/4.4.1/thumb2/crtn.o
 .bss           0x00000000        0x0 c:/actel/libero_v9.1/softconsole/sourcery-g++/bin/../lib/gcc/arm-none-eabi/4.4.1/thumb2/crtn.o

Memory Configuration

Name             Origin             Length             Attributes
ram              0x20000000         0x00010000         xrw
*default*        0x00000000         0xffffffff

Linker script and memory map

LOAD c:/actel/libero_v9.1/softconsole/sourcery-g++/bin/../lib/gcc/arm-none-eabi/4.4.1/thumb2/crti.o
LOAD c:/actel/libero_v9.1/softconsole/sourcery-g++/bin/../lib/gcc/arm-none-eabi/4.4.1/thumb2/crtbegin.o
LOAD ./imu.o
LOAD ./main.o
LOAD C:/Users/rwooster/Documents/cont_servo_test/SoftConsole/cont_servo_test_MSS_MSS_CM3_0/cont_servo_test_MSS_MSS_CM3_0_hw_platform/Debug/CMSIS/startup_gcc/startup_a2fxxxm3.o
LOAD C:/Users/rwooster/Documents/cont_servo_test/SoftConsole/cont_servo_test_MSS_MSS_CM3_0/cont_servo_test_MSS_MSS_CM3_0_hw_platform/Debug/CMSIS/startup_gcc/newlib_stubs.o
LOAD C:\Users\rwooster\Documents\cont_servo_test\SoftConsole\cont_servo_test_MSS_MSS_CM3_0\cont_servo_test_MSS_MSS_CM3_0_hw_platform\Debug\libcont_servo_test_MSS_MSS_CM3_0_hw_platform.a
START GROUP
LOAD c:/actel/libero_v9.1/softconsole/sourcery-g++/bin/../lib/gcc/arm-none-eabi/4.4.1/thumb2\libgcc.a
LOAD c:/actel/libero_v9.1/softconsole/sourcery-g++/bin/../lib/gcc/arm-none-eabi/4.4.1/../../../../arm-none-eabi/lib/thumb2\libc.a
END GROUP
LOAD c:/actel/libero_v9.1/softconsole/sourcery-g++/bin/../lib/gcc/arm-none-eabi/4.4.1/thumb2/crtend.o
LOAD c:/actel/libero_v9.1/softconsole/sourcery-g++/bin/../lib/gcc/arm-none-eabi/4.4.1/thumb2/crtn.o
START GROUP
LOAD c:/actel/libero_v9.1/softconsole/sourcery-g++/bin/../lib/gcc/arm-none-eabi/4.4.1/../../../../arm-none-eabi/lib/thumb2\libc.a
LOAD c:/actel/libero_v9.1/softconsole/sourcery-g++/bin/../lib/gcc/arm-none-eabi/4.4.1/thumb2\libgcc.a
LOAD c:/actel/libero_v9.1/softconsole/sourcery-g++/bin/../lib/gcc/arm-none-eabi/4.4.1/../../../../arm-none-eabi/lib/thumb2\libm.a
END GROUP
                0x00000000                __DYNAMIC = 0x0
                0x20000000                RAM_START_ADDRESS = 0x20000000
                0x00010000                RAM_SIZE = 0x10000
                0x00002000                MAIN_STACK_SIZE = 0x2000
                0x00001000                PROCESS_STACK_SIZE = 0x1000
                0x20010000                PROVIDE (__main_stack_start, (RAM_START_ADDRESS + RAM_SIZE))
                0x2000e000                PROVIDE (__process_stack_start, (__main_stack_start - MAIN_STACK_SIZE))
                0x20010000                PROVIDE (_estack, __main_stack_start)
                0x00000000                PROVIDE (__mirrored_nvm, 0x0)

.text           0x20000000     0x29a0
 CREATE_OBJECT_SYMBOLS
                0x20000000                __text_load = LOADADDR (.text)
                0x20000000                __text_start = .
 *(.isr_vector)
 .isr_vector    0x20000000      0x470 C:/Users/rwooster/Documents/cont_servo_test/SoftConsole/cont_servo_test_MSS_MSS_CM3_0/cont_servo_test_MSS_MSS_CM3_0_hw_platform/Debug/CMSIS/startup_gcc/startup_a2fxxxm3.o
                0x20000000                g_pfnVectors
                0x20000298                Reset_Handler
                0x20000308                NMI_Handler
                0x2000030a                HardFault_Handler
                0x2000030c                MemManage_Handler
                0x2000030e                BusFault_Handler
                0x20000310                UsageFault_Handler
                0x20000312                SVC_Handler
                0x20000314                DebugMon_Handler
                0x20000316                PendSV_Handler
                0x20000318                SysTick_Handler
                0x2000031a                WdogWakeup_IRQHandler
                0x2000031c                BrownOut_1_5V_IRQHandler
                0x2000031e                BrownOut_3_3V_IRQHandler
                0x20000320                RTC_Match_IRQHandler
                0x20000322                RTCIF_Pub_IRQHandler
                0x20000324                EthernetMAC_IRQHandler
                0x20000326                IAP_IRQHandler
                0x20000328                ENVM0_IRQHandler
                0x2000032a                ENVM1_IRQHandler
                0x2000032c                DMA_IRQHandler
                0x20000332                SPI0_IRQHandler
                0x20000334                SPI1_IRQHandler
                0x20000338                I2C0_SMBAlert_IRQHandler
                0x2000033a                I2C0_SMBus_IRQHandler
                0x2000033e                I2C1_SMBAlert_IRQHandler
                0x20000340                I2C1_SMBus_IRQHandler
                0x20000344                Timer2_IRQHandler
                0x20000346                PLL_Lock_IRQHandler
                0x20000348                PLL_LockLost_IRQHandler
                0x2000034a                CommError_IRQHandler
                0x2000034c                Fabric_IRQHandler
                0x2000034e                GPIO0_IRQHandler
                0x20000350                GPIO1_IRQHandler
                0x20000352                GPIO2_IRQHandler
                0x20000354                GPIO3_IRQHandler
                0x20000356                GPIO4_IRQHandler
                0x20000358                GPIO5_IRQHandler
                0x2000035a                GPIO6_IRQHandler
                0x2000035c                GPIO7_IRQHandler
                0x2000035e                GPIO8_IRQHandler
                0x20000360                GPIO9_IRQHandler
                0x20000362                GPIO10_IRQHandler
                0x20000364                GPIO11_IRQHandler
                0x20000366                GPIO12_IRQHandler
                0x20000368                GPIO13_IRQHandler
                0x2000036a                GPIO14_IRQHandler
                0x2000036c                GPIO15_IRQHandler
                0x2000036e                GPIO16_IRQHandler
                0x20000370                GPIO17_IRQHandler
                0x20000372                GPIO18_IRQHandler
                0x20000374                GPIO19_IRQHandler
                0x20000376                GPIO20_IRQHandler
                0x20000378                GPIO21_IRQHandler
                0x2000037a                GPIO22_IRQHandler
                0x2000037c                GPIO23_IRQHandler
                0x2000037e                GPIO24_IRQHandler
                0x20000380                GPIO25_IRQHandler
                0x20000382                GPIO26_IRQHandler
                0x20000384                GPIO27_IRQHandler
                0x20000386                GPIO28_IRQHandler
                0x20000388                GPIO29_IRQHandler
                0x2000038a                GPIO30_IRQHandler
                0x2000038c                GPIO31_IRQHandler
                0x2000038e                ACE_PC0_Flag0_IRQHandler
                0x20000390                ACE_PC0_Flag1_IRQHandler
                0x20000392                ACE_PC0_Flag2_IRQHandler
                0x20000394                ACE_PC0_Flag3_IRQHandler
                0x20000396                ACE_PC1_Flag0_IRQHandler
                0x20000398                ACE_PC1_Flag1_IRQHandler
                0x2000039a                ACE_PC1_Flag2_IRQHandler
                0x2000039c                ACE_PC1_Flag3_IRQHandler
                0x2000039e                ACE_PC2_Flag0_IRQHandler
                0x200003a0                ACE_PC2_Flag1_IRQHandler
                0x200003a2                ACE_PC2_Flag2_IRQHandler
                0x200003a4                ACE_PC2_Flag3_IRQHandler
                0x200003a6                ACE_ADC0_DataValid_IRQHandler
                0x200003a8                ACE_ADC1_DataValid_IRQHandler
                0x200003aa                ACE_ADC2_DataValid_IRQHandler
                0x200003ac                ACE_ADC0_CalDone_IRQHandler
                0x200003ae                ACE_ADC1_CalDone_IRQHandler
                0x200003b0                ACE_ADC2_CalDone_IRQHandler
                0x200003b2                ACE_ADC0_CalStart_IRQHandler
                0x200003b4                ACE_ADC1_CalStart_IRQHandler
                0x200003b6                ACE_ADC2_CalStart_IRQHandler
                0x200003b8                ACE_Comp0_Fall_IRQHandler
                0x200003ba                ACE_Comp1_Fall_IRQHandler
                0x200003bc                ACE_Comp2_Fall_IRQHandler
                0x200003be                ACE_Comp3_Fall_IRQHandler
                0x200003c0                ACE_Comp4_Fall_IRQHandler
                0x200003c2                ACE_Comp5_Fall_IRQHandler
                0x200003c4                ACE_Comp6_Fall_IRQHandler
                0x200003c6                ACE_Comp7_Fall_IRQHandler
                0x200003c8                ACE_Comp8_Fall_IRQHandler
                0x200003ca                ACE_Comp9_Fall_IRQHandler
                0x200003cc                ACE_Comp10_Fall_IRQHandler
                0x200003ce                ACE_Comp11_Fall_IRQHandler
                0x200003d0                ACE_Comp0_Rise_IRQHandler
                0x200003d2                ACE_Comp1_Rise_IRQHandler
                0x200003d4                ACE_Comp2_Rise_IRQHandler
                0x200003d6                ACE_Comp3_Rise_IRQHandler
                0x200003d8                ACE_Comp4_Rise_IRQHandler
                0x200003da                ACE_Comp5_Rise_IRQHandler
                0x200003dc                ACE_Comp6_Rise_IRQHandler
                0x200003de                ACE_Comp7_Rise_IRQHandler
                0x200003e0                ACE_Comp8_Rise_IRQHandler
                0x200003e2                ACE_Comp9_Rise_IRQHandler
                0x200003e4                ACE_Comp10_Rise_IRQHandler
                0x200003e6                ACE_Comp11_Rise_IRQHandler
                0x200003e8                ACE_ADC0_FifoFull_IRQHandler
                0x200003ea                ACE_ADC0_FifoAFull_IRQHandler
                0x200003ec                ACE_ADC0_FifoEmpty_IRQHandler
                0x200003ee                ACE_ADC1_FifoFull_IRQHandler
                0x200003f0                ACE_ADC1_FifoAFull_IRQHandler
                0x200003f2                ACE_ADC1_FifoEmpty_IRQHandler
                0x200003f4                ACE_ADC2_FifoFull_IRQHandler
                0x200003f6                ACE_ADC2_FifoAFull_IRQHandler
                0x200003f8                ACE_ADC2_FifoEmpty_IRQHandler
                0x200003fa                ACE_PPE_Flag0_IRQHandler
                0x200003fc                ACE_PPE_Flag1_IRQHandler
                0x200003fe                ACE_PPE_Flag2_IRQHandler
                0x20000400                ACE_PPE_Flag3_IRQHandler
                0x20000402                ACE_PPE_Flag4_IRQHandler
                0x20000404                ACE_PPE_Flag5_IRQHandler
                0x20000406                ACE_PPE_Flag6_IRQHandler
                0x20000408                ACE_PPE_Flag7_IRQHandler
                0x2000040a                ACE_PPE_Flag8_IRQHandler
                0x2000040c                ACE_PPE_Flag9_IRQHandler
                0x2000040e                ACE_PPE_Flag10_IRQHandler
                0x20000410                ACE_PPE_Flag11_IRQHandler
                0x20000412                ACE_PPE_Flag12_IRQHandler
                0x20000414                ACE_PPE_Flag13_IRQHandler
                0x20000416                ACE_PPE_Flag14_IRQHandler
                0x20000418                ACE_PPE_Flag15_IRQHandler
                0x2000041a                ACE_PPE_Flag16_IRQHandler
                0x2000041c                ACE_PPE_Flag17_IRQHandler
                0x2000041e                ACE_PPE_Flag18_IRQHandler
                0x20000420                ACE_PPE_Flag19_IRQHandler
                0x20000422                ACE_PPE_Flag20_IRQHandler
                0x20000424                ACE_PPE_Flag21_IRQHandler
                0x20000426                ACE_PPE_Flag22_IRQHandler
                0x20000428                ACE_PPE_Flag23_IRQHandler
                0x2000042a                ACE_PPE_Flag24_IRQHandler
                0x2000042c                ACE_PPE_Flag25_IRQHandler
                0x2000042e                ACE_PPE_Flag26_IRQHandler
                0x20000430                ACE_PPE_Flag27_IRQHandler
                0x20000432                ACE_PPE_Flag28_IRQHandler
                0x20000434                ACE_PPE_Flag29_IRQHandler
                0x20000436                ACE_PPE_Flag30_IRQHandler
                0x20000438                ACE_PPE_Flag31_IRQHandler
 *(.text .text.* .gnu.linkonce.t.*)
 .text          0x20000470       0x30 c:/actel/libero_v9.1/softconsole/sourcery-g++/bin/../lib/gcc/arm-none-eabi/4.4.1/thumb2/crtbegin.o
 .text.imu_init
                0x200004a0       0x14 ./imu.o
                0x200004a0                imu_init
 .text.imu_accl_y
                0x200004b4       0x44 ./imu.o
                0x200004b4                imu_accl_y
 .text.imu_gyro_x
                0x200004f8       0x40 ./imu.o
                0x200004f8                imu_gyro_x
 .text.imu_write
                0x20000538       0x4c ./imu.o
                0x20000538                imu_write
 .text.imu_read
                0x20000584       0x70 ./imu.o
                0x20000584                imu_read
 .text.NVIC_EnableIRQ
                0x200005f4       0x38 ./main.o
 .text.NVIC_DisableIRQ
                0x2000062c       0x3c ./main.o
 .text.NVIC_ClearPendingIRQ
                0x20000668       0x3c ./main.o
 .text.MSS_TIM1_init
                0x200006a4       0x84 ./main.o
 .text.MSS_TIM1_start
                0x20000728       0x1c ./main.o
 .text.MSS_TIM1_load_background
                0x20000744       0x20 ./main.o
 .text.MSS_TIM1_enable_irq
                0x20000764       0x20 ./main.o
 .text.MSS_TIM1_clear_irq
                0x20000784       0x1c ./main.o
 .text.MSS_TIM2_init
                0x200007a0       0x84 ./main.o
 .text.MSS_TIM2_start
                0x20000824       0x1c ./main.o
 .text.MSS_TIM2_get_current_value
                0x20000840       0x18 ./main.o
 .text.MSS_TIM2_load_immediate
                0x20000858       0x20 ./main.o
 .text.Timer1_IRQHandler
                0x20000878      0x240 ./main.o
                0x20000878                Timer1_IRQHandler
 .text.main     0x20000ab8      0x1d0 ./main.o
                0x20000ab8                main
 .text.NVIC_ClearPendingIRQ
                0x20000c88       0x3c C:\Users\rwooster\Documents\cont_servo_test\SoftConsole\cont_servo_test_MSS_MSS_CM3_0\cont_servo_test_MSS_MSS_CM3_0_hw_platform\Debug\libcont_servo_test_MSS_MSS_CM3_0_hw_platform.a(mss_uart.o)
 .text.MSS_UART_isr
                0x20000cc4      0x11c C:\Users\rwooster\Documents\cont_servo_test\SoftConsole\cont_servo_test_MSS_MSS_CM3_0\cont_servo_test_MSS_MSS_CM3_0_hw_platform\Debug\libcont_servo_test_MSS_MSS_CM3_0_hw_platform.a(mss_uart.o)
 .text.UART0_IRQHandler
                0x20000de0       0x2c C:\Users\rwooster\Documents\cont_servo_test\SoftConsole\cont_servo_test_MSS_MSS_CM3_0\cont_servo_test_MSS_MSS_CM3_0_hw_platform\Debug\libcont_servo_test_MSS_MSS_CM3_0_hw_platform.a(mss_uart.o)
                0x20000de0                UART0_IRQHandler
 .text.UART1_IRQHandler
                0x20000e0c       0x2c C:\Users\rwooster\Documents\cont_servo_test\SoftConsole\cont_servo_test_MSS_MSS_CM3_0\cont_servo_test_MSS_MSS_CM3_0_hw_platform\Debug\libcont_servo_test_MSS_MSS_CM3_0_hw_platform.a(mss_uart.o)
                0x20000e0c                UART1_IRQHandler
 .text.NVIC_EnableIRQ
                0x20000e38       0x38 C:\Users\rwooster\Documents\cont_servo_test\SoftConsole\cont_servo_test_MSS_MSS_CM3_0\cont_servo_test_MSS_MSS_CM3_0_hw_platform\Debug\libcont_servo_test_MSS_MSS_CM3_0_hw_platform.a(mss_i2c.o)
 .text.NVIC_DisableIRQ
                0x20000e70       0x3c C:\Users\rwooster\Documents\cont_servo_test\SoftConsole\cont_servo_test_MSS_MSS_CM3_0\cont_servo_test_MSS_MSS_CM3_0_hw_platform\Debug\libcont_servo_test_MSS_MSS_CM3_0_hw_platform.a(mss_i2c.o)
 .text.NVIC_ClearPendingIRQ
                0x20000eac       0x3c C:\Users\rwooster\Documents\cont_servo_test\SoftConsole\cont_servo_test_MSS_MSS_CM3_0\cont_servo_test_MSS_MSS_CM3_0_hw_platform\Debug\libcont_servo_test_MSS_MSS_CM3_0_hw_platform.a(mss_i2c.o)
 .text.MSS_I2C_init
                0x20000ee8      0x19c C:\Users\rwooster\Documents\cont_servo_test\SoftConsole\cont_servo_test_MSS_MSS_CM3_0\cont_servo_test_MSS_MSS_CM3_0_hw_platform\Debug\libcont_servo_test_MSS_MSS_CM3_0_hw_platform.a(mss_i2c.o)
                0x20000ee8                MSS_I2C_init
 .text.MSS_I2C_write
                0x20001084       0xc4 C:\Users\rwooster\Documents\cont_servo_test\SoftConsole\cont_servo_test_MSS_MSS_CM3_0\cont_servo_test_MSS_MSS_CM3_0_hw_platform\Debug\libcont_servo_test_MSS_MSS_CM3_0_hw_platform.a(mss_i2c.o)
                0x20001084                MSS_I2C_write
 .text.MSS_I2C_read
                0x20001148       0xc8 C:\Users\rwooster\Documents\cont_servo_test\SoftConsole\cont_servo_test_MSS_MSS_CM3_0\cont_servo_test_MSS_MSS_CM3_0_hw_platform\Debug\libcont_servo_test_MSS_MSS_CM3_0_hw_platform.a(mss_i2c.o)
                0x20001148                MSS_I2C_read
 .text.MSS_I2C_wait_complete
                0x20001210       0x48 C:\Users\rwooster\Documents\cont_servo_test\SoftConsole\cont_servo_test_MSS_MSS_CM3_0\cont_servo_test_MSS_MSS_CM3_0_hw_platform\Debug\libcont_servo_test_MSS_MSS_CM3_0_hw_platform.a(mss_i2c.o)
                0x20001210                MSS_I2C_wait_complete
 .text.mss_i2c_isr
                0x20001258      0x6f4 C:\Users\rwooster\Documents\cont_servo_test\SoftConsole\cont_servo_test_MSS_MSS_CM3_0\cont_servo_test_MSS_MSS_CM3_0_hw_platform\Debug\libcont_servo_test_MSS_MSS_CM3_0_hw_platform.a(mss_i2c.o)
 .text.disable_interrupts
                0x2000194c       0x1c C:\Users\rwooster\Documents\cont_servo_test\SoftConsole\cont_servo_test_MSS_MSS_CM3_0\cont_servo_test_MSS_MSS_CM3_0_hw_platform\Debug\libcont_servo_test_MSS_MSS_CM3_0_hw_platform.a(mss_i2c.o)
 .text.restore_interrupts
                0x20001968       0x18 C:\Users\rwooster\Documents\cont_servo_test\SoftConsole\cont_servo_test_MSS_MSS_CM3_0\cont_servo_test_MSS_MSS_CM3_0_hw_platform\Debug\libcont_servo_test_MSS_MSS_CM3_0_hw_platform.a(mss_i2c.o)
 .text.I2C0_IRQHandler
                0x20001980       0x2c C:\Users\rwooster\Documents\cont_servo_test\SoftConsole\cont_servo_test_MSS_MSS_CM3_0\cont_servo_test_MSS_MSS_CM3_0_hw_platform\Debug\libcont_servo_test_MSS_MSS_CM3_0_hw_platform.a(mss_i2c.o)
                0x20001980                I2C0_IRQHandler
 .text.I2C1_IRQHandler
                0x200019ac       0x2c C:\Users\rwooster\Documents\cont_servo_test\SoftConsole\cont_servo_test_MSS_MSS_CM3_0\cont_servo_test_MSS_MSS_CM3_0_hw_platform\Debug\libcont_servo_test_MSS_MSS_CM3_0_hw_platform.a(mss_i2c.o)
                0x200019ac                I2C1_IRQHandler
 .text.NVIC_ClearPendingIRQ
                0x200019d8       0x3c C:\Users\rwooster\Documents\cont_servo_test\SoftConsole\cont_servo_test_MSS_MSS_CM3_0\cont_servo_test_MSS_MSS_CM3_0_hw_platform\Debug\libcont_servo_test_MSS_MSS_CM3_0_hw_platform.a(mss_gpio.o)
 .text.MSS_GPIO_init
                0x20001a14       0x6c C:\Users\rwooster\Documents\cont_servo_test\SoftConsole\cont_servo_test_MSS_MSS_CM3_0\cont_servo_test_MSS_MSS_CM3_0_hw_platform\Debug\libcont_servo_test_MSS_MSS_CM3_0_hw_platform.a(mss_gpio.o)
                0x20001a14                MSS_GPIO_init
 .text.MSS_GPIO_config
                0x20001a80       0x3c C:\Users\rwooster\Documents\cont_servo_test\SoftConsole\cont_servo_test_MSS_MSS_CM3_0\cont_servo_test_MSS_MSS_CM3_0_hw_platform\Debug\libcont_servo_test_MSS_MSS_CM3_0_hw_platform.a(mss_gpio.o)
                0x20001a80                MSS_GPIO_config
 .text.MSS_GPIO_set_output
                0x20001abc       0x40 C:\Users\rwooster\Documents\cont_servo_test\SoftConsole\cont_servo_test_MSS_MSS_CM3_0\cont_servo_test_MSS_MSS_CM3_0_hw_platform\Debug\libcont_servo_test_MSS_MSS_CM3_0_hw_platform.a(mss_gpio.o)
                0x20001abc                MSS_GPIO_set_output
 .text.__get_PRIMASK
                0x20001afc       0x20 C:\Users\rwooster\Documents\cont_servo_test\SoftConsole\cont_servo_test_MSS_MSS_CM3_0\cont_servo_test_MSS_MSS_CM3_0_hw_platform\Debug\libcont_servo_test_MSS_MSS_CM3_0_hw_platform.a(core_cm3.o)
                0x20001afc                __get_PRIMASK
 .text.__set_PRIMASK
                0x20001b1c       0x18 C:\Users\rwooster\Documents\cont_servo_test\SoftConsole\cont_servo_test_MSS_MSS_CM3_0\cont_servo_test_MSS_MSS_CM3_0_hw_platform\Debug\libcont_servo_test_MSS_MSS_CM3_0_hw_platform.a(core_cm3.o)
                0x20001b1c                __set_PRIMASK
 .text.SystemInit
                0x20001b34        0xc C:\Users\rwooster\Documents\cont_servo_test\SoftConsole\cont_servo_test_MSS_MSS_CM3_0\cont_servo_test_MSS_MSS_CM3_0_hw_platform\Debug\libcont_servo_test_MSS_MSS_CM3_0_hw_platform.a(system_a2fxxxm3.o)
                0x20001b34                SystemInit
 .text          0x20001b40      0x370 c:/actel/libero_v9.1/softconsole/sourcery-g++/bin/../lib/gcc/arm-none-eabi/4.4.1/thumb2\libgcc.a(_arm_addsubdf3.o)
                0x20001b40                __aeabi_drsub
                0x20001b48                __aeabi_dsub
                0x20001b48                __subdf3
                0x20001b4c                __aeabi_dadd
                0x20001b4c                __adddf3
                0x20001dc4                __floatunsidf
                0x20001dc4                __aeabi_ui2d
                0x20001de4                __floatsidf
                0x20001de4                __aeabi_i2d
                0x20001e08                __aeabi_f2d
                0x20001e08                __extendsfdf2
                0x20001e44                __floatundidf
                0x20001e44                __aeabi_ul2d
                0x20001e54                __floatdidf
                0x20001e54                __aeabi_l2d
 .text          0x20001eb0      0x424 c:/actel/libero_v9.1/softconsole/sourcery-g++/bin/../lib/gcc/arm-none-eabi/4.4.1/thumb2\libgcc.a(_arm_muldivdf3.o)
                0x20001eb0                __aeabi_dmul
                0x20001eb0                __muldf3
                0x20002104                __divdf3
                0x20002104                __aeabi_ddiv
 .text          0x200022d4       0x40 c:/actel/libero_v9.1/softconsole/sourcery-g++/bin/../lib/gcc/arm-none-eabi/4.4.1/thumb2\libgcc.a(_arm_fixunsdfsi.o)
                0x200022d4                __aeabi_d2uiz
                0x200022d4                __fixunsdfsi
 .text          0x20002314       0xa0 c:/actel/libero_v9.1/softconsole/sourcery-g++/bin/../lib/gcc/arm-none-eabi/4.4.1/thumb2\libgcc.a(_arm_truncdfsf2.o)
                0x20002314                __truncdfsf2
                0x20002314                __aeabi_d2f
 .text          0x200023b4      0x21c c:/actel/libero_v9.1/softconsole/sourcery-g++/bin/../lib/gcc/arm-none-eabi/4.4.1/thumb2\libgcc.a(_arm_addsubsf3.o)
                0x200023b4                __aeabi_frsub
                0x200023bc                __subsf3
                0x200023bc                __aeabi_fsub
                0x200023c0                __aeabi_fadd
                0x200023c0                __addsf3
                0x20002520                __aeabi_ui2f
                0x20002520                __floatunsisf
                0x20002528                __aeabi_i2f
                0x20002528                __floatsisf
                0x20002544                __aeabi_ul2f
                0x20002544                __floatundisf
                0x20002554                __aeabi_l2f
                0x20002554                __floatdisf
 .text          0x200025d0      0x2a0 c:/actel/libero_v9.1/softconsole/sourcery-g++/bin/../lib/gcc/arm-none-eabi/4.4.1/thumb2\libgcc.a(_arm_muldivsf3.o)
                0x200025d0                __mulsf3
                0x200025d0                __aeabi_fmul
                0x20002738                __aeabi_fdiv
                0x20002738                __divsf3
 .text          0x20002870       0x50 c:/actel/libero_v9.1/softconsole/sourcery-g++/bin/../lib/gcc/arm-none-eabi/4.4.1/../../../../arm-none-eabi/lib/thumb2\libc.a(lib_a-init.o)
                0x20002870                __libc_init_array
 *(.plt)
 *(.gnu.warning)
 *(.glue_7t)
 .glue_7t       0x00000000        0x0 linker stubs
 *(.glue_7)
 .glue_7        0x00000000        0x0 linker stubs
 *(.vfp11_veneer)
 .vfp11_veneer  0x00000000        0x0 linker stubs
                0x200028c0                . = ALIGN (0x4)
 *crtbegin.o(.ctors)
 *(EXCLUDE_FILE(*crtend.o) .ctors)
 *(SORT(.ctors.*))
 *crtend.o(.ctors)
 *crtbegin.o(.dtors)
 *(EXCLUDE_FILE(*crtend.o) .dtors)
 *(SORT(.dtors.*))
 *crtend.o(.dtors)
 *(.rodata .rodata.* .gnu.linkonce.r.*)
 .rodata.g_config_reg_lut
                0x200028c0       0x80 C:\Users\rwooster\Documents\cont_servo_test\SoftConsole\cont_servo_test_MSS_MSS_CM3_0\cont_servo_test_MSS_MSS_CM3_0_hw_platform\Debug\libcont_servo_test_MSS_MSS_CM3_0_hw_platform.a(mss_gpio.o)
 .rodata.g_gpio_irqn_lut
                0x20002940       0x40 C:\Users\rwooster\Documents\cont_servo_test\SoftConsole\cont_servo_test_MSS_MSS_CM3_0\cont_servo_test_MSS_MSS_CM3_0_hw_platform\Debug\libcont_servo_test_MSS_MSS_CM3_0_hw_platform.a(mss_gpio.o)
 *(.ARM.extab* .gnu.linkonce.armextab.*)
 *(.gcc_except_table)
 *(.eh_frame_hdr)
 *(.eh_frame)
 *(.init)
 .init          0x20002980        0x4 c:/actel/libero_v9.1/softconsole/sourcery-g++/bin/../lib/gcc/arm-none-eabi/4.4.1/thumb2/crti.o
                0x20002980                _init
 .init          0x20002984        0x8 c:/actel/libero_v9.1/softconsole/sourcery-g++/bin/../lib/gcc/arm-none-eabi/4.4.1/thumb2/crtn.o
 *(.fini)
 .fini          0x2000298c        0x4 c:/actel/libero_v9.1/softconsole/sourcery-g++/bin/../lib/gcc/arm-none-eabi/4.4.1/thumb2/crti.o
                0x2000298c                _fini
 .fini          0x20002990        0x8 c:/actel/libero_v9.1/softconsole/sourcery-g++/bin/../lib/gcc/arm-none-eabi/4.4.1/thumb2/crtn.o
                0x20002998                PROVIDE (__preinit_array_start, .)
 *(.preinit_array)
                0x20002998                PROVIDE (__preinit_array_end, .)
                0x20002998                PROVIDE (__init_array_start, .)
 *(SORT(.init_array.*))
 *(.init_array)
 .init_array    0x20002998        0x4 c:/actel/libero_v9.1/softconsole/sourcery-g++/bin/../lib/gcc/arm-none-eabi/4.4.1/thumb2/crtbegin.o
                0x2000299c                PROVIDE (__init_array_end, .)
                0x2000299c                PROVIDE (__fini_array_start, .)
 *(.fini_array)
 .fini_array    0x2000299c        0x4 c:/actel/libero_v9.1/softconsole/sourcery-g++/bin/../lib/gcc/arm-none-eabi/4.4.1/thumb2/crtbegin.o
 *(SORT(.fini_array.*))
                0x200029a0                PROVIDE (__fini_array_end, .)
                0x200029a0                __exidx_start = .

.v4_bx          0x200029a0        0x0
 .v4_bx         0x00000000        0x0 linker stubs

.ARM.exidx
 *(.ARM.exidx* .gnu.linkonce.armexidx.*)
                0x200029a0                __exidx_end = .
                0x200029a0                _etext = .
                0x200029a0                PROVIDE (__text_end, .)

.data           0x200029a0        0x4
                0x200029a0                __data_load = LOADADDR (.data)
                0x200029a0                _sidata = LOADADDR (.data)
                0x200029a0                __data_start = .
                0x200029a0                _sdata = .
 *(.jcr)
 .jcr           0x200029a0        0x0 c:/actel/libero_v9.1/softconsole/sourcery-g++/bin/../lib/gcc/arm-none-eabi/4.4.1/thumb2/crtbegin.o
 .jcr           0x200029a0        0x4 c:/actel/libero_v9.1/softconsole/sourcery-g++/bin/../lib/gcc/arm-none-eabi/4.4.1/thumb2/crtend.o
 *(.got.plt)
 *(.got)
 *(.shdata)
 *(.data .data.* .gnu.linkonce.d.*)
                0x200029a4                . = ALIGN (0x4)
                0x200029a4                _edata = .

.bss            0x200029a4      0x27c
                0x200029a4                __bss_start__ = .
                0x200029a4                _sbss = .
 *(.shbss)
 *(.bss .bss.* .gnu.linkonce.b.*)
 .bss           0x200029a4        0x1 c:/actel/libero_v9.1/softconsole/sourcery-g++/bin/../lib/gcc/arm-none-eabi/4.4.1/thumb2/crtbegin.o
 *fill*         0x200029a5        0x3 00
 .bss.angle     0x200029a8        0x4 ./main.o
                0x200029a8                angle
 .bss.index_gyro.3881
                0x200029ac        0x4 ./main.o
 .bss.gyro_avgs.3880
                0x200029b0       0xc8 ./main.o
 .bss.index_accl.3889
                0x20002a78        0x4 ./main.o
 .bss.accl_avgs.3888
                0x20002a7c       0xc8 ./main.o
 *(COMMON)
 COMMON         0x20002b44        0x4 ./main.o
                0x20002b44                Y_ACCL
                0x20002b46                X_GYRO
 COMMON         0x20002b48       0x50 C:\Users\rwooster\Documents\cont_servo_test\SoftConsole\cont_servo_test_MSS_MSS_CM3_0\cont_servo_test_MSS_MSS_CM3_0_hw_platform\Debug\libcont_servo_test_MSS_MSS_CM3_0_hw_platform.a(mss_uart.o)
                0x20002b48                g_mss_uart1
                0x20002b70                g_mss_uart0
 COMMON         0x20002b98       0x88 C:\Users\rwooster\Documents\cont_servo_test\SoftConsole\cont_servo_test_MSS_MSS_CM3_0\cont_servo_test_MSS_MSS_CM3_0_hw_platform\Debug\libcont_servo_test_MSS_MSS_CM3_0_hw_platform.a(mss_i2c.o)
                0x20002b98                g_mss_i2c0
                0x20002bdc                g_mss_i2c1
                0x20002c20                . = ALIGN (0x8)
                0x20002c20                __bss_end__ = .
                0x20002c20                _end = .
                0x20002c20                __end = _end
                0x20002c20                _ebss = .
                0x20002c20                PROVIDE (end, .)

.stack          0x20002c20     0x3000
                0x20002c20                . = ALIGN (0x4)
                0x20003c20                . = (. + PROCESS_STACK_SIZE)
 *fill*         0x20002c20     0x1000 00
                0x20003c20                . = ALIGN (0x4)
                0x20005c20                . = (. + MAIN_STACK_SIZE)
 *fill*         0x20003c20     0x2000 00
                0x20005c20                . = ALIGN (0x4)

.stab
 *(.stab)

.stabstr
 *(.stabstr)

.debug
 *(.debug)

.line
 *(.line)

.debug_srcinfo
 *(.debug_srcinfo)

.debug_sfnames
 *(.debug_sfnames)

.comment        0x00000000      0x158
 .comment       0x00000000       0x2b ./imu.o
 .comment       0x0000002b       0x2b ./main.o
 .comment       0x00000056       0x2b C:/Users/rwooster/Documents/cont_servo_test/SoftConsole/cont_servo_test_MSS_MSS_CM3_0/cont_servo_test_MSS_MSS_CM3_0_hw_platform/Debug/CMSIS/startup_gcc/newlib_stubs.o
 .comment       0x00000081       0x2b C:\Users\rwooster\Documents\cont_servo_test\SoftConsole\cont_servo_test_MSS_MSS_CM3_0\cont_servo_test_MSS_MSS_CM3_0_hw_platform\Debug\libcont_servo_test_MSS_MSS_CM3_0_hw_platform.a(mss_uart.o)
 .comment       0x000000ac       0x2b C:\Users\rwooster\Documents\cont_servo_test\SoftConsole\cont_servo_test_MSS_MSS_CM3_0\cont_servo_test_MSS_MSS_CM3_0_hw_platform\Debug\libcont_servo_test_MSS_MSS_CM3_0_hw_platform.a(mss_i2c.o)
 .comment       0x000000d7       0x2b C:\Users\rwooster\Documents\cont_servo_test\SoftConsole\cont_servo_test_MSS_MSS_CM3_0\cont_servo_test_MSS_MSS_CM3_0_hw_platform\Debug\libcont_servo_test_MSS_MSS_CM3_0_hw_platform.a(mss_gpio.o)
 .comment       0x00000102       0x2b C:\Users\rwooster\Documents\cont_servo_test\SoftConsole\cont_servo_test_MSS_MSS_CM3_0\cont_servo_test_MSS_MSS_CM3_0_hw_platform\Debug\libcont_servo_test_MSS_MSS_CM3_0_hw_platform.a(core_cm3.o)
 .comment       0x0000012d       0x2b C:\Users\rwooster\Documents\cont_servo_test\SoftConsole\cont_servo_test_MSS_MSS_CM3_0\cont_servo_test_MSS_MSS_CM3_0_hw_platform\Debug\libcont_servo_test_MSS_MSS_CM3_0_hw_platform.a(system_a2fxxxm3.o)

.debug_aranges  0x00000000      0x470
 *(.debug_aranges)
 .debug_aranges
                0x00000000       0x60 ./imu.o
 .debug_aranges
                0x00000060       0x88 ./main.o
 .debug_aranges
                0x000000e8       0xa8 C:/Users/rwooster/Documents/cont_servo_test/SoftConsole/cont_servo_test_MSS_MSS_CM3_0/cont_servo_test_MSS_MSS_CM3_0_hw_platform/Debug/CMSIS/startup_gcc/newlib_stubs.o
 .debug_aranges
                0x00000190       0xd8 C:\Users\rwooster\Documents\cont_servo_test\SoftConsole\cont_servo_test_MSS_MSS_CM3_0\cont_servo_test_MSS_MSS_CM3_0_hw_platform\Debug\libcont_servo_test_MSS_MSS_CM3_0_hw_platform.a(mss_uart.o)
 .debug_aranges
                0x00000268       0xb0 C:\Users\rwooster\Documents\cont_servo_test\SoftConsole\cont_servo_test_MSS_MSS_CM3_0\cont_servo_test_MSS_MSS_CM3_0_hw_platform\Debug\libcont_servo_test_MSS_MSS_CM3_0_hw_platform.a(mss_i2c.o)
 .debug_aranges
                0x00000318       0x60 C:\Users\rwooster\Documents\cont_servo_test\SoftConsole\cont_servo_test_MSS_MSS_CM3_0\cont_servo_test_MSS_MSS_CM3_0_hw_platform\Debug\libcont_servo_test_MSS_MSS_CM3_0_hw_platform.a(mss_gpio.o)
 .debug_aranges
                0x00000378       0xc8 C:\Users\rwooster\Documents\cont_servo_test\SoftConsole\cont_servo_test_MSS_MSS_CM3_0\cont_servo_test_MSS_MSS_CM3_0_hw_platform\Debug\libcont_servo_test_MSS_MSS_CM3_0_hw_platform.a(core_cm3.o)
 .debug_aranges
                0x00000440       0x30 C:\Users\rwooster\Documents\cont_servo_test\SoftConsole\cont_servo_test_MSS_MSS_CM3_0\cont_servo_test_MSS_MSS_CM3_0_hw_platform\Debug\libcont_servo_test_MSS_MSS_CM3_0_hw_platform.a(system_a2fxxxm3.o)

.debug_pubnames
                0x00000000      0x825
 *(.debug_pubnames)
 .debug_pubnames
                0x00000000       0x94 ./imu.o
 .debug_pubnames
                0x00000094       0x51 ./main.o
 .debug_pubnames
                0x000000e5       0xeb C:/Users/rwooster/Documents/cont_servo_test/SoftConsole/cont_servo_test_MSS_MSS_CM3_0/cont_servo_test_MSS_MSS_CM3_0_hw_platform/Debug/CMSIS/startup_gcc/newlib_stubs.o
 .debug_pubnames
                0x000001d0      0x21c C:\Users\rwooster\Documents\cont_servo_test\SoftConsole\cont_servo_test_MSS_MSS_CM3_0\cont_servo_test_MSS_MSS_CM3_0_hw_platform\Debug\libcont_servo_test_MSS_MSS_CM3_0_hw_platform.a(mss_uart.o)
 .debug_pubnames
                0x000003ec      0x17b C:\Users\rwooster\Documents\cont_servo_test\SoftConsole\cont_servo_test_MSS_MSS_CM3_0\cont_servo_test_MSS_MSS_CM3_0_hw_platform\Debug\libcont_servo_test_MSS_MSS_CM3_0_hw_platform.a(mss_i2c.o)
 .debug_pubnames
                0x00000567       0xb1 C:\Users\rwooster\Documents\cont_servo_test\SoftConsole\cont_servo_test_MSS_MSS_CM3_0\cont_servo_test_MSS_MSS_CM3_0_hw_platform\Debug\libcont_servo_test_MSS_MSS_CM3_0_hw_platform.a(mss_gpio.o)
 .debug_pubnames
                0x00000618      0x159 C:\Users\rwooster\Documents\cont_servo_test\SoftConsole\cont_servo_test_MSS_MSS_CM3_0\cont_servo_test_MSS_MSS_CM3_0_hw_platform\Debug\libcont_servo_test_MSS_MSS_CM3_0_hw_platform.a(core_cm3.o)
 .debug_pubnames
                0x00000771       0xb4 C:\Users\rwooster\Documents\cont_servo_test\SoftConsole\cont_servo_test_MSS_MSS_CM3_0\cont_servo_test_MSS_MSS_CM3_0_hw_platform\Debug\libcont_servo_test_MSS_MSS_CM3_0_hw_platform.a(system_a2fxxxm3.o)

.debug_info     0x00000000     0x7427
 *(.debug_info .gnu.linkonce.wi.*)
 .debug_info    0x00000000      0xad9 ./imu.o
 .debug_info    0x00000ad9     0x14d5 ./main.o
 .debug_info    0x00001fae     0x10f0 C:/Users/rwooster/Documents/cont_servo_test/SoftConsole/cont_servo_test_MSS_MSS_CM3_0/cont_servo_test_MSS_MSS_CM3_0_hw_platform/Debug/CMSIS/startup_gcc/newlib_stubs.o
 .debug_info    0x0000309e     0x15a4 C:\Users\rwooster\Documents\cont_servo_test\SoftConsole\cont_servo_test_MSS_MSS_CM3_0\cont_servo_test_MSS_MSS_CM3_0_hw_platform\Debug\libcont_servo_test_MSS_MSS_CM3_0_hw_platform.a(mss_uart.o)
 .debug_info    0x00004642     0x1249 C:\Users\rwooster\Documents\cont_servo_test\SoftConsole\cont_servo_test_MSS_MSS_CM3_0\cont_servo_test_MSS_MSS_CM3_0_hw_platform\Debug\libcont_servo_test_MSS_MSS_CM3_0_hw_platform.a(mss_i2c.o)
 .debug_info    0x0000588b     0x1114 C:\Users\rwooster\Documents\cont_servo_test\SoftConsole\cont_servo_test_MSS_MSS_CM3_0\cont_servo_test_MSS_MSS_CM3_0_hw_platform\Debug\libcont_servo_test_MSS_MSS_CM3_0_hw_platform.a(mss_gpio.o)
 .debug_info    0x0000699f      0x54c C:\Users\rwooster\Documents\cont_servo_test\SoftConsole\cont_servo_test_MSS_MSS_CM3_0\cont_servo_test_MSS_MSS_CM3_0_hw_platform\Debug\libcont_servo_test_MSS_MSS_CM3_0_hw_platform.a(core_cm3.o)
 .debug_info    0x00006eeb      0x53c C:\Users\rwooster\Documents\cont_servo_test\SoftConsole\cont_servo_test_MSS_MSS_CM3_0\cont_servo_test_MSS_MSS_CM3_0_hw_platform\Debug\libcont_servo_test_MSS_MSS_CM3_0_hw_platform.a(system_a2fxxxm3.o)

.debug_abbrev   0x00000000      0xd4e
 *(.debug_abbrev)
 .debug_abbrev  0x00000000      0x183 ./imu.o
 .debug_abbrev  0x00000183      0x219 ./main.o
 .debug_abbrev  0x0000039c      0x1f4 C:/Users/rwooster/Documents/cont_servo_test/SoftConsole/cont_servo_test_MSS_MSS_CM3_0/cont_servo_test_MSS_MSS_CM3_0_hw_platform/Debug/CMSIS/startup_gcc/newlib_stubs.o
 .debug_abbrev  0x00000590      0x245 C:\Users\rwooster\Documents\cont_servo_test\SoftConsole\cont_servo_test_MSS_MSS_CM3_0\cont_servo_test_MSS_MSS_CM3_0_hw_platform\Debug\libcont_servo_test_MSS_MSS_CM3_0_hw_platform.a(mss_uart.o)
 .debug_abbrev  0x000007d5      0x20e C:\Users\rwooster\Documents\cont_servo_test\SoftConsole\cont_servo_test_MSS_MSS_CM3_0\cont_servo_test_MSS_MSS_CM3_0_hw_platform\Debug\libcont_servo_test_MSS_MSS_CM3_0_hw_platform.a(mss_i2c.o)
 .debug_abbrev  0x000009e3      0x181 C:\Users\rwooster\Documents\cont_servo_test\SoftConsole\cont_servo_test_MSS_MSS_CM3_0\cont_servo_test_MSS_MSS_CM3_0_hw_platform\Debug\libcont_servo_test_MSS_MSS_CM3_0_hw_platform.a(mss_gpio.o)
 .debug_abbrev  0x00000b64       0xd9 C:\Users\rwooster\Documents\cont_servo_test\SoftConsole\cont_servo_test_MSS_MSS_CM3_0\cont_servo_test_MSS_MSS_CM3_0_hw_platform\Debug\libcont_servo_test_MSS_MSS_CM3_0_hw_platform.a(core_cm3.o)
 .debug_abbrev  0x00000c3d      0x111 C:\Users\rwooster\Documents\cont_servo_test\SoftConsole\cont_servo_test_MSS_MSS_CM3_0\cont_servo_test_MSS_MSS_CM3_0_hw_platform\Debug\libcont_servo_test_MSS_MSS_CM3_0_hw_platform.a(system_a2fxxxm3.o)

.debug_line     0x00000000     0x238b
 *(.debug_line)
 .debug_line    0x00000000      0x2cb ./imu.o
 .debug_line    0x000002cb      0x97d ./main.o
 .debug_line    0x00000c48      0x515 C:/Users/rwooster/Documents/cont_servo_test/SoftConsole/cont_servo_test_MSS_MSS_CM3_0/cont_servo_test_MSS_MSS_CM3_0_hw_platform/Debug/CMSIS/startup_gcc/newlib_stubs.o
 .debug_line    0x0000115d      0x581 C:\Users\rwooster\Documents\cont_servo_test\SoftConsole\cont_servo_test_MSS_MSS_CM3_0\cont_servo_test_MSS_MSS_CM3_0_hw_platform\Debug\libcont_servo_test_MSS_MSS_CM3_0_hw_platform.a(mss_uart.o)
 .debug_line    0x000016de      0x497 C:\Users\rwooster\Documents\cont_servo_test\SoftConsole\cont_servo_test_MSS_MSS_CM3_0\cont_servo_test_MSS_MSS_CM3_0_hw_platform\Debug\libcont_servo_test_MSS_MSS_CM3_0_hw_platform.a(mss_i2c.o)
 .debug_line    0x00001b75      0x32f C:\Users\rwooster\Documents\cont_servo_test\SoftConsole\cont_servo_test_MSS_MSS_CM3_0\cont_servo_test_MSS_MSS_CM3_0_hw_platform\Debug\libcont_servo_test_MSS_MSS_CM3_0_hw_platform.a(mss_gpio.o)
 .debug_line    0x00001ea4      0x263 C:\Users\rwooster\Documents\cont_servo_test\SoftConsole\cont_servo_test_MSS_MSS_CM3_0\cont_servo_test_MSS_MSS_CM3_0_hw_platform\Debug\libcont_servo_test_MSS_MSS_CM3_0_hw_platform.a(core_cm3.o)
 .debug_line    0x00002107      0x284 C:\Users\rwooster\Documents\cont_servo_test\SoftConsole\cont_servo_test_MSS_MSS_CM3_0\cont_servo_test_MSS_MSS_CM3_0_hw_platform\Debug\libcont_servo_test_MSS_MSS_CM3_0_hw_platform.a(system_a2fxxxm3.o)

.debug_frame    0x00000000      0xe3c
 *(.debug_frame)
 .debug_frame   0x00000000      0x12c ./imu.o
 .debug_frame   0x0000012c      0x1a0 ./main.o
 .debug_frame   0x000002cc      0x220 C:/Users/rwooster/Documents/cont_servo_test/SoftConsole/cont_servo_test_MSS_MSS_CM3_0/cont_servo_test_MSS_MSS_CM3_0_hw_platform/Debug/CMSIS/startup_gcc/newlib_stubs.o
 .debug_frame   0x000004ec      0x2e4 C:\Users\rwooster\Documents\cont_servo_test\SoftConsole\cont_servo_test_MSS_MSS_CM3_0\cont_servo_test_MSS_MSS_CM3_0_hw_platform\Debug\libcont_servo_test_MSS_MSS_CM3_0_hw_platform.a(mss_uart.o)
 .debug_frame   0x000007d0      0x25c C:\Users\rwooster\Documents\cont_servo_test\SoftConsole\cont_servo_test_MSS_MSS_CM3_0\cont_servo_test_MSS_MSS_CM3_0_hw_platform\Debug\libcont_servo_test_MSS_MSS_CM3_0_hw_platform.a(mss_i2c.o)
 .debug_frame   0x00000a2c      0x118 C:\Users\rwooster\Documents\cont_servo_test\SoftConsole\cont_servo_test_MSS_MSS_CM3_0\cont_servo_test_MSS_MSS_CM3_0_hw_platform\Debug\libcont_servo_test_MSS_MSS_CM3_0_hw_platform.a(mss_gpio.o)
 .debug_frame   0x00000b44      0x248 C:\Users\rwooster\Documents\cont_servo_test\SoftConsole\cont_servo_test_MSS_MSS_CM3_0\cont_servo_test_MSS_MSS_CM3_0_hw_platform\Debug\libcont_servo_test_MSS_MSS_CM3_0_hw_platform.a(core_cm3.o)
 .debug_frame   0x00000d8c       0x64 C:\Users\rwooster\Documents\cont_servo_test\SoftConsole\cont_servo_test_MSS_MSS_CM3_0\cont_servo_test_MSS_MSS_CM3_0_hw_platform\Debug\libcont_servo_test_MSS_MSS_CM3_0_hw_platform.a(system_a2fxxxm3.o)
 .debug_frame   0x00000df0       0x20 c:/actel/libero_v9.1/softconsole/sourcery-g++/bin/../lib/gcc/arm-none-eabi/4.4.1/../../../../arm-none-eabi/lib/thumb2\libc.a(lib_a-errno.o)
 .debug_frame   0x00000e10       0x2c c:/actel/libero_v9.1/softconsole/sourcery-g++/bin/../lib/gcc/arm-none-eabi/4.4.1/../../../../arm-none-eabi/lib/thumb2\libc.a(lib_a-init.o)

.debug_str      0x00000000     0x2674
 *(.debug_str)
 .debug_str     0x00000000      0xea5 ./imu.o
                                0xf32 (size before relaxing)
 .debug_str     0x00000ea5      0x844 ./main.o
                               0x1723 (size before relaxing)
 .debug_str     0x000016e9      0x4a5 C:/Users/rwooster/Documents/cont_servo_test/SoftConsole/cont_servo_test_MSS_MSS_CM3_0/cont_servo_test_MSS_MSS_CM3_0_hw_platform/Debug/CMSIS/startup_gcc/newlib_stubs.o
                               0x10c6 (size before relaxing)
 .debug_str     0x00001b8e      0x3a8 C:\Users\rwooster\Documents\cont_servo_test\SoftConsole\cont_servo_test_MSS_MSS_CM3_0\cont_servo_test_MSS_MSS_CM3_0_hw_platform\Debug\libcont_servo_test_MSS_MSS_CM3_0_hw_platform.a(mss_uart.o)
                               0x14d7 (size before relaxing)
 .debug_str     0x00001f36      0x226 C:\Users\rwooster\Documents\cont_servo_test\SoftConsole\cont_servo_test_MSS_MSS_CM3_0\cont_servo_test_MSS_MSS_CM3_0_hw_platform\Debug\libcont_servo_test_MSS_MSS_CM3_0_hw_platform.a(mss_i2c.o)
                               0x141d (size before relaxing)
 .debug_str     0x0000215c      0x2df C:\Users\rwooster\Documents\cont_servo_test\SoftConsole\cont_servo_test_MSS_MSS_CM3_0\cont_servo_test_MSS_MSS_CM3_0_hw_platform\Debug\libcont_servo_test_MSS_MSS_CM3_0_hw_platform.a(mss_gpio.o)
                               0x12af (size before relaxing)
 .debug_str     0x0000243b      0x142 C:\Users\rwooster\Documents\cont_servo_test\SoftConsole\cont_servo_test_MSS_MSS_CM3_0\cont_servo_test_MSS_MSS_CM3_0_hw_platform\Debug\libcont_servo_test_MSS_MSS_CM3_0_hw_platform.a(core_cm3.o)
                                0x28d (size before relaxing)
 .debug_str     0x0000257d       0xf7 C:\Users\rwooster\Documents\cont_servo_test\SoftConsole\cont_servo_test_MSS_MSS_CM3_0\cont_servo_test_MSS_MSS_CM3_0_hw_platform\Debug\libcont_servo_test_MSS_MSS_CM3_0_hw_platform.a(system_a2fxxxm3.o)
                                0x47a (size before relaxing)

.debug_loc      0x00000000     0x17e2
 *(.debug_loc)
 .debug_loc     0x00000000      0x1e3 ./imu.o
 .debug_loc     0x000001e3      0x2c6 ./main.o
 .debug_loc     0x000004a9      0x3c6 C:/Users/rwooster/Documents/cont_servo_test/SoftConsole/cont_servo_test_MSS_MSS_CM3_0/cont_servo_test_MSS_MSS_CM3_0_hw_platform/Debug/CMSIS/startup_gcc/newlib_stubs.o
 .debug_loc     0x0000086f      0x510 C:\Users\rwooster\Documents\cont_servo_test\SoftConsole\cont_servo_test_MSS_MSS_CM3_0\cont_servo_test_MSS_MSS_CM3_0_hw_platform\Debug\libcont_servo_test_MSS_MSS_CM3_0_hw_platform.a(mss_uart.o)
 .debug_loc     0x00000d7f      0x3fd C:\Users\rwooster\Documents\cont_servo_test\SoftConsole\cont_servo_test_MSS_MSS_CM3_0\cont_servo_test_MSS_MSS_CM3_0_hw_platform\Debug\libcont_servo_test_MSS_MSS_CM3_0_hw_platform.a(mss_i2c.o)
 .debug_loc     0x0000117c      0x1ef C:\Users\rwooster\Documents\cont_servo_test\SoftConsole\cont_servo_test_MSS_MSS_CM3_0\cont_servo_test_MSS_MSS_CM3_0_hw_platform\Debug\libcont_servo_test_MSS_MSS_CM3_0_hw_platform.a(mss_gpio.o)
 .debug_loc     0x0000136b      0x3de C:\Users\rwooster\Documents\cont_servo_test\SoftConsole\cont_servo_test_MSS_MSS_CM3_0\cont_servo_test_MSS_MSS_CM3_0_hw_platform\Debug\libcont_servo_test_MSS_MSS_CM3_0_hw_platform.a(core_cm3.o)
 .debug_loc     0x00001749       0x99 C:\Users\rwooster\Documents\cont_servo_test\SoftConsole\cont_servo_test_MSS_MSS_CM3_0\cont_servo_test_MSS_MSS_CM3_0_hw_platform\Debug\libcont_servo_test_MSS_MSS_CM3_0_hw_platform.a(system_a2fxxxm3.o)

.debug_macinfo  0x00000000    0x315b7
 *(.debug_macinfo)
 .debug_macinfo
                0x00000000     0x54b0 ./imu.o
 .debug_macinfo
                0x000054b0     0x9c99 ./main.o
 .debug_macinfo
                0x0000f149     0x9965 C:/Users/rwooster/Documents/cont_servo_test/SoftConsole/cont_servo_test_MSS_MSS_CM3_0/cont_servo_test_MSS_MSS_CM3_0_hw_platform/Debug/CMSIS/startup_gcc/newlib_stubs.o
 .debug_macinfo
                0x00018aae     0x63e4 C:\Users\rwooster\Documents\cont_servo_test\SoftConsole\cont_servo_test_MSS_MSS_CM3_0\cont_servo_test_MSS_MSS_CM3_0_hw_platform\Debug\libcont_servo_test_MSS_MSS_CM3_0_hw_platform.a(mss_uart.o)
 .debug_macinfo
                0x0001ee92     0x5a65 C:\Users\rwooster\Documents\cont_servo_test\SoftConsole\cont_servo_test_MSS_MSS_CM3_0\cont_servo_test_MSS_MSS_CM3_0_hw_platform\Debug\libcont_servo_test_MSS_MSS_CM3_0_hw_platform.a(mss_i2c.o)
 .debug_macinfo
                0x000248f7     0x5cfb C:\Users\rwooster\Documents\cont_servo_test\SoftConsole\cont_servo_test_MSS_MSS_CM3_0\cont_servo_test_MSS_MSS_CM3_0_hw_platform\Debug\libcont_servo_test_MSS_MSS_CM3_0_hw_platform.a(mss_gpio.o)
 .debug_macinfo
                0x0002a5f2     0x152c C:\Users\rwooster\Documents\cont_servo_test\SoftConsole\cont_servo_test_MSS_MSS_CM3_0\cont_servo_test_MSS_MSS_CM3_0_hw_platform\Debug\libcont_servo_test_MSS_MSS_CM3_0_hw_platform.a(core_cm3.o)
 .debug_macinfo
                0x0002bb1e     0x5a99 C:\Users\rwooster\Documents\cont_servo_test\SoftConsole\cont_servo_test_MSS_MSS_CM3_0\cont_servo_test_MSS_MSS_CM3_0_hw_platform\Debug\libcont_servo_test_MSS_MSS_CM3_0_hw_platform.a(system_a2fxxxm3.o)

.debug_weaknames
 *(.debug_weaknames)

.debug_funcnames
 *(.debug_funcnames)

.debug_typenames
 *(.debug_typenames)

.debug_varnames
 *(.debug_varnames)

.note.gnu.arm.ident
 *(.note.gnu.arm.ident)

.ARM.attributes
                0x00000000       0x25
 *(.ARM.attributes)
 .ARM.attributes
                0x00000000       0x19 c:/actel/libero_v9.1/softconsole/sourcery-g++/bin/../lib/gcc/arm-none-eabi/4.4.1/thumb2/crti.o
 .ARM.attributes
                0x00000019       0x29 c:/actel/libero_v9.1/softconsole/sourcery-g++/bin/../lib/gcc/arm-none-eabi/4.4.1/thumb2/crtbegin.o
 .ARM.attributes
                0x00000042       0x31 ./imu.o
 .ARM.attributes
                0x00000073       0x31 ./main.o
 .ARM.attributes
                0x000000a4       0x21 C:/Users/rwooster/Documents/cont_servo_test/SoftConsole/cont_servo_test_MSS_MSS_CM3_0/cont_servo_test_MSS_MSS_CM3_0_hw_platform/Debug/CMSIS/startup_gcc/startup_a2fxxxm3.o
 .ARM.attributes
                0x000000c5       0x31 C:/Users/rwooster/Documents/cont_servo_test/SoftConsole/cont_servo_test_MSS_MSS_CM3_0/cont_servo_test_MSS_MSS_CM3_0_hw_platform/Debug/CMSIS/startup_gcc/newlib_stubs.o
 .ARM.attributes
                0x000000f6       0x31 C:\Users\rwooster\Documents\cont_servo_test\SoftConsole\cont_servo_test_MSS_MSS_CM3_0\cont_servo_test_MSS_MSS_CM3_0_hw_platform\Debug\libcont_servo_test_MSS_MSS_CM3_0_hw_platform.a(mss_uart.o)
 .ARM.attributes
                0x00000127       0x31 C:\Users\rwooster\Documents\cont_servo_test\SoftConsole\cont_servo_test_MSS_MSS_CM3_0\cont_servo_test_MSS_MSS_CM3_0_hw_platform\Debug\libcont_servo_test_MSS_MSS_CM3_0_hw_platform.a(mss_i2c.o)
 .ARM.attributes
                0x00000158       0x31 C:\Users\rwooster\Documents\cont_servo_test\SoftConsole\cont_servo_test_MSS_MSS_CM3_0\cont_servo_test_MSS_MSS_CM3_0_hw_platform\Debug\libcont_servo_test_MSS_MSS_CM3_0_hw_platform.a(mss_gpio.o)
 .ARM.attributes
                0x00000189       0x31 C:\Users\rwooster\Documents\cont_servo_test\SoftConsole\cont_servo_test_MSS_MSS_CM3_0\cont_servo_test_MSS_MSS_CM3_0_hw_platform\Debug\libcont_servo_test_MSS_MSS_CM3_0_hw_platform.a(core_cm3.o)
 .ARM.attributes
                0x000001ba       0x31 C:\Users\rwooster\Documents\cont_servo_test\SoftConsole\cont_servo_test_MSS_MSS_CM3_0\cont_servo_test_MSS_MSS_CM3_0_hw_platform\Debug\libcont_servo_test_MSS_MSS_CM3_0_hw_platform.a(system_a2fxxxm3.o)
 .ARM.attributes
                0x000001eb       0x1b c:/actel/libero_v9.1/softconsole/sourcery-g++/bin/../lib/gcc/arm-none-eabi/4.4.1/thumb2\libgcc.a(_arm_addsubdf3.o)
 .ARM.attributes
                0x00000206       0x1b c:/actel/libero_v9.1/softconsole/sourcery-g++/bin/../lib/gcc/arm-none-eabi/4.4.1/thumb2\libgcc.a(_arm_muldivdf3.o)
 .ARM.attributes
                0x00000221       0x1b c:/actel/libero_v9.1/softconsole/sourcery-g++/bin/../lib/gcc/arm-none-eabi/4.4.1/thumb2\libgcc.a(_arm_fixunsdfsi.o)
 .ARM.attributes
                0x0000023c       0x1b c:/actel/libero_v9.1/softconsole/sourcery-g++/bin/../lib/gcc/arm-none-eabi/4.4.1/thumb2\libgcc.a(_arm_truncdfsf2.o)
 .ARM.attributes
                0x00000257       0x1b c:/actel/libero_v9.1/softconsole/sourcery-g++/bin/../lib/gcc/arm-none-eabi/4.4.1/thumb2\libgcc.a(_arm_addsubsf3.o)
 .ARM.attributes
                0x00000272       0x1b c:/actel/libero_v9.1/softconsole/sourcery-g++/bin/../lib/gcc/arm-none-eabi/4.4.1/thumb2\libgcc.a(_arm_muldivsf3.o)
 .ARM.attributes
                0x0000028d       0x29 c:/actel/libero_v9.1/softconsole/sourcery-g++/bin/../lib/gcc/arm-none-eabi/4.4.1/../../../../arm-none-eabi/lib/thumb2\libc.a(lib_a-errno.o)
 .ARM.attributes
                0x000002b6       0x29 c:/actel/libero_v9.1/softconsole/sourcery-g++/bin/../lib/gcc/arm-none-eabi/4.4.1/../../../../arm-none-eabi/lib/thumb2\libc.a(lib_a-impure.o)
 .ARM.attributes
                0x000002df       0x29 c:/actel/libero_v9.1/softconsole/sourcery-g++/bin/../lib/gcc/arm-none-eabi/4.4.1/../../../../arm-none-eabi/lib/thumb2\libc.a(lib_a-init.o)
 .ARM.attributes
                0x00000308       0x29 c:/actel/libero_v9.1/softconsole/sourcery-g++/bin/../lib/gcc/arm-none-eabi/4.4.1/thumb2/crtend.o
 .ARM.attributes
                0x00000331       0x19 c:/actel/libero_v9.1/softconsole/sourcery-g++/bin/../lib/gcc/arm-none-eabi/4.4.1/thumb2/crtn.o

/DISCARD/
 *(.note.GNU-stack)
 *(.isr_vector)
OUTPUT(cont_servo_test_MSS_MSS_CM3_0_app elf32-littlearm)

.debug_ranges   0x00000000      0x430
 .debug_ranges  0x00000000       0x58 ./imu.o
 .debug_ranges  0x00000058       0x80 ./main.o
 .debug_ranges  0x000000d8       0xa0 C:/Users/rwooster/Documents/cont_servo_test/SoftConsole/cont_servo_test_MSS_MSS_CM3_0/cont_servo_test_MSS_MSS_CM3_0_hw_platform/Debug/CMSIS/startup_gcc/newlib_stubs.o
 .debug_ranges  0x00000178       0xd0 C:\Users\rwooster\Documents\cont_servo_test\SoftConsole\cont_servo_test_MSS_MSS_CM3_0\cont_servo_test_MSS_MSS_CM3_0_hw_platform\Debug\libcont_servo_test_MSS_MSS_CM3_0_hw_platform.a(mss_uart.o)
 .debug_ranges  0x00000248       0xa8 C:\Users\rwooster\Documents\cont_servo_test\SoftConsole\cont_servo_test_MSS_MSS_CM3_0\cont_servo_test_MSS_MSS_CM3_0_hw_platform\Debug\libcont_servo_test_MSS_MSS_CM3_0_hw_platform.a(mss_i2c.o)
 .debug_ranges  0x000002f0       0x58 C:\Users\rwooster\Documents\cont_servo_test\SoftConsole\cont_servo_test_MSS_MSS_CM3_0\cont_servo_test_MSS_MSS_CM3_0_hw_platform\Debug\libcont_servo_test_MSS_MSS_CM3_0_hw_platform.a(mss_gpio.o)
 .debug_ranges  0x00000348       0xc0 C:\Users\rwooster\Documents\cont_servo_test\SoftConsole\cont_servo_test_MSS_MSS_CM3_0\cont_servo_test_MSS_MSS_CM3_0_hw_platform\Debug\libcont_servo_test_MSS_MSS_CM3_0_hw_platform.a(core_cm3.o)
 .debug_ranges  0x00000408       0x28 C:\Users\rwooster\Documents\cont_servo_test\SoftConsole\cont_servo_test_MSS_MSS_CM3_0\cont_servo_test_MSS_MSS_CM3_0_hw_platform\Debug\libcont_servo_test_MSS_MSS_CM3_0_hw_platform.a(system_a2fxxxm3.o)
