Archive member included because of file (symbol)

C:\Users\rwooster\Documents\cont_servo_test\SoftConsole\cont_servo_test_MSS_MSS_CM3_0\cont_servo_test_MSS_MSS_CM3_0_hw_platform\Debug\libcont_servo_test_MSS_MSS_CM3_0_hw_platform.a(mss_uart.o)
                              C:/Users/rwooster/Documents/cont_servo_test/SoftConsole/cont_servo_test_MSS_MSS_CM3_0/cont_servo_test_MSS_MSS_CM3_0_hw_platform/Debug/CMSIS/startup_gcc/newlib_stubs.o (g_mss_uart0)
C:\Users\rwooster\Documents\cont_servo_test\SoftConsole\cont_servo_test_MSS_MSS_CM3_0\cont_servo_test_MSS_MSS_CM3_0_hw_platform\Debug\libcont_servo_test_MSS_MSS_CM3_0_hw_platform.a(mss_i2c.o)
                              ./imu.o (g_mss_i2c1)
C:\Users\rwooster\Documents\cont_servo_test\SoftConsole\cont_servo_test_MSS_MSS_CM3_0\cont_servo_test_MSS_MSS_CM3_0_hw_platform\Debug\libcont_servo_test_MSS_MSS_CM3_0_hw_platform.a(mss_gpio.o)
                              ./main.o (MSS_GPIO_init)
C:\Users\rwooster\Documents\cont_servo_test\SoftConsole\cont_servo_test_MSS_MSS_CM3_0\cont_servo_test_MSS_MSS_CM3_0_hw_platform\Debug\libcont_servo_test_MSS_MSS_CM3_0_hw_platform.a(core_cm3.o)
                              C:\Users\rwooster\Documents\cont_servo_test\SoftConsole\cont_servo_test_MSS_MSS_CM3_0\cont_servo_test_MSS_MSS_CM3_0_hw_platform\Debug\libcont_servo_test_MSS_MSS_CM3_0_hw_platform.a(mss_i2c.o) (__get_PRIMASK)
C:\Users\rwooster\Documents\cont_servo_test\SoftConsole\cont_servo_test_MSS_MSS_CM3_0\cont_servo_test_MSS_MSS_CM3_0_hw_platform\Debug\libcont_servo_test_MSS_MSS_CM3_0_hw_platform.a(system_a2fxxxm3.o)
                              C:\Users\rwooster\Documents\cont_servo_test\SoftConsole\cont_servo_test_MSS_MSS_CM3_0\cont_servo_test_MSS_MSS_CM3_0_hw_platform\Debug\libcont_servo_test_MSS_MSS_CM3_0_hw_platform.a(mss_uart.o) (g_FrequencyPCLK0)
c:/actel/libero_v9.1/softconsole/sourcery-g++/bin/../lib/gcc/arm-none-eabi/4.4.1/thumb2\libgcc.a(_arm_addsubdf3.o)
                              ./main.o (__aeabi_i2d)
c:/actel/libero_v9.1/softconsole/sourcery-g++/bin/../lib/gcc/arm-none-eabi/4.4.1/thumb2\libgcc.a(_arm_muldivdf3.o)
                              ./main.o (__aeabi_ddiv)
c:/actel/libero_v9.1/softconsole/sourcery-g++/bin/../lib/gcc/arm-none-eabi/4.4.1/thumb2\libgcc.a(_arm_truncdfsf2.o)
                              ./main.o (__aeabi_d2f)
c:/actel/libero_v9.1/softconsole/sourcery-g++/bin/../lib/gcc/arm-none-eabi/4.4.1/../../../../arm-none-eabi/lib/thumb2\libc.a(lib_a-errno.o)
                              C:/Users/rwooster/Documents/cont_servo_test/SoftConsole/cont_servo_test_MSS_MSS_CM3_0/cont_servo_test_MSS_MSS_CM3_0_hw_platform/Debug/CMSIS/startup_gcc/newlib_stubs.o (__errno)
c:/actel/libero_v9.1/softconsole/sourcery-g++/bin/../lib/gcc/arm-none-eabi/4.4.1/../../../../arm-none-eabi/lib/thumb2\libc.a(lib_a-impure.o)
                              c:/actel/libero_v9.1/softconsole/sourcery-g++/bin/../lib/gcc/arm-none-eabi/4.4.1/../../../../arm-none-eabi/lib/thumb2\libc.a(lib_a-errno.o) (_impure_ptr)
c:/actel/libero_v9.1/softconsole/sourcery-g++/bin/../lib/gcc/arm-none-eabi/4.4.1/../../../../arm-none-eabi/lib/thumb2\libc.a(lib_a-init.o)
                              C:/Users/rwooster/Documents/cont_servo_test/SoftConsole/cont_servo_test_MSS_MSS_CM3_0/cont_servo_test_MSS_MSS_CM3_0_hw_platform/Debug/CMSIS/startup_gcc/startup_a2fxxxm3.o (__libc_init_array)
c:/actel/libero_v9.1/softconsole/sourcery-g++/bin/../lib/gcc/arm-none-eabi/4.4.1/../../../../arm-none-eabi/lib/thumb2\libc.a(lib_a-printf.o)
                              ./main.o (printf)
c:/actel/libero_v9.1/softconsole/sourcery-g++/bin/../lib/gcc/arm-none-eabi/4.4.1/../../../../arm-none-eabi/lib/thumb2\libc.a(lib_a-vfprintf.o)
                              c:/actel/libero_v9.1/softconsole/sourcery-g++/bin/../lib/gcc/arm-none-eabi/4.4.1/../../../../arm-none-eabi/lib/thumb2\libc.a(lib_a-printf.o) (_vfprintf_r)
c:/actel/libero_v9.1/softconsole/sourcery-g++/bin/../lib/gcc/arm-none-eabi/4.4.1/../../../../arm-none-eabi/lib/thumb2\libc.a(lib_a-wsetup.o)
                              c:/actel/libero_v9.1/softconsole/sourcery-g++/bin/../lib/gcc/arm-none-eabi/4.4.1/../../../../arm-none-eabi/lib/thumb2\libc.a(lib_a-vfprintf.o) (__swsetup_r)
c:/actel/libero_v9.1/softconsole/sourcery-g++/bin/../lib/gcc/arm-none-eabi/4.4.1/../../../../arm-none-eabi/lib/thumb2\libc.a(lib_a-dtoa.o)
                              c:/actel/libero_v9.1/softconsole/sourcery-g++/bin/../lib/gcc/arm-none-eabi/4.4.1/../../../../arm-none-eabi/lib/thumb2\libc.a(lib_a-vfprintf.o) (_dtoa_r)
c:/actel/libero_v9.1/softconsole/sourcery-g++/bin/../lib/gcc/arm-none-eabi/4.4.1/../../../../arm-none-eabi/lib/thumb2\libc.a(lib_a-fflush.o)
                              c:/actel/libero_v9.1/softconsole/sourcery-g++/bin/../lib/gcc/arm-none-eabi/4.4.1/../../../../arm-none-eabi/lib/thumb2\libc.a(lib_a-vfprintf.o) (_fflush_r)
[...]
Memory Configuration

Name             Origin             Length             Attributes
ram              0x20000000         0x00010000         xrw
*default*        0x00000000         0xffffffff

Linker script and memory map

LOAD c:/actel/libero_v9.1/softconsole/sourcery-g++/bin/../lib/gcc/arm-none-eabi/4.4.1/thumb2/crti.o
LOAD c:/actel/libero_v9.1/softconsole/sourcery-g++/bin/../lib/gcc/arm-none-eabi/4.4.1/thumb2/crtbegin.o
LOAD ./imu.o
LOAD ./main.o
LOAD C:/Users/rwooster/Documents/cont_servo_test/SoftConsole/cont_servo_test_MSS_MSS_CM3_0/cont_servo_test_MSS_MSS_CM3_0_hw_platform/Debug/CMSIS/startup_gcc/startup_a2fxxxm3.o
LOAD C:/Users/rwooster/Documents/cont_servo_test/SoftConsole/cont_servo_test_MSS_MSS_CM3_0/cont_servo_test_MSS_MSS_CM3_0_hw_platform/Debug/CMSIS/startup_gcc/newlib_stubs.o
LOAD C:\Users\rwooster\Documents\cont_servo_test\SoftConsole\cont_servo_test_MSS_MSS_CM3_0\cont_servo_test_MSS_MSS_CM3_0_hw_platform\Debug\libcont_servo_test_MSS_MSS_CM3_0_hw_platform.a
START GROUP
LOAD c:/actel/libero_v9.1/softconsole/sourcery-g++/bin/../lib/gcc/arm-none-eabi/4.4.1/thumb2\libgcc.a
LOAD c:/actel/libero_v9.1/softconsole/sourcery-g++/bin/../lib/gcc/arm-none-eabi/4.4.1/../../../../arm-none-eabi/lib/thumb2\libc.a
END GROUP
LOAD c:/actel/libero_v9.1/softconsole/sourcery-g++/bin/../lib/gcc/arm-none-eabi/4.4.1/thumb2/crtend.o
LOAD c:/actel/libero_v9.1/softconsole/sourcery-g++/bin/../lib/gcc/arm-none-eabi/4.4.1/thumb2/crtn.o
START GROUP
LOAD c:/actel/libero_v9.1/softconsole/sourcery-g++/bin/../lib/gcc/arm-none-eabi/4.4.1/../../../../arm-none-eabi/lib/thumb2\libc.a
LOAD c:/actel/libero_v9.1/softconsole/sourcery-g++/bin/../lib/gcc/arm-none-eabi/4.4.1/thumb2\libgcc.a
LOAD c:/actel/libero_v9.1/softconsole/sourcery-g++/bin/../lib/gcc/arm-none-eabi/4.4.1/../../../../arm-none-eabi/lib/thumb2\libm.a
END GROUP
                0x00000000                __DYNAMIC = 0x0
                0x20000000                RAM_START_ADDRESS = 0x20000000
                0x00010000                RAM_SIZE = 0x10000
                0x00002000                MAIN_STACK_SIZE = 0x2000
                0x00001000                PROCESS_STACK_SIZE = 0x1000
                0x20010000                PROVIDE (__main_stack_start, (RAM_START_ADDRESS + RAM_SIZE))
                0x2000e000                PROVIDE (__process_stack_start, (__main_stack_start - MAIN_STACK_SIZE))
                0x20010000                PROVIDE (_estack, __main_stack_start)
                0x00000000                PROVIDE (__mirrored_nvm, 0x0)

.text           0x20000000     0x8640
 CREATE_OBJECT_SYMBOLS
                0x20000000                __text_load = LOADADDR (.text)
                0x20000000                __text_start = .
 *(.isr_vector)
 .isr_vector    0x20000000      0x470 C:/Users/rwooster/Documents/cont_servo_test/SoftConsole/cont_servo_test_MSS_MSS_CM3_0/cont_servo_test_MSS_MSS_CM3_0_hw_platform/Debug/CMSIS/startup_gcc/startup_a2fxxxm3.o
                0x20000000                g_pfnVectors
                0x20000298                Reset_Handler
                0x20000308                NMI_Handler
                0x2000030a                HardFault_Handler
                0x2000030c                MemManage_Handler
                0x2000030e                BusFault_Handler
                0x20000310                UsageFault_Handler
                0x20000312                SVC_Handler
                0x20000314                DebugMon_Handler
                0x20000316                PendSV_Handler
                0x20000318                SysTick_Handler
                0x2000031a                WdogWakeup_IRQHandler
                0x2000031c                BrownOut_1_5V_IRQHandler
                0x2000031e                BrownOut_3_3V_IRQHandler
                0x20000320                RTC_Match_IRQHandler
                0x20000322                RTCIF_Pub_IRQHandler
                0x20000324                EthernetMAC_IRQHandler
                0x20000326                IAP_IRQHandler
                0x20000328                ENVM0_IRQHandler
                0x2000032a                ENVM1_IRQHandler
                0x2000032c                DMA_IRQHandler
                0x20000332                SPI0_IRQHandler
                0x20000334                SPI1_IRQHandler
                0x20000338                I2C0_SMBAlert_IRQHandler
                0x2000033a                I2C0_SMBus_IRQHandler
                0x2000033e                I2C1_SMBAlert_IRQHandler
                0x20000340                I2C1_SMBus_IRQHandler
                0x20000342                Timer1_IRQHandler
                0x20000344                Timer2_IRQHandler
                0x20000346                PLL_Lock_IRQHandler
                0x20000348                PLL_LockLost_IRQHandler
                0x2000034a                CommError_IRQHandler
                0x2000034c                Fabric_IRQHandler
                0x2000034e                GPIO0_IRQHandler
                0x20000350                GPIO1_IRQHandler
                0x20000352                GPIO2_IRQHandler
                0x20000354                GPIO3_IRQHandler
                0x20000356                GPIO4_IRQHandler
                0x20000358                GPIO5_IRQHandler
                0x2000035a                GPIO6_IRQHandler
                0x2000035c                GPIO7_IRQHandler
                0x2000035e                GPIO8_IRQHandler
                0x20000360                GPIO9_IRQHandler
                0x20000362                GPIO10_IRQHandler
                0x20000364                GPIO11_IRQHandler
                0x20000366                GPIO12_IRQHandler
                0x20000368                GPIO13_IRQHandler
                0x2000036a                GPIO14_IRQHandler
                0x2000036c                GPIO15_IRQHandler
                0x2000036e                GPIO16_IRQHandler
                0x20000370                GPIO17_IRQHandler
                0x20000372                GPIO18_IRQHandler
                0x20000374                GPIO19_IRQHandler
                0x20000376                GPIO20_IRQHandler
                0x20000378                GPIO21_IRQHandler
                0x2000037a                GPIO22_IRQHandler
                0x2000037c                GPIO23_IRQHandler
                0x2000037e                GPIO24_IRQHandler
                0x20000380                GPIO25_IRQHandler
                0x20000382                GPIO26_IRQHandler
                0x20000384                GPIO27_IRQHandler
                0x20000386                GPIO28_IRQHandler
                0x20000388                GPIO29_IRQHandler
                0x2000038a                GPIO30_IRQHandler
                0x2000038c                GPIO31_IRQHandler
                0x2000038e                ACE_PC0_Flag0_IRQHandler
                0x20000390                ACE_PC0_Flag1_IRQHandler
                0x20000392                ACE_PC0_Flag2_IRQHandler
                0x20000394                ACE_PC0_Flag3_IRQHandler
                0x20000396                ACE_PC1_Flag0_IRQHandler
                0x20000398                ACE_PC1_Flag1_IRQHandler
                0x2000039a                ACE_PC1_Flag2_IRQHandler
                0x2000039c                ACE_PC1_Flag3_IRQHandler
                0x2000039e                ACE_PC2_Flag0_IRQHandler
                0x200003a0                ACE_PC2_Flag1_IRQHandler
                0x200003a2                ACE_PC2_Flag2_IRQHandler
                0x200003a4                ACE_PC2_Flag3_IRQHandler
                0x200003a6                ACE_ADC0_DataValid_IRQHandler
                0x200003a8                ACE_ADC1_DataValid_IRQHandler
                0x200003aa                ACE_ADC2_DataValid_IRQHandler
                0x200003ac                ACE_ADC0_CalDone_IRQHandler
                0x200003ae                ACE_ADC1_CalDone_IRQHandler
                0x200003b0                ACE_ADC2_CalDone_IRQHandler
                0x200003b2                ACE_ADC0_CalStart_IRQHandler
                0x200003b4                ACE_ADC1_CalStart_IRQHandler
                0x200003b6                ACE_ADC2_CalStart_IRQHandler
                0x200003b8                ACE_Comp0_Fall_IRQHandler
                0x200003ba                ACE_Comp1_Fall_IRQHandler
                0x200003bc                ACE_Comp2_Fall_IRQHandler
                0x200003be                ACE_Comp3_Fall_IRQHandler
                0x200003c0                ACE_Comp4_Fall_IRQHandler
                0x200003c2                ACE_Comp5_Fall_IRQHandler
                0x200003c4                ACE_Comp6_Fall_IRQHandler
                0x200003c6                ACE_Comp7_Fall_IRQHandler
                0x200003c8                ACE_Comp8_Fall_IRQHandler
                0x200003ca                ACE_Comp9_Fall_IRQHandler
                0x200003cc                ACE_Comp10_Fall_IRQHandler
                0x200003ce                ACE_Comp11_Fall_IRQHandler
                0x200003d0                ACE_Comp0_Rise_IRQHandler
                0x200003d2                ACE_Comp1_Rise_IRQHandler
                0x200003d4                ACE_Comp2_Rise_IRQHandler
                0x200003d6                ACE_Comp3_Rise_IRQHandler
                0x200003d8                ACE_Comp4_Rise_IRQHandler
                0x200003da                ACE_Comp5_Rise_IRQHandler
                0x200003dc                ACE_Comp6_Rise_IRQHandler
                0x200003de                ACE_Comp7_Rise_IRQHandler
                0x200003e0                ACE_Comp8_Rise_IRQHandler
                0x200003e2                ACE_Comp9_Rise_IRQHandler
                0x200003e4                ACE_Comp10_Rise_IRQHandler
                0x200003e6                ACE_Comp11_Rise_IRQHandler
                0x200003e8                ACE_ADC0_FifoFull_IRQHandler
                0x200003ea                ACE_ADC0_FifoAFull_IRQHandler
                0x200003ec                ACE_ADC0_FifoEmpty_IRQHandler
                0x200003ee                ACE_ADC1_FifoFull_IRQHandler
                0x200003f0                ACE_ADC1_FifoAFull_IRQHandler
                0x200003f2                ACE_ADC1_FifoEmpty_IRQHandler
                0x200003f4                ACE_ADC2_FifoFull_IRQHandler
                0x200003f6                ACE_ADC2_FifoAFull_IRQHandler
                0x200003f8                ACE_ADC2_FifoEmpty_IRQHandler
                0x200003fa                ACE_PPE_Flag0_IRQHandler
                0x200003fc                ACE_PPE_Flag1_IRQHandler
                0x200003fe                ACE_PPE_Flag2_IRQHandler
                0x20000400                ACE_PPE_Flag3_IRQHandler
                0x20000402                ACE_PPE_Flag4_IRQHandler
                0x20000404                ACE_PPE_Flag5_IRQHandler
                0x20000406                ACE_PPE_Flag6_IRQHandler
                0x20000408                ACE_PPE_Flag7_IRQHandler
                0x2000040a                ACE_PPE_Flag8_IRQHandler
                0x2000040c                ACE_PPE_Flag9_IRQHandler
                0x2000040e                ACE_PPE_Flag10_IRQHandler
                0x20000410                ACE_PPE_Flag11_IRQHandler
                0x20000412                ACE_PPE_Flag12_IRQHandler
                0x20000414                ACE_PPE_Flag13_IRQHandler
                0x20000416                ACE_PPE_Flag14_IRQHandler
                0x20000418                ACE_PPE_Flag15_IRQHandler
                0x2000041a                ACE_PPE_Flag16_IRQHandler
                0x2000041c                ACE_PPE_Flag17_IRQHandler
                0x2000041e                ACE_PPE_Flag18_IRQHandler
                0x20000420                ACE_PPE_Flag19_IRQHandler
                0x20000422                ACE_PPE_Flag20_IRQHandler
                0x20000424                ACE_PPE_Flag21_IRQHandler
                0x20000426                ACE_PPE_Flag22_IRQHandler
                0x20000428                ACE_PPE_Flag23_IRQHandler
                0x2000042a                ACE_PPE_Flag24_IRQHandler
                0x2000042c                ACE_PPE_Flag25_IRQHandler
                0x2000042e                ACE_PPE_Flag26_IRQHandler
                0x20000430                ACE_PPE_Flag27_IRQHandler
                0x20000432                ACE_PPE_Flag28_IRQHandler
                0x20000434                ACE_PPE_Flag29_IRQHandler
                0x20000436                ACE_PPE_Flag30_IRQHandler
                0x20000438                ACE_PPE_Flag31_IRQHandler
 *(.text .text.* .gnu.linkonce.t.*)
 .text          0x20000470       0x30 c:/actel/libero_v9.1/softconsole/sourcery-g++/bin/../lib/gcc/arm-none-eabi/4.4.1/thumb2/crtbegin.o
 .text.imu_init
                0x200004a0       0x14 ./imu.o
                0x200004a0                imu_init
 .text.imu_accl_x
                0x200004b4       0x38 ./imu.o
                0x200004b4                imu_accl_x
 .text.imu_accl_y
                0x200004ec       0x38 ./imu.o
                0x200004ec                imu_accl_y
 .text.imu_accl_z
                0x20000524       0x38 ./imu.o
                0x20000524                imu_accl_z
 .text.imu_gyro_x
                0x2000055c       0x38 ./imu.o
                0x2000055c                imu_gyro_x
 .text.imu_gyro_y
                0x20000594       0x38 ./imu.o
                0x20000594                imu_gyro_y
 .text.imu_gyro_z
                0x200005cc       0x38 ./imu.o
                0x200005cc                imu_gyro_z
 .text.imu_write
                0x20000604       0x4c ./imu.o
                0x20000604                imu_write
 .text.imu_read
                0x20000650       0x70 ./imu.o
                0x20000650                imu_read
 .text.NVIC_DisableIRQ
                0x200006c0       0x3c ./main.o
 .text.NVIC_ClearPendingIRQ
                0x200006fc       0x3c ./main.o
 .text.MSS_TIM1_init
                0x20000738       0x84 ./main.o
 *fill*         0x200007bc        0x4 00
 .text.main     0x200007c0       0xe0 ./main.o
                0x200007c0                main
 .text._close   0x200008a0       0x18 C:/Users/rwooster/Documents/cont_servo_test/SoftConsole/cont_servo_test_MSS_MSS_CM3_0/cont_servo_test_MSS_MSS_CM3_0_hw_platform/Debug/CMSIS/startup_gcc/newlib_stubs.o
                0x200008a0                _close
 .text._exit    0x200008b8        0xc C:/Users/rwooster/Documents/cont_servo_test/SoftConsole/cont_servo_test_MSS_MSS_CM3_0/cont_servo_test_MSS_MSS_CM3_0_hw_platform/Debug/CMSIS/startup_gcc/newlib_stubs.o
                0x200008b8                _exit
 .text._fstat   0x200008c4       0x24 C:/Users/rwooster/Documents/cont_servo_test/SoftConsole/cont_servo_test_MSS_MSS_CM3_0/cont_servo_test_MSS_MSS_CM3_0_hw_platform/Debug/CMSIS/startup_gcc/newlib_stubs.o
                0x200008c4                _fstat
 .text._isatty  0x200008e8       0x18 C:/Users/rwooster/Documents/cont_servo_test/SoftConsole/cont_servo_test_MSS_MSS_CM3_0/cont_servo_test_MSS_MSS_CM3_0_hw_platform/Debug/CMSIS/startup_gcc/newlib_stubs.o
                0x200008e8                _isatty
 .text._lseek   0x20000900       0x1c C:/Users/rwooster/Documents/cont_servo_test/SoftConsole/cont_servo_test_MSS_MSS_CM3_0/cont_servo_test_MSS_MSS_CM3_0_hw_platform/Debug/CMSIS/startup_gcc/newlib_stubs.o
                0x20000900                _lseek
 .text._read    0x2000091c       0x1c C:/Users/rwooster/Documents/cont_servo_test/SoftConsole/cont_servo_test_MSS_MSS_CM3_0/cont_servo_test_MSS_MSS_CM3_0_hw_platform/Debug/CMSIS/startup_gcc/newlib_stubs.o
                0x2000091c                _read
 .text._write_r
                0x20000938       0x5c C:/Users/rwooster/Documents/cont_servo_test/SoftConsole/cont_servo_test_MSS_MSS_CM3_0/cont_servo_test_MSS_MSS_CM3_0_hw_platform/Debug/CMSIS/startup_gcc/newlib_stubs.o
                0x20000938                _write_r
 .text._sbrk    0x20000994       0x94 C:/Users/rwooster/Documents/cont_servo_test/SoftConsole/cont_servo_test_MSS_MSS_CM3_0/cont_servo_test_MSS_MSS_CM3_0_hw_platform/Debug/CMSIS/startup_gcc/newlib_stubs.o
                0x20000994                _sbrk
 .text.NVIC_ClearPendingIRQ
                0x20000a28       0x3c C:\Users\rwooster\Documents\cont_servo_test\SoftConsole\cont_servo_test_MSS_MSS_CM3_0\cont_servo_test_MSS_MSS_CM3_0_hw_platform\Debug\libcont_servo_test_MSS_MSS_CM3_0_hw_platform.a(mss_uart.o)
 .text.MSS_UART_init
                0x20000a64      0x204 C:\Users\rwooster\Documents\cont_servo_test\SoftConsole\cont_servo_test_MSS_MSS_CM3_0\cont_servo_test_MSS_MSS_CM3_0_hw_platform\Debug\libcont_servo_test_MSS_MSS_CM3_0_hw_platform.a(mss_uart.o)
                0x20000a64                MSS_UART_init
 .text.MSS_UART_polled_tx
                0x20000c68       0xe4 C:\Users\rwooster\Documents\cont_servo_test\SoftConsole\cont_servo_test_MSS_MSS_CM3_0\cont_servo_test_MSS_MSS_CM3_0_hw_platform\Debug\libcont_servo_test_MSS_MSS_CM3_0_hw_platform.a(mss_uart.o)
                0x20000c68                MSS_UART_polled_tx
 .text.MSS_UART_isr
                0x20000d4c      0x11c C:\Users\rwooster\Documents\cont_servo_test\SoftConsole\cont_servo_test_MSS_MSS_CM3_0\cont_servo_test_MSS_MSS_CM3_0_hw_platform\Debug\libcont_servo_test_MSS_MSS_CM3_0_hw_platform.a(mss_uart.o)
 .text.default_tx_handler
                0x20000e68      0x108 C:\Users\rwooster\Documents\cont_servo_test\SoftConsole\cont_servo_test_MSS_MSS_CM3_0\cont_servo_test_MSS_MSS_CM3_0_hw_platform\Debug\libcont_servo_test_MSS_MSS_CM3_0_hw_platform.a(mss_uart.o)
 .text.UART0_IRQHandler
                0x20000f70       0x2c C:\Users\rwooster\Documents\cont_servo_test\SoftConsole\cont_servo_test_MSS_MSS_CM3_0\cont_servo_test_MSS_MSS_CM3_0_hw_platform\Debug\libcont_servo_test_MSS_MSS_CM3_0_hw_platform.a(mss_uart.o)
                0x20000f70                UART0_IRQHandler
 .text.UART1_IRQHandler
                0x20000f9c       0x2c C:\Users\rwooster\Documents\cont_servo_test\SoftConsole\cont_servo_test_MSS_MSS_CM3_0\cont_servo_test_MSS_MSS_CM3_0_hw_platform\Debug\libcont_servo_test_MSS_MSS_CM3_0_hw_platform.a(mss_uart.o)
                0x20000f9c                UART1_IRQHandler
 .text.NVIC_EnableIRQ
                0x20000fc8       0x38 C:\Users\rwooster\Documents\cont_servo_test\SoftConsole\cont_servo_test_MSS_MSS_CM3_0\cont_servo_test_MSS_MSS_CM3_0_hw_platform\Debug\libcont_servo_test_MSS_MSS_CM3_0_hw_platform.a(mss_i2c.o)
 .text.NVIC_DisableIRQ
                0x20001000       0x3c C:\Users\rwooster\Documents\cont_servo_test\SoftConsole\cont_servo_test_MSS_MSS_CM3_0\cont_servo_test_MSS_MSS_CM3_0_hw_platform\Debug\libcont_servo_test_MSS_MSS_CM3_0_hw_platform.a(mss_i2c.o)
 .text.NVIC_ClearPendingIRQ
                0x2000103c       0x3c C:\Users\rwooster\Documents\cont_servo_test\SoftConsole\cont_servo_test_MSS_MSS_CM3_0\cont_servo_test_MSS_MSS_CM3_0_hw_platform\Debug\libcont_servo_test_MSS_MSS_CM3_0_hw_platform.a(mss_i2c.o)
 .text.MSS_I2C_init
                0x20001078      0x19c C:\Users\rwooster\Documents\cont_servo_test\SoftConsole\cont_servo_test_MSS_MSS_CM3_0\cont_servo_test_MSS_MSS_CM3_0_hw_platform\Debug\libcont_servo_test_MSS_MSS_CM3_0_hw_platform.a(mss_i2c.o)
                0x20001078                MSS_I2C_init
 .text.MSS_I2C_write
                0x20001214       0xc4 C:\Users\rwooster\Documents\cont_servo_test\SoftConsole\cont_servo_test_MSS_MSS_CM3_0\cont_servo_test_MSS_MSS_CM3_0_hw_platform\Debug\libcont_servo_test_MSS_MSS_CM3_0_hw_platform.a(mss_i2c.o)
                0x20001214                MSS_I2C_write
 .text.MSS_I2C_read
                0x200012d8       0xc8 C:\Users\rwooster\Documents\cont_servo_test\SoftConsole\cont_servo_test_MSS_MSS_CM3_0\cont_servo_test_MSS_MSS_CM3_0_hw_platform\Debug\libcont_servo_test_MSS_MSS_CM3_0_hw_platform.a(mss_i2c.o)
                0x200012d8                MSS_I2C_read
 .text.MSS_I2C_wait_complete
                0x200013a0       0x48 C:\Users\rwooster\Documents\cont_servo_test\SoftConsole\cont_servo_test_MSS_MSS_CM3_0\cont_servo_test_MSS_MSS_CM3_0_hw_platform\Debug\libcont_servo_test_MSS_MSS_CM3_0_hw_platform.a(mss_i2c.o)
                0x200013a0                MSS_I2C_wait_complete
 .text.mss_i2c_isr
                0x200013e8      0x6f4 C:\Users\rwooster\Documents\cont_servo_test\SoftConsole\cont_servo_test_MSS_MSS_CM3_0\cont_servo_test_MSS_MSS_CM3_0_hw_platform\Debug\libcont_servo_test_MSS_MSS_CM3_0_hw_platform.a(mss_i2c.o)
 .text.disable_interrupts
                0x20001adc       0x1c C:\Users\rwooster\Documents\cont_servo_test\SoftConsole\cont_servo_test_MSS_MSS_CM3_0\cont_servo_test_MSS_MSS_CM3_0_hw_platform\Debug\libcont_servo_test_MSS_MSS_CM3_0_hw_platform.a(mss_i2c.o)
 .text.restore_interrupts
                0x20001af8       0x18 C:\Users\rwooster\Documents\cont_servo_test\SoftConsole\cont_servo_test_MSS_MSS_CM3_0\cont_servo_test_MSS_MSS_CM3_0_hw_platform\Debug\libcont_servo_test_MSS_MSS_CM3_0_hw_platform.a(mss_i2c.o)
 .text.I2C0_IRQHandler
                0x20001b10       0x2c C:\Users\rwooster\Documents\cont_servo_test\SoftConsole\cont_servo_test_MSS_MSS_CM3_0\cont_servo_test_MSS_MSS_CM3_0_hw_platform\Debug\libcont_servo_test_MSS_MSS_CM3_0_hw_platform.a(mss_i2c.o)
                0x20001b10                I2C0_IRQHandler
 .text.I2C1_IRQHandler
                0x20001b3c       0x2c C:\Users\rwooster\Documents\cont_servo_test\SoftConsole\cont_servo_test_MSS_MSS_CM3_0\cont_servo_test_MSS_MSS_CM3_0_hw_platform\Debug\libcont_servo_test_MSS_MSS_CM3_0_hw_platform.a(mss_i2c.o)
                0x20001b3c                I2C1_IRQHandler
 .text.NVIC_ClearPendingIRQ
                0x20001b68       0x3c C:\Users\rwooster\Documents\cont_servo_test\SoftConsole\cont_servo_test_MSS_MSS_CM3_0\cont_servo_test_MSS_MSS_CM3_0_hw_platform\Debug\libcont_servo_test_MSS_MSS_CM3_0_hw_platform.a(mss_gpio.o)
 .text.MSS_GPIO_init
                0x20001ba4       0x6c C:\Users\rwooster\Documents\cont_servo_test\SoftConsole\cont_servo_test_MSS_MSS_CM3_0\cont_servo_test_MSS_MSS_CM3_0_hw_platform\Debug\libcont_servo_test_MSS_MSS_CM3_0_hw_platform.a(mss_gpio.o)
                0x20001ba4                MSS_GPIO_init
 .text.MSS_GPIO_config
                0x20001c10       0x3c C:\Users\rwooster\Documents\cont_servo_test\SoftConsole\cont_servo_test_MSS_MSS_CM3_0\cont_servo_test_MSS_MSS_CM3_0_hw_platform\Debug\libcont_servo_test_MSS_MSS_CM3_0_hw_platform.a(mss_gpio.o)
                0x20001c10                MSS_GPIO_config
 .text.__get_PRIMASK
                0x20001c4c       0x20 C:\Users\rwooster\Documents\cont_servo_test\SoftConsole\cont_servo_test_MSS_MSS_CM3_0\cont_servo_test_MSS_MSS_CM3_0_hw_platform\Debug\libcont_servo_test_MSS_MSS_CM3_0_hw_platform.a(core_cm3.o)
                0x20001c4c                __get_PRIMASK
 .text.__set_PRIMASK
                0x20001c6c       0x18 C:\Users\rwooster\Documents\cont_servo_test\SoftConsole\cont_servo_test_MSS_MSS_CM3_0\cont_servo_test_MSS_MSS_CM3_0_hw_platform\Debug\libcont_servo_test_MSS_MSS_CM3_0_hw_platform.a(core_cm3.o)
                0x20001c6c                __set_PRIMASK
 .text.SystemInit
                0x20001c84        0xc C:\Users\rwooster\Documents\cont_servo_test\SoftConsole\cont_servo_test_MSS_MSS_CM3_0\cont_servo_test_MSS_MSS_CM3_0_hw_platform\Debug\libcont_servo_test_MSS_MSS_CM3_0_hw_platform.a(system_a2fxxxm3.o)
                0x20001c84                SystemInit
 .text.SystemCoreClockUpdate
                0x20001c90      0x150 C:\Users\rwooster\Documents\cont_servo_test\SoftConsole\cont_servo_test_MSS_MSS_CM3_0\cont_servo_test_MSS_MSS_CM3_0_hw_platform\Debug\libcont_servo_test_MSS_MSS_CM3_0_hw_platform.a(system_a2fxxxm3.o)
                0x20001c90                SystemCoreClockUpdate
 .text.GetSystemClock
                0x20001de0       0xe8 C:\Users\rwooster\Documents\cont_servo_test\SoftConsole\cont_servo_test_MSS_MSS_CM3_0\cont_servo_test_MSS_MSS_CM3_0_hw_platform\Debug\libcont_servo_test_MSS_MSS_CM3_0_hw_platform.a(system_a2fxxxm3.o)
 .text          0x20001ec8      0x370 c:/actel/libero_v9.1/softconsole/sourcery-g++/bin/../lib/gcc/arm-none-eabi/4.4.1/thumb2\libgcc.a(_arm_addsubdf3.o)
                0x20001ec8                __aeabi_drsub
                0x20001ed0                __aeabi_dsub
                0x20001ed0                __subdf3
                0x20001ed4                __aeabi_dadd
                0x20001ed4                __adddf3
                0x2000214c                __floatunsidf
                0x2000214c                __aeabi_ui2d
                0x2000216c                __floatsidf
                0x2000216c                __aeabi_i2d
                0x20002190                __aeabi_f2d
                0x20002190                __extendsfdf2
                0x200021cc                __floatundidf
                0x200021cc                __aeabi_ul2d
                0x200021dc                __floatdidf
                0x200021dc                __aeabi_l2d
 .text          0x20002238      0x424 c:/actel/libero_v9.1/softconsole/sourcery-g++/bin/../lib/gcc/arm-none-eabi/4.4.1/thumb2\libgcc.a(_arm_muldivdf3.o)
                0x20002238                __aeabi_dmul
                0x20002238                __muldf3
                0x2000248c                __divdf3
                0x2000248c                __aeabi_ddiv
 .text          0x2000265c       0xa0 c:/actel/libero_v9.1/softconsole/sourcery-g++/bin/../lib/gcc/arm-none-eabi/4.4.1/thumb2\libgcc.a(_arm_truncdfsf2.o)
                0x2000265c                __truncdfsf2
                0x2000265c                __aeabi_d2f
 .text          0x200026fc       0x50 c:/actel/libero_v9.1/softconsole/sourcery-g++/bin/../lib/gcc/arm-none-eabi/4.4.1/../../../../arm-none-eabi/lib/thumb2\libc.a(lib_a-init.o)
                0x200026fc                __libc_init_array
 .text          0x2000274c       0x64 c:/actel/libero_v9.1/softconsole/sourcery-g++/bin/../lib/gcc/arm-none-eabi/4.4.1/../../../../arm-none-eabi/lib/thumb2\libc.a(lib_a-printf.o)
                0x2000274c                printf
                0x20002784                _printf_r
 .text          0x200027b0     0x1940 c:/actel/libero_v9.1/softconsole/sourcery-g++/bin/../lib/gcc/arm-none-eabi/4.4.1/../../../../arm-none-eabi/lib/thumb2\libc.a(lib_a-vfprintf.o)
                0x200027cc                _vfprintf_r
                0x200040d4                vfprintf
 .text          0x200040f0      0x104 c:/actel/libero_v9.1/softconsole/sourcery-g++/bin/../lib/gcc/arm-none-eabi/4.4.1/../../../../arm-none-eabi/lib/thumb2\libc.a(lib_a-wsetup.o)
                0x200040f0                __swsetup_r
 *fill*         0x200041f4        0x4 00
 .text          0x200041f8      0xfb8 c:/actel/libero_v9.1/softconsole/sourcery-g++/bin/../lib/gcc/arm-none-eabi/4.4.1/../../../../arm-none-eabi/lib/thumb2\libc.a(lib_a-dtoa.o)
                0x20004318                _dtoa_r
 .text          0x200051b0      0x178 c:/actel/libero_v9.1/softconsole/sourcery-g++/bin/../lib/gcc/arm-none-eabi/4.4.1/../../../../arm-none-eabi/lib/thumb2\libc.a(lib_a-fflush.o)
                0x200051b0                _fflush_r
                0x20005300                fflush
 .text          0x20005328      0x1c8 c:/actel/libero_v9.1/softconsole/sourcery-g++/bin/../lib/gcc/arm-none-eabi/4.4.1/../../../../arm-none-eabi/lib/thumb2\libc.a(lib_a-findfp.o)
                0x20005328                __sfp_lock_acquire
                0x2000532c                __sfp_lock_release
                0x20005330                __sinit_lock_acquire
                0x20005334                __sinit_lock_release
                0x20005340                __fp_unlock_all
                0x20005358                __fp_lock_all
                0x20005370                _cleanup_r
                0x2000537c                _cleanup
                0x200053d8                __sfmoreglue
                0x20005408                __sfp
                0x20005490                __sinit
 .text          0x200054f0      0x268 c:/actel/libero_v9.1/softconsole/sourcery-g++/bin/../lib/gcc/arm-none-eabi/4.4.1/../../../../arm-none-eabi/lib/thumb2\libc.a(lib_a-freer.o)
                0x200054f0                _malloc_trim_r
                0x20005598                _free_r
 .text          0x20005758      0x334 c:/actel/libero_v9.1/softconsole/sourcery-g++/bin/../lib/gcc/arm-none-eabi/4.4.1/../../../../arm-none-eabi/lib/thumb2\libc.a(lib_a-fvwrite.o)
                0x20005758                __sfvwrite_r
 .text          0x20005a8c       0xa0 c:/actel/libero_v9.1/softconsole/sourcery-g++/bin/../lib/gcc/arm-none-eabi/4.4.1/../../../../arm-none-eabi/lib/thumb2\libc.a(lib_a-fwalk.o)
                0x20005a8c                _fwalk_reent
                0x20005ae0                _fwalk
 .text          0x20005b2c       0x74 c:/actel/libero_v9.1/softconsole/sourcery-g++/bin/../lib/gcc/arm-none-eabi/4.4.1/../../../../arm-none-eabi/lib/thumb2\libc.a(lib_a-locale.o)
                0x20005b2c                __locale_charset
                0x20005b38                _localeconv_r
                0x20005b40                localeconv
                0x20005b48                _setlocale_r
                0x20005b90                setlocale
 .text          0x20005ba0       0xdc c:/actel/libero_v9.1/softconsole/sourcery-g++/bin/../lib/gcc/arm-none-eabi/4.4.1/../../../../arm-none-eabi/lib/thumb2\libc.a(lib_a-makebuf.o)
                0x20005ba0                __smakebuf_r
 .text          0x20005c7c       0x20 c:/actel/libero_v9.1/softconsole/sourcery-g++/bin/../lib/gcc/arm-none-eabi/4.4.1/../../../../arm-none-eabi/lib/thumb2\libc.a(lib_a-malloc.o)
                0x20005c7c                free
                0x20005c8c                malloc
 .text          0x20005c9c      0x5a4 c:/actel/libero_v9.1/softconsole/sourcery-g++/bin/../lib/gcc/arm-none-eabi/4.4.1/../../../../arm-none-eabi/lib/thumb2\libc.a(lib_a-mallocr.o)
                0x20005c9c                _malloc_r
 .text          0x20006240       0x74 c:/actel/libero_v9.1/softconsole/sourcery-g++/bin/../lib/gcc/arm-none-eabi/4.4.1/../../../../arm-none-eabi/lib/thumb2\libc.a(lib_a-memchr.o)
                0x20006240                memchr
 .text          0x200062b4      0x190 c:/actel/libero_v9.1/softconsole/sourcery-g++/bin/../lib/gcc/arm-none-eabi/4.4.1/../../../../arm-none-eabi/lib/thumb2\libc.a(lib_a-memcpy.o)
                0x200062b4                memcpy
 .text          0x20006444       0xb8 c:/actel/libero_v9.1/softconsole/sourcery-g++/bin/../lib/gcc/arm-none-eabi/4.4.1/../../../../arm-none-eabi/lib/thumb2\libc.a(lib_a-memmove.o)
                0x20006444                memmove
 .text          0x200064fc       0xd4 c:/actel/libero_v9.1/softconsole/sourcery-g++/bin/../lib/gcc/arm-none-eabi/4.4.1/../../../../arm-none-eabi/lib/thumb2\libc.a(lib_a-memset.o)
                0x200064fc                memset
 .text          0x200065d0        0x8 c:/actel/libero_v9.1/softconsole/sourcery-g++/bin/../lib/gcc/arm-none-eabi/4.4.1/../../../../arm-none-eabi/lib/thumb2\libc.a(lib_a-mlock.o)
                0x200065d0                __malloc_lock
                0x200065d4                __malloc_unlock
 .text          0x200065d8      0x958 c:/actel/libero_v9.1/softconsole/sourcery-g++/bin/../lib/gcc/arm-none-eabi/4.4.1/../../../../arm-none-eabi/lib/thumb2\libc.a(lib_a-mprec.o)
                0x200065d8                __hi0bits
                0x20006618                __lo0bits
                0x2000667c                __mcmp
                0x200066bc                __ulp
                0x20006708                __b2d
                0x200067b0                __ratio
                0x20006810                _mprec_log10
                0x20006848                __copybits
                0x20006898                __any_on
                0x200068f0                _Bfree
                0x20006928                _Balloc
                0x20006994                __d2b
                0x20006a64                __mdiff
                0x20006b5c                __lshift
                0x20006c18                __multiply
                0x20006d4c                __i2b
                0x20006d60                __multadd
                0x20006de8                __pow5mult
                0x20006e94                __s2b
 .text          0x20006f30      0x3b4 c:/actel/libero_v9.1/softconsole/sourcery-g++/bin/../lib/gcc/arm-none-eabi/4.4.1/../../../../arm-none-eabi/lib/thumb2\libc.a(lib_a-reallocr.o)
                0x20006f30                _realloc_r
 .text          0x200072e4       0x24 c:/actel/libero_v9.1/softconsole/sourcery-g++/bin/../lib/gcc/arm-none-eabi/4.4.1/../../../../arm-none-eabi/lib/thumb2\libc.a(lib_a-s_isinfd.o)
                0x200072e4                __isinfd
 .text          0x20007308       0x1c c:/actel/libero_v9.1/softconsole/sourcery-g++/bin/../lib/gcc/arm-none-eabi/4.4.1/../../../../arm-none-eabi/lib/thumb2\libc.a(lib_a-s_isnand.o)
                0x20007308                __isnand
 .text          0x20007324       0x28 c:/actel/libero_v9.1/softconsole/sourcery-g++/bin/../lib/gcc/arm-none-eabi/4.4.1/../../../../arm-none-eabi/lib/thumb2\libc.a(lib_a-sbrkr.o)
                0x20007324                _sbrk_r
 .text          0x2000734c       0x90 c:/actel/libero_v9.1/softconsole/sourcery-g++/bin/../lib/gcc/arm-none-eabi/4.4.1/../../../../arm-none-eabi/lib/thumb2\libc.a(lib_a-stdio.o)
                0x2000734c                __sclose
                0x20007354                __sseek
                0x2000737c                __swrite
                0x200073b8                __sread
 .text          0x200073dc      0x1dc c:/actel/libero_v9.1/softconsole/sourcery-g++/bin/../lib/gcc/arm-none-eabi/4.4.1/../../../../arm-none-eabi/lib/thumb2\libc.a(lib_a-strcmp.o)
                0x200073dc                strcmp
 .text          0x200075b8       0x60 c:/actel/libero_v9.1/softconsole/sourcery-g++/bin/../lib/gcc/arm-none-eabi/4.4.1/../../../../arm-none-eabi/lib/thumb2\libc.a(lib_a-strlen.o)
                0x200075b8                strlen
 .text          0x20007618       0x5c c:/actel/libero_v9.1/softconsole/sourcery-g++/bin/../lib/gcc/arm-none-eabi/4.4.1/../../../../arm-none-eabi/lib/thumb2\libc.a(lib_a-callocr.o)
                0x20007618                _calloc_r
 .text          0x20007674       0x28 c:/actel/libero_v9.1/softconsole/sourcery-g++/bin/../lib/gcc/arm-none-eabi/4.4.1/../../../../arm-none-eabi/lib/thumb2\libc.a(lib_a-closer.o)
                0x20007674                _close_r
 .text          0x2000769c       0xcc c:/actel/libero_v9.1/softconsole/sourcery-g++/bin/../lib/gcc/arm-none-eabi/4.4.1/../../../../arm-none-eabi/lib/thumb2\libc.a(lib_a-fclose.o)
                0x2000769c                _fclose_r
                0x20007758                fclose
 .text          0x20007768       0x2c c:/actel/libero_v9.1/softconsole/sourcery-g++/bin/../lib/gcc/arm-none-eabi/4.4.1/../../../../arm-none-eabi/lib/thumb2\libc.a(lib_a-fstatr.o)
                0x20007768                _fstat_r
 .text          0x20007794       0x28 c:/actel/libero_v9.1/softconsole/sourcery-g++/bin/../lib/gcc/arm-none-eabi/4.4.1/../../../../arm-none-eabi/lib/thumb2\libc.a(lib_a-isattyr.o)
                0x20007794                _isatty_r
 .text          0x200077bc       0x2c c:/actel/libero_v9.1/softconsole/sourcery-g++/bin/../lib/gcc/arm-none-eabi/4.4.1/../../../../arm-none-eabi/lib/thumb2\libc.a(lib_a-lseekr.o)
                0x200077bc                _lseek_r
 .text          0x200077e8       0x2c c:/actel/libero_v9.1/softconsole/sourcery-g++/bin/../lib/gcc/arm-none-eabi/4.4.1/../../../../arm-none-eabi/lib/thumb2\libc.a(lib_a-readr.o)
                0x200077e8                _read_r
 *fill*         0x20007814        0x4 00
 .text          0x20007818      0x278 c:/actel/libero_v9.1/softconsole/sourcery-g++/bin/../lib/gcc/arm-none-eabi/4.4.1/thumb2\libgcc.a(_udivsi3.o)
                0x20007818                __aeabi_uidiv
                0x20007818                __udivsi3
                0x20007a74                __aeabi_uidivmod
 .text          0x20007a90        0x4 c:/actel/libero_v9.1/softconsole/sourcery-g++/bin/../lib/gcc/arm-none-eabi/4.4.1/thumb2\libgcc.a(_dvmd_tls.o)
                0x20007a90                __aeabi_idiv0
                0x20007a90                __aeabi_ldiv0
 .text          0x20007a94      0x110 c:/actel/libero_v9.1/softconsole/sourcery-g++/bin/../lib/gcc/arm-none-eabi/4.4.1/thumb2\libgcc.a(_arm_cmpdf2.o)
                0x20007a94                __gtdf2
                0x20007a94                __gedf2
                0x20007a9c                __ltdf2
                0x20007a9c                __ledf2
                0x20007aa4                __nedf2
                0x20007aa4                __eqdf2
                0x20007aa4                __cmpdf2
                0x20007b20                __aeabi_cdrcmple
                0x20007b30                __aeabi_cdcmpeq
                0x20007b30                __aeabi_cdcmple
                0x20007b40                __aeabi_dcmpeq
                0x20007b54                __aeabi_dcmplt
                0x20007b68                __aeabi_dcmple
                0x20007b7c                __aeabi_dcmpge
                0x20007b90                __aeabi_dcmpgt
 .text          0x20007ba4       0x50 c:/actel/libero_v9.1/softconsole/sourcery-g++/bin/../lib/gcc/arm-none-eabi/4.4.1/thumb2\libgcc.a(_arm_fixdfsi.o)
                0x20007ba4                __aeabi_d2iz
                0x20007ba4                __fixdfsi
 .text          0x20007bf4       0x2c c:/actel/libero_v9.1/softconsole/sourcery-g++/bin/../lib/gcc/arm-none-eabi/4.4.1/thumb2\libgcc.a(_aeabi_uldivmod.o)
                0x20007bf4                __aeabi_uldivmod
 .text          0x20007c20       0x58 c:/actel/libero_v9.1/softconsole/sourcery-g++/bin/../lib/gcc/arm-none-eabi/4.4.1/thumb2\libgcc.a(bpabi.o)
                0x20007c20                __gnu_uldivmod_helper
                0x20007c4c                __gnu_ldivmod_helper
 .text          0x20007c78      0x364 c:/actel/libero_v9.1/softconsole/sourcery-g++/bin/../lib/gcc/arm-none-eabi/4.4.1/thumb2\libgcc.a(_divdi3.o)
                0x20007c78                __divdi3
 .text          0x20007fdc      0x300 c:/actel/libero_v9.1/softconsole/sourcery-g++/bin/../lib/gcc/arm-none-eabi/4.4.1/thumb2\libgcc.a(_udivdi3.o)
                0x20007fdc                __udivdi3
 *(.plt)
 *(.gnu.warning)
 *(.glue_7t)
 .glue_7t       0x00000000        0x0 linker stubs
 *(.glue_7)
 .glue_7        0x00000000        0x0 linker stubs
 *(.vfp11_veneer)
 .vfp11_veneer  0x00000000        0x0 linker stubs
                0x200082dc                . = ALIGN (0x4)
 *crtbegin.o(.ctors)
 *(EXCLUDE_FILE(*crtend.o) .ctors)
 *(SORT(.ctors.*))
 *crtend.o(.ctors)
 *crtbegin.o(.dtors)
 *(EXCLUDE_FILE(*crtend.o) .dtors)
 *(SORT(.dtors.*))
 *crtend.o(.dtors)
 *(.rodata .rodata.* .gnu.linkonce.r.*)
 .rodata        0x200082dc        0xc ./main.o
 .rodata        0x200082e8       0x1c C:/Users/rwooster/Documents/cont_servo_test/SoftConsole/cont_servo_test_MSS_MSS_CM3_0/cont_servo_test_MSS_MSS_CM3_0_hw_platform/Debug/CMSIS/startup_gcc/newlib_stubs.o
 .rodata.g_config_reg_lut
                0x20008304       0x80 C:\Users\rwooster\Documents\cont_servo_test\SoftConsole\cont_servo_test_MSS_MSS_CM3_0\cont_servo_test_MSS_MSS_CM3_0_hw_platform\Debug\libcont_servo_test_MSS_MSS_CM3_0_hw_platform.a(mss_gpio.o)
 .rodata.g_gpio_irqn_lut
                0x20008384       0x40 C:\Users\rwooster\Documents\cont_servo_test\SoftConsole\cont_servo_test_MSS_MSS_CM3_0\cont_servo_test_MSS_MSS_CM3_0_hw_platform\Debug\libcont_servo_test_MSS_MSS_CM3_0_hw_platform.a(mss_gpio.o)
 .rodata.C.18.2576
                0x200083c4       0x10 C:\Users\rwooster\Documents\cont_servo_test\SoftConsole\cont_servo_test_MSS_MSS_CM3_0\cont_servo_test_MSS_MSS_CM3_0_hw_platform\Debug\libcont_servo_test_MSS_MSS_CM3_0_hw_platform.a(system_a2fxxxm3.o)
 .rodata        0x200083d4        0x4 c:/actel/libero_v9.1/softconsole/sourcery-g++/bin/../lib/gcc/arm-none-eabi/4.4.1/../../../../arm-none-eabi/lib/thumb2\libc.a(lib_a-impure.o)
                0x200083d4                _global_impure_ptr
 .rodata.str1.4
                0x200083d8        0x2 c:/actel/libero_v9.1/softconsole/sourcery-g++/bin/../lib/gcc/arm-none-eabi/4.4.1/../../../../arm-none-eabi/lib/thumb2\libc.a(lib_a-impure.o)
                                  0x4 (size before relaxing)
 *fill*         0x200083da        0x2 00
 .rodata        0x200083dc       0x20 c:/actel/libero_v9.1/softconsole/sourcery-g++/bin/../lib/gcc/arm-none-eabi/4.4.1/../../../../arm-none-eabi/lib/thumb2\libc.a(lib_a-vfprintf.o)
 .rodata.str1.4
                0x200083fc       0x42 c:/actel/libero_v9.1/softconsole/sourcery-g++/bin/../lib/gcc/arm-none-eabi/4.4.1/../../../../arm-none-eabi/lib/thumb2\libc.a(lib_a-vfprintf.o)
                                 0x44 (size before relaxing)
 *fill*         0x2000843e        0x2 00
 .rodata.str1.4
                0x20008440       0x10 c:/actel/libero_v9.1/softconsole/sourcery-g++/bin/../lib/gcc/arm-none-eabi/4.4.1/../../../../arm-none-eabi/lib/thumb2\libc.a(lib_a-dtoa.o)
                                 0x14 (size before relaxing)
 .rodata        0x20008450       0x60 c:/actel/libero_v9.1/softconsole/sourcery-g++/bin/../lib/gcc/arm-none-eabi/4.4.1/../../../../arm-none-eabi/lib/thumb2\libc.a(lib_a-findfp.o)
                0x20008450                __sf_fake_stdin
                0x20008470                __sf_fake_stdout
                0x20008490                __sf_fake_stderr
 .rodata        0x200084b0       0x34 c:/actel/libero_v9.1/softconsole/sourcery-g++/bin/../lib/gcc/arm-none-eabi/4.4.1/../../../../arm-none-eabi/lib/thumb2\libc.a(lib_a-locale.o)
 .rodata.str1.4
                0x200084e4       0x10 c:/actel/libero_v9.1/softconsole/sourcery-g++/bin/../lib/gcc/arm-none-eabi/4.4.1/../../../../arm-none-eabi/lib/thumb2\libc.a(lib_a-locale.o)
                                 0x18 (size before relaxing)
 *fill*         0x200084f4        0x4 00
 .rodata        0x200084f8      0x128 c:/actel/libero_v9.1/softconsole/sourcery-g++/bin/../lib/gcc/arm-none-eabi/4.4.1/../../../../arm-none-eabi/lib/thumb2\libc.a(lib_a-mprec.o)
                0x200084f8                __mprec_tens
                0x200085d0                __mprec_bigtens
                0x200085f8                __mprec_tinytens
 *(.ARM.extab* .gnu.linkonce.armextab.*)
 *(.gcc_except_table)
 *(.eh_frame_hdr)
 *(.eh_frame)
 *(.init)
 .init          0x20008620        0x4 c:/actel/libero_v9.1/softconsole/sourcery-g++/bin/../lib/gcc/arm-none-eabi/4.4.1/thumb2/crti.o
                0x20008620                _init
 .init          0x20008624        0x8 c:/actel/libero_v9.1/softconsole/sourcery-g++/bin/../lib/gcc/arm-none-eabi/4.4.1/thumb2/crtn.o
 *(.fini)
 .fini          0x2000862c        0x4 c:/actel/libero_v9.1/softconsole/sourcery-g++/bin/../lib/gcc/arm-none-eabi/4.4.1/thumb2/crti.o
                0x2000862c                _fini
 .fini          0x20008630        0x8 c:/actel/libero_v9.1/softconsole/sourcery-g++/bin/../lib/gcc/arm-none-eabi/4.4.1/thumb2/crtn.o
                0x20008638                PROVIDE (__preinit_array_start, .)
 *(.preinit_array)
                0x20008638                PROVIDE (__preinit_array_end, .)
                0x20008638                PROVIDE (__init_array_start, .)
 *(SORT(.init_array.*))
 *(.init_array)
 .init_array    0x20008638        0x4 c:/actel/libero_v9.1/softconsole/sourcery-g++/bin/../lib/gcc/arm-none-eabi/4.4.1/thumb2/crtbegin.o
                0x2000863c                PROVIDE (__init_array_end, .)
                0x2000863c                PROVIDE (__fini_array_start, .)
 *(.fini_array)
 .fini_array    0x2000863c        0x4 c:/actel/libero_v9.1/softconsole/sourcery-g++/bin/../lib/gcc/arm-none-eabi/4.4.1/thumb2/crtbegin.o
 *(SORT(.fini_array.*))
                0x20008640                PROVIDE (__fini_array_end, .)
                0x20008640                __exidx_start = .

.v4_bx          0x20008640        0x0
 .v4_bx         0x00000000        0x0 linker stubs

.ARM.exidx      0x20008640        0x8
 *(.ARM.exidx* .gnu.linkonce.armexidx.*)
 .ARM.exidx     0x20008640        0x8 c:/actel/libero_v9.1/softconsole/sourcery-g++/bin/../lib/gcc/arm-none-eabi/4.4.1/thumb2\libgcc.a(_divdi3.o)
 .ARM.exidx     0x20008648        0x0 c:/actel/libero_v9.1/softconsole/sourcery-g++/bin/../lib/gcc/arm-none-eabi/4.4.1/thumb2\libgcc.a(_udivdi3.o)
                                  0x8 (size before relaxing)
                0x20008648                __exidx_end = .
                0x20008648                _etext = .
                0x20008648                PROVIDE (__text_end, .)

.data           0x20008648      0x520
                0x20008648                __data_load = LOADADDR (.data)
                0x20008648                _sidata = LOADADDR (.data)
                0x20008648                __data_start = .
                0x20008648                _sdata = .
 *(.jcr)
 .jcr           0x20008648        0x0 c:/actel/libero_v9.1/softconsole/sourcery-g++/bin/../lib/gcc/arm-none-eabi/4.4.1/thumb2/crtbegin.o
 .jcr           0x20008648        0x4 c:/actel/libero_v9.1/softconsole/sourcery-g++/bin/../lib/gcc/arm-none-eabi/4.4.1/thumb2/crtend.o
 *(.got.plt)
 *(.got)
 *(.shdata)
 *(.data .data.* .gnu.linkonce.d.*)
 .data.SystemFrequency
                0x2000864c        0x4 C:\Users\rwooster\Documents\cont_servo_test\SoftConsole\cont_servo_test_MSS_MSS_CM3_0\cont_servo_test_MSS_MSS_CM3_0_hw_platform\Debug\libcont_servo_test_MSS_MSS_CM3_0_hw_platform.a(system_a2fxxxm3.o)
                0x2000864c                SystemFrequency
 .data.SystemCoreClock
                0x20008650        0x4 C:\Users\rwooster\Documents\cont_servo_test\SoftConsole\cont_servo_test_MSS_MSS_CM3_0\cont_servo_test_MSS_MSS_CM3_0_hw_platform\Debug\libcont_servo_test_MSS_MSS_CM3_0_hw_platform.a(system_a2fxxxm3.o)
                0x20008650                SystemCoreClock
 .data.g_FrequencyPCLK0
                0x20008654        0x4 C:\Users\rwooster\Documents\cont_servo_test\SoftConsole\cont_servo_test_MSS_MSS_CM3_0\cont_servo_test_MSS_MSS_CM3_0_hw_platform\Debug\libcont_servo_test_MSS_MSS_CM3_0_hw_platform.a(system_a2fxxxm3.o)
                0x20008654                g_FrequencyPCLK0
 .data.g_FrequencyPCLK1
                0x20008658        0x4 C:\Users\rwooster\Documents\cont_servo_test\SoftConsole\cont_servo_test_MSS_MSS_CM3_0\cont_servo_test_MSS_MSS_CM3_0_hw_platform\Debug\libcont_servo_test_MSS_MSS_CM3_0_hw_platform.a(system_a2fxxxm3.o)
                0x20008658                g_FrequencyPCLK1
 .data.g_FrequencyACE
                0x2000865c        0x4 C:\Users\rwooster\Documents\cont_servo_test\SoftConsole\cont_servo_test_MSS_MSS_CM3_0\cont_servo_test_MSS_MSS_CM3_0_hw_platform\Debug\libcont_servo_test_MSS_MSS_CM3_0_hw_platform.a(system_a2fxxxm3.o)
                0x2000865c                g_FrequencyACE
 .data.g_FrequencyFPGA
                0x20008660        0x4 C:\Users\rwooster\Documents\cont_servo_test\SoftConsole\cont_servo_test_MSS_MSS_CM3_0\cont_servo_test_MSS_MSS_CM3_0_hw_platform\Debug\libcont_servo_test_MSS_MSS_CM3_0_hw_platform.a(system_a2fxxxm3.o)
                0x20008660                g_FrequencyFPGA
 .data          0x20008664       0xf4 c:/actel/libero_v9.1/softconsole/sourcery-g++/bin/../lib/gcc/arm-none-eabi/4.4.1/../../../../arm-none-eabi/lib/thumb2\libc.a(lib_a-impure.o)
                0x20008664                _impure_ptr
 .data          0x20008758      0x410 c:/actel/libero_v9.1/softconsole/sourcery-g++/bin/../lib/gcc/arm-none-eabi/4.4.1/../../../../arm-none-eabi/lib/thumb2\libc.a(lib_a-mallocr.o)
                0x20008758                __malloc_av_
                0x20008b60                __malloc_sbrk_base
                0x20008b64                __malloc_trim_threshold
                0x20008b68                . = ALIGN (0x4)
                0x20008b68                _edata = .

.bss            0x20008b68      0x120
                0x20008b68                __bss_start__ = .
                0x20008b68                _sbss = .
 *(.shbss)
 *(.bss .bss.* .gnu.linkonce.b.*)
 .bss           0x20008b68        0x1 c:/actel/libero_v9.1/softconsole/sourcery-g++/bin/../lib/gcc/arm-none-eabi/4.4.1/thumb2/crtbegin.o
 *fill*         0x20008b69        0x3 00
 .bss.g_stdio_uart_init_done
                0x20008b6c        0x4 C:/Users/rwooster/Documents/cont_servo_test/SoftConsole/cont_servo_test_MSS_MSS_CM3_0/cont_servo_test_MSS_MSS_CM3_0_hw_platform/Debug/CMSIS/startup_gcc/newlib_stubs.o
 .bss.heap_end.3594
                0x20008b70        0x4 C:/Users/rwooster/Documents/cont_servo_test/SoftConsole/cont_servo_test_MSS_MSS_CM3_0/cont_servo_test_MSS_MSS_CM3_0_hw_platform/Debug/CMSIS/startup_gcc/newlib_stubs.o
 .bss           0x20008b74       0x34 c:/actel/libero_v9.1/softconsole/sourcery-g++/bin/../lib/gcc/arm-none-eabi/4.4.1/../../../../arm-none-eabi/lib/thumb2\libc.a(lib_a-mallocr.o)
                0x20008b74                __malloc_top_pad
                0x20008b78                __malloc_current_mallinfo
                0x20008ba0                __malloc_max_sbrked_mem
                0x20008ba4                __malloc_max_total_mem
 *(COMMON)
 COMMON         0x20008ba8       0x50 C:\Users\rwooster\Documents\cont_servo_test\SoftConsole\cont_servo_test_MSS_MSS_CM3_0\cont_servo_test_MSS_MSS_CM3_0_hw_platform\Debug\libcont_servo_test_MSS_MSS_CM3_0_hw_platform.a(mss_uart.o)
                0x20008ba8                g_mss_uart1
                0x20008bd0                g_mss_uart0
 COMMON         0x20008bf8       0x88 C:\Users\rwooster\Documents\cont_servo_test\SoftConsole\cont_servo_test_MSS_MSS_CM3_0\cont_servo_test_MSS_MSS_CM3_0_hw_platform\Debug\libcont_servo_test_MSS_MSS_CM3_0_hw_platform.a(mss_i2c.o)
                0x20008bf8                g_mss_i2c0
                0x20008c3c                g_mss_i2c1
 COMMON         0x20008c80        0x4 c:/actel/libero_v9.1/softconsole/sourcery-g++/bin/../lib/gcc/arm-none-eabi/4.4.1/../../../../arm-none-eabi/lib/thumb2\libc.a(lib_a-reent.o)
                0x20008c80                errno
                0x20008c88                . = ALIGN (0x8)
 *fill*         0x20008c84        0x4 00
                0x20008c88                __bss_end__ = .
                0x20008c88                _end = .
                0x20008c88                __end = _end
                0x20008c88                _ebss = .
                0x20008c88                PROVIDE (end, .)

.stack          0x20008c88     0x3000
                0x20008c88                . = ALIGN (0x4)
                0x20009c88                . = (. + PROCESS_STACK_SIZE)
 *fill*         0x20008c88     0x1000 00
                0x20009c88                . = ALIGN (0x4)
                0x2000bc88                . = (. + MAIN_STACK_SIZE)
 *fill*         0x20009c88     0x2000 00
                0x2000bc88                . = ALIGN (0x4)

.stab
 *(.stab)

.stabstr
 *(.stabstr)

.debug
 *(.debug)

.line
 *(.line)

.debug_srcinfo
 *(.debug_srcinfo)

.debug_sfnames
 *(.debug_sfnames)

.comment        0x00000000      0x158
 .comment       0x00000000       0x2b ./imu.o
 .comment       0x0000002b       0x2b ./main.o
 .comment       0x00000056       0x2b C:/Users/rwooster/Documents/cont_servo_test/SoftConsole/cont_servo_test_MSS_MSS_CM3_0/cont_servo_test_MSS_MSS_CM3_0_hw_platform/Debug/CMSIS/startup_gcc/newlib_stubs.o
 .comment       0x00000081       0x2b C:\Users\rwooster\Documents\cont_servo_test\SoftConsole\cont_servo_test_MSS_MSS_CM3_0\cont_servo_test_MSS_MSS_CM3_0_hw_platform\Debug\libcont_servo_test_MSS_MSS_CM3_0_hw_platform.a(mss_uart.o)
 .comment       0x000000ac       0x2b C:\Users\rwooster\Documents\cont_servo_test\SoftConsole\cont_servo_test_MSS_MSS_CM3_0\cont_servo_test_MSS_MSS_CM3_0_hw_platform\Debug\libcont_servo_test_MSS_MSS_CM3_0_hw_platform.a(mss_i2c.o)
 .comment       0x000000d7       0x2b C:\Users\rwooster\Documents\cont_servo_test\SoftConsole\cont_servo_test_MSS_MSS_CM3_0\cont_servo_test_MSS_MSS_CM3_0_hw_platform\Debug\libcont_servo_test_MSS_MSS_CM3_0_hw_platform.a(mss_gpio.o)
 .comment       0x00000102       0x2b C:\Users\rwooster\Documents\cont_servo_test\SoftConsole\cont_servo_test_MSS_MSS_CM3_0\cont_servo_test_MSS_MSS_CM3_0_hw_platform\Debug\libcont_servo_test_MSS_MSS_CM3_0_hw_platform.a(core_cm3.o)
 .comment       0x0000012d       0x2b C:\Users\rwooster\Documents\cont_servo_test\SoftConsole\cont_servo_test_MSS_MSS_CM3_0\cont_servo_test_MSS_MSS_CM3_0_hw_platform\Debug\libcont_servo_test_MSS_MSS_CM3_0_hw_platform.a(system_a2fxxxm3.o)

.debug_aranges  0x00000000      0x420
 *(.debug_aranges)
 .debug_aranges
                0x00000000       0x60 ./imu.o
 .debug_aranges
                0x00000060       0x38 ./main.o
 .debug_aranges
                0x00000098       0xa8 C:/Users/rwooster/Documents/cont_servo_test/SoftConsole/cont_servo_test_MSS_MSS_CM3_0/cont_servo_test_MSS_MSS_CM3_0_hw_platform/Debug/CMSIS/startup_gcc/newlib_stubs.o
 .debug_aranges
                0x00000140       0xd8 C:\Users\rwooster\Documents\cont_servo_test\SoftConsole\cont_servo_test_MSS_MSS_CM3_0\cont_servo_test_MSS_MSS_CM3_0_hw_platform\Debug\libcont_servo_test_MSS_MSS_CM3_0_hw_platform.a(mss_uart.o)
 .debug_aranges
                0x00000218       0xb0 C:\Users\rwooster\Documents\cont_servo_test\SoftConsole\cont_servo_test_MSS_MSS_CM3_0\cont_servo_test_MSS_MSS_CM3_0_hw_platform\Debug\libcont_servo_test_MSS_MSS_CM3_0_hw_platform.a(mss_i2c.o)
 .debug_aranges
                0x000002c8       0x60 C:\Users\rwooster\Documents\cont_servo_test\SoftConsole\cont_servo_test_MSS_MSS_CM3_0\cont_servo_test_MSS_MSS_CM3_0_hw_platform\Debug\libcont_servo_test_MSS_MSS_CM3_0_hw_platform.a(mss_gpio.o)
 .debug_aranges
                0x00000328       0xc8 C:\Users\rwooster\Documents\cont_servo_test\SoftConsole\cont_servo_test_MSS_MSS_CM3_0\cont_servo_test_MSS_MSS_CM3_0_hw_platform\Debug\libcont_servo_test_MSS_MSS_CM3_0_hw_platform.a(core_cm3.o)
 .debug_aranges
                0x000003f0       0x30 C:\Users\rwooster\Documents\cont_servo_test\SoftConsole\cont_servo_test_MSS_MSS_CM3_0\cont_servo_test_MSS_MSS_CM3_0_hw_platform\Debug\libcont_servo_test_MSS_MSS_CM3_0_hw_platform.a(system_a2fxxxm3.o)

.debug_pubnames
                0x00000000      0x7ef
 *(.debug_pubnames)
 .debug_pubnames
                0x00000000       0x94 ./imu.o
 .debug_pubnames
                0x00000094       0x1b ./main.o
 .debug_pubnames
                0x000000af       0xeb C:/Users/rwooster/Documents/cont_servo_test/SoftConsole/cont_servo_test_MSS_MSS_CM3_0/cont_servo_test_MSS_MSS_CM3_0_hw_platform/Debug/CMSIS/startup_gcc/newlib_stubs.o
 .debug_pubnames
                0x0000019a      0x21c C:\Users\rwooster\Documents\cont_servo_test\SoftConsole\cont_servo_test_MSS_MSS_CM3_0\cont_servo_test_MSS_MSS_CM3_0_hw_platform\Debug\libcont_servo_test_MSS_MSS_CM3_0_hw_platform.a(mss_uart.o)
 .debug_pubnames
                0x000003b6      0x17b C:\Users\rwooster\Documents\cont_servo_test\SoftConsole\cont_servo_test_MSS_MSS_CM3_0\cont_servo_test_MSS_MSS_CM3_0_hw_platform\Debug\libcont_servo_test_MSS_MSS_CM3_0_hw_platform.a(mss_i2c.o)
 .debug_pubnames
                0x00000531       0xb1 C:\Users\rwooster\Documents\cont_servo_test\SoftConsole\cont_servo_test_MSS_MSS_CM3_0\cont_servo_test_MSS_MSS_CM3_0_hw_platform\Debug\libcont_servo_test_MSS_MSS_CM3_0_hw_platform.a(mss_gpio.o)
 .debug_pubnames
                0x000005e2      0x159 C:\Users\rwooster\Documents\cont_servo_test\SoftConsole\cont_servo_test_MSS_MSS_CM3_0\cont_servo_test_MSS_MSS_CM3_0_hw_platform\Debug\libcont_servo_test_MSS_MSS_CM3_0_hw_platform.a(core_cm3.o)
 .debug_pubnames
                0x0000073b       0xb4 C:\Users\rwooster\Documents\cont_servo_test\SoftConsole\cont_servo_test_MSS_MSS_CM3_0\cont_servo_test_MSS_MSS_CM3_0_hw_platform\Debug\libcont_servo_test_MSS_MSS_CM3_0_hw_platform.a(system_a2fxxxm3.o)

.debug_info     0x00000000     0x724f
 *(.debug_info .gnu.linkonce.wi.*)
 .debug_info    0x00000000      0xad9 ./imu.o
 .debug_info    0x00000ad9     0x12fd ./main.o
 .debug_info    0x00001dd6     0x10f0 C:/Users/rwooster/Documents/cont_servo_test/SoftConsole/cont_servo_test_MSS_MSS_CM3_0/cont_servo_test_MSS_MSS_CM3_0_hw_platform/Debug/CMSIS/startup_gcc/newlib_stubs.o
 .debug_info    0x00002ec6     0x15a4 C:\Users\rwooster\Documents\cont_servo_test\SoftConsole\cont_servo_test_MSS_MSS_CM3_0\cont_servo_test_MSS_MSS_CM3_0_hw_platform\Debug\libcont_servo_test_MSS_MSS_CM3_0_hw_platform.a(mss_uart.o)
 .debug_info    0x0000446a     0x1249 C:\Users\rwooster\Documents\cont_servo_test\SoftConsole\cont_servo_test_MSS_MSS_CM3_0\cont_servo_test_MSS_MSS_CM3_0_hw_platform\Debug\libcont_servo_test_MSS_MSS_CM3_0_hw_platform.a(mss_i2c.o)
 .debug_info    0x000056b3     0x1114 C:\Users\rwooster\Documents\cont_servo_test\SoftConsole\cont_servo_test_MSS_MSS_CM3_0\cont_servo_test_MSS_MSS_CM3_0_hw_platform\Debug\libcont_servo_test_MSS_MSS_CM3_0_hw_platform.a(mss_gpio.o)
 .debug_info    0x000067c7      0x54c C:\Users\rwooster\Documents\cont_servo_test\SoftConsole\cont_servo_test_MSS_MSS_CM3_0\cont_servo_test_MSS_MSS_CM3_0_hw_platform\Debug\libcont_servo_test_MSS_MSS_CM3_0_hw_platform.a(core_cm3.o)
 .debug_info    0x00006d13      0x53c C:\Users\rwooster\Documents\cont_servo_test\SoftConsole\cont_servo_test_MSS_MSS_CM3_0\cont_servo_test_MSS_MSS_CM3_0_hw_platform\Debug\libcont_servo_test_MSS_MSS_CM3_0_hw_platform.a(system_a2fxxxm3.o)

.debug_abbrev   0x00000000      0xceb
 *(.debug_abbrev)
 .debug_abbrev  0x00000000      0x183 ./imu.o
 .debug_abbrev  0x00000183      0x1b6 ./main.o
 .debug_abbrev  0x00000339      0x1f4 C:/Users/rwooster/Documents/cont_servo_test/SoftConsole/cont_servo_test_MSS_MSS_CM3_0/cont_servo_test_MSS_MSS_CM3_0_hw_platform/Debug/CMSIS/startup_gcc/newlib_stubs.o
 .debug_abbrev  0x0000052d      0x245 C:\Users\rwooster\Documents\cont_servo_test\SoftConsole\cont_servo_test_MSS_MSS_CM3_0\cont_servo_test_MSS_MSS_CM3_0_hw_platform\Debug\libcont_servo_test_MSS_MSS_CM3_0_hw_platform.a(mss_uart.o)
 .debug_abbrev  0x00000772      0x20e C:\Users\rwooster\Documents\cont_servo_test\SoftConsole\cont_servo_test_MSS_MSS_CM3_0\cont_servo_test_MSS_MSS_CM3_0_hw_platform\Debug\libcont_servo_test_MSS_MSS_CM3_0_hw_platform.a(mss_i2c.o)
 .debug_abbrev  0x00000980      0x181 C:\Users\rwooster\Documents\cont_servo_test\SoftConsole\cont_servo_test_MSS_MSS_CM3_0\cont_servo_test_MSS_MSS_CM3_0_hw_platform\Debug\libcont_servo_test_MSS_MSS_CM3_0_hw_platform.a(mss_gpio.o)
 .debug_abbrev  0x00000b01       0xd9 C:\Users\rwooster\Documents\cont_servo_test\SoftConsole\cont_servo_test_MSS_MSS_CM3_0\cont_servo_test_MSS_MSS_CM3_0_hw_platform\Debug\libcont_servo_test_MSS_MSS_CM3_0_hw_platform.a(core_cm3.o)
 .debug_abbrev  0x00000bda      0x111 C:\Users\rwooster\Documents\cont_servo_test\SoftConsole\cont_servo_test_MSS_MSS_CM3_0\cont_servo_test_MSS_MSS_CM3_0_hw_platform\Debug\libcont_servo_test_MSS_MSS_CM3_0_hw_platform.a(system_a2fxxxm3.o)

.debug_line     0x00000000     0x228f
 *(.debug_line)
 .debug_line    0x00000000      0x2c9 ./imu.o
 .debug_line    0x000002c9      0x883 ./main.o
 .debug_line    0x00000b4c      0x515 C:/Users/rwooster/Documents/cont_servo_test/SoftConsole/cont_servo_test_MSS_MSS_CM3_0/cont_servo_test_MSS_MSS_CM3_0_hw_platform/Debug/CMSIS/startup_gcc/newlib_stubs.o
 .debug_line    0x00001061      0x581 C:\Users\rwooster\Documents\cont_servo_test\SoftConsole\cont_servo_test_MSS_MSS_CM3_0\cont_servo_test_MSS_MSS_CM3_0_hw_platform\Debug\libcont_servo_test_MSS_MSS_CM3_0_hw_platform.a(mss_uart.o)
 .debug_line    0x000015e2      0x497 C:\Users\rwooster\Documents\cont_servo_test\SoftConsole\cont_servo_test_MSS_MSS_CM3_0\cont_servo_test_MSS_MSS_CM3_0_hw_platform\Debug\libcont_servo_test_MSS_MSS_CM3_0_hw_platform.a(mss_i2c.o)
 .debug_line    0x00001a79      0x32f C:\Users\rwooster\Documents\cont_servo_test\SoftConsole\cont_servo_test_MSS_MSS_CM3_0\cont_servo_test_MSS_MSS_CM3_0_hw_platform\Debug\libcont_servo_test_MSS_MSS_CM3_0_hw_platform.a(mss_gpio.o)
 .debug_line    0x00001da8      0x263 C:\Users\rwooster\Documents\cont_servo_test\SoftConsole\cont_servo_test_MSS_MSS_CM3_0\cont_servo_test_MSS_MSS_CM3_0_hw_platform\Debug\libcont_servo_test_MSS_MSS_CM3_0_hw_platform.a(core_cm3.o)
 .debug_line    0x0000200b      0x284 C:\Users\rwooster\Documents\cont_servo_test\SoftConsole\cont_servo_test_MSS_MSS_CM3_0\cont_servo_test_MSS_MSS_CM3_0_hw_platform\Debug\libcont_servo_test_MSS_MSS_CM3_0_hw_platform.a(system_a2fxxxm3.o)

.debug_frame    0x00000000     0x18e0
 *(.debug_frame)
 .debug_frame   0x00000000      0x12c ./imu.o
 .debug_frame   0x0000012c       0x88 ./main.o
 .debug_frame   0x000001b4      0x220 C:/Users/rwooster/Documents/cont_servo_test/SoftConsole/cont_servo_test_MSS_MSS_CM3_0/cont_servo_test_MSS_MSS_CM3_0_hw_platform/Debug/CMSIS/startup_gcc/newlib_stubs.o
 .debug_frame   0x000003d4      0x2e4 C:\Users\rwooster\Documents\cont_servo_test\SoftConsole\cont_servo_test_MSS_MSS_CM3_0\cont_servo_test_MSS_MSS_CM3_0_hw_platform\Debug\libcont_servo_test_MSS_MSS_CM3_0_hw_platform.a(mss_uart.o)
 .debug_frame   0x000006b8      0x25c C:\Users\rwooster\Documents\cont_servo_test\SoftConsole\cont_servo_test_MSS_MSS_CM3_0\cont_servo_test_MSS_MSS_CM3_0_hw_platform\Debug\libcont_servo_test_MSS_MSS_CM3_0_hw_platform.a(mss_i2c.o)
 .debug_frame   0x00000914      0x118 C:\Users\rwooster\Documents\cont_servo_test\SoftConsole\cont_servo_test_MSS_MSS_CM3_0\cont_servo_test_MSS_MSS_CM3_0_hw_platform\Debug\libcont_servo_test_MSS_MSS_CM3_0_hw_platform.a(mss_gpio.o)
 .debug_frame   0x00000a2c      0x248 C:\Users\rwooster\Documents\cont_servo_test\SoftConsole\cont_servo_test_MSS_MSS_CM3_0\cont_servo_test_MSS_MSS_CM3_0_hw_platform\Debug\libcont_servo_test_MSS_MSS_CM3_0_hw_platform.a(core_cm3.o)
 .debug_frame   0x00000c74       0x64 C:\Users\rwooster\Documents\cont_servo_test\SoftConsole\cont_servo_test_MSS_MSS_CM3_0\cont_servo_test_MSS_MSS_CM3_0_hw_platform\Debug\libcont_servo_test_MSS_MSS_CM3_0_hw_platform.a(system_a2fxxxm3.o)
 .debug_frame   0x00000cd8       0x20 c:/actel/libero_v9.1/softconsole/sourcery-g++/bin/../lib/gcc/arm-none-eabi/4.4.1/../../../../arm-none-eabi/lib/thumb2\libc.a(lib_a-errno.o)
 .debug_frame   0x00000cf8       0x2c c:/actel/libero_v9.1/softconsole/sourcery-g++/bin/../lib/gcc/arm-none-eabi/4.4.1/../../../../arm-none-eabi/lib/thumb2\libc.a(lib_a-init.o)
 .debug_frame   0x00000d24       0x5c c:/actel/libero_v9.1/softconsole/sourcery-g++/bin/../lib/gcc/arm-none-eabi/4.4.1/../../../../arm-none-eabi/lib/thumb2\libc.a(lib_a-printf.o)
 .debug_frame   0x00000d80       0x70 c:/actel/libero_v9.1/softconsole/sourcery-g++/bin/../lib/gcc/arm-none-eabi/4.4.1/../../../../arm-none-eabi/lib/thumb2\libc.a(lib_a-vfprintf.o)
 .debug_frame   0x00000df0       0x2c c:/actel/libero_v9.1/softconsole/sourcery-g++/bin/../lib/gcc/arm-none-eabi/4.4.1/../../../../arm-none-eabi/lib/thumb2\libc.a(lib_a-wsetup.o)
 .debug_frame   0x00000e1c       0x64 c:/actel/libero_v9.1/softconsole/sourcery-g++/bin/../lib/gcc/arm-none-eabi/4.4.1/../../../../arm-none-eabi/lib/thumb2\libc.a(lib_a-dtoa.o)
 .debug_frame   0x00000e80       0x40 c:/actel/libero_v9.1/softconsole/sourcery-g++/bin/../lib/gcc/arm-none-eabi/4.4.1/../../../../arm-none-eabi/lib/thumb2\libc.a(lib_a-fflush.o)
 .debug_frame   0x00000ec0      0x11c c:/actel/libero_v9.1/softconsole/sourcery-g++/bin/../lib/gcc/arm-none-eabi/4.4.1/../../../../arm-none-eabi/lib/thumb2\libc.a(lib_a-findfp.o)
 .debug_frame   0x00000fdc       0x50 c:/actel/libero_v9.1/softconsole/sourcery-g++/bin/../lib/gcc/arm-none-eabi/4.4.1/../../../../arm-none-eabi/lib/thumb2\libc.a(lib_a-freer.o)
 .debug_frame   0x0000102c       0x3c c:/actel/libero_v9.1/softconsole/sourcery-g++/bin/../lib/gcc/arm-none-eabi/4.4.1/../../../../arm-none-eabi/lib/thumb2\libc.a(lib_a-fvwrite.o)
 .debug_frame   0x00001068       0x54 c:/actel/libero_v9.1/softconsole/sourcery-g++/bin/../lib/gcc/arm-none-eabi/4.4.1/../../../../arm-none-eabi/lib/thumb2\libc.a(lib_a-fwalk.o)
 .debug_frame   0x000010bc       0x6c c:/actel/libero_v9.1/softconsole/sourcery-g++/bin/../lib/gcc/arm-none-eabi/4.4.1/../../../../arm-none-eabi/lib/thumb2\libc.a(lib_a-locale.o)
 .debug_frame   0x00001128       0x34 c:/actel/libero_v9.1/softconsole/sourcery-g++/bin/../lib/gcc/arm-none-eabi/4.4.1/../../../../arm-none-eabi/lib/thumb2\libc.a(lib_a-makebuf.o)
 .debug_frame   0x0000115c       0x30 c:/actel/libero_v9.1/softconsole/sourcery-g++/bin/../lib/gcc/arm-none-eabi/4.4.1/../../../../arm-none-eabi/lib/thumb2\libc.a(lib_a-malloc.o)
 .debug_frame   0x0000118c       0x3c c:/actel/libero_v9.1/softconsole/sourcery-g++/bin/../lib/gcc/arm-none-eabi/4.4.1/../../../../arm-none-eabi/lib/thumb2\libc.a(lib_a-mallocr.o)
 .debug_frame   0x000011c8       0x28 c:/actel/libero_v9.1/softconsole/sourcery-g++/bin/../lib/gcc/arm-none-eabi/4.4.1/../../../../arm-none-eabi/lib/thumb2\libc.a(lib_a-memchr.o)
 .debug_frame   0x000011f0       0x34 c:/actel/libero_v9.1/softconsole/sourcery-g++/bin/../lib/gcc/arm-none-eabi/4.4.1/../../../../arm-none-eabi/lib/thumb2\libc.a(lib_a-memcpy.o)
 .debug_frame   0x00001224       0x2c c:/actel/libero_v9.1/softconsole/sourcery-g++/bin/../lib/gcc/arm-none-eabi/4.4.1/../../../../arm-none-eabi/lib/thumb2\libc.a(lib_a-memmove.o)
 .debug_frame   0x00001250       0x28 c:/actel/libero_v9.1/softconsole/sourcery-g++/bin/../lib/gcc/arm-none-eabi/4.4.1/../../../../arm-none-eabi/lib/thumb2\libc.a(lib_a-memset.o)
 .debug_frame   0x00001278       0x30 c:/actel/libero_v9.1/softconsole/sourcery-g++/bin/../lib/gcc/arm-none-eabi/4.4.1/../../../../arm-none-eabi/lib/thumb2\libc.a(lib_a-mlock.o)
 .debug_frame   0x000012a8      0x240 c:/actel/libero_v9.1/softconsole/sourcery-g++/bin/../lib/gcc/arm-none-eabi/4.4.1/../../../../arm-none-eabi/lib/thumb2\libc.a(lib_a-mprec.o)
 .debug_frame   0x000014e8       0x3c c:/actel/libero_v9.1/softconsole/sourcery-g++/bin/../lib/gcc/arm-none-eabi/4.4.1/../../../../arm-none-eabi/lib/thumb2\libc.a(lib_a-reallocr.o)
 .debug_frame   0x00001524       0x20 c:/actel/libero_v9.1/softconsole/sourcery-g++/bin/../lib/gcc/arm-none-eabi/4.4.1/../../../../arm-none-eabi/lib/thumb2\libc.a(lib_a-s_isinfd.o)
 .debug_frame   0x00001544       0x20 c:/actel/libero_v9.1/softconsole/sourcery-g++/bin/../lib/gcc/arm-none-eabi/4.4.1/../../../../arm-none-eabi/lib/thumb2\libc.a(lib_a-s_isnand.o)
 .debug_frame   0x00001564       0x2c c:/actel/libero_v9.1/softconsole/sourcery-g++/bin/../lib/gcc/arm-none-eabi/4.4.1/../../../../arm-none-eabi/lib/thumb2\libc.a(lib_a-sbrkr.o)
 .debug_frame   0x00001590       0x70 c:/actel/libero_v9.1/softconsole/sourcery-g++/bin/../lib/gcc/arm-none-eabi/4.4.1/../../../../arm-none-eabi/lib/thumb2\libc.a(lib_a-stdio.o)
 .debug_frame   0x00001600       0x30 c:/actel/libero_v9.1/softconsole/sourcery-g++/bin/../lib/gcc/arm-none-eabi/4.4.1/../../../../arm-none-eabi/lib/thumb2\libc.a(lib_a-strcmp.o)
 .debug_frame   0x00001630       0x20 c:/actel/libero_v9.1/softconsole/sourcery-g++/bin/../lib/gcc/arm-none-eabi/4.4.1/../../../../arm-none-eabi/lib/thumb2\libc.a(lib_a-strlen.o)
 .debug_frame   0x00001650       0x2c c:/actel/libero_v9.1/softconsole/sourcery-g++/bin/../lib/gcc/arm-none-eabi/4.4.1/../../../../arm-none-eabi/lib/thumb2\libc.a(lib_a-callocr.o)
 .debug_frame   0x0000167c       0x2c c:/actel/libero_v9.1/softconsole/sourcery-g++/bin/../lib/gcc/arm-none-eabi/4.4.1/../../../../arm-none-eabi/lib/thumb2\libc.a(lib_a-closer.o)
 .debug_frame   0x000016a8       0x3c c:/actel/libero_v9.1/softconsole/sourcery-g++/bin/../lib/gcc/arm-none-eabi/4.4.1/../../../../arm-none-eabi/lib/thumb2\libc.a(lib_a-fclose.o)
 .debug_frame   0x000016e4       0x2c c:/actel/libero_v9.1/softconsole/sourcery-g++/bin/../lib/gcc/arm-none-eabi/4.4.1/../../../../arm-none-eabi/lib/thumb2\libc.a(lib_a-fstatr.o)
 .debug_frame   0x00001710       0x2c c:/actel/libero_v9.1/softconsole/sourcery-g++/bin/../lib/gcc/arm-none-eabi/4.4.1/../../../../arm-none-eabi/lib/thumb2\libc.a(lib_a-isattyr.o)
 .debug_frame   0x0000173c       0x2c c:/actel/libero_v9.1/softconsole/sourcery-g++/bin/../lib/gcc/arm-none-eabi/4.4.1/../../../../arm-none-eabi/lib/thumb2\libc.a(lib_a-lseekr.o)
 .debug_frame   0x00001768       0x2c c:/actel/libero_v9.1/softconsole/sourcery-g++/bin/../lib/gcc/arm-none-eabi/4.4.1/../../../../arm-none-eabi/lib/thumb2\libc.a(lib_a-readr.o)
 .debug_frame   0x00001794       0x64 c:/actel/libero_v9.1/softconsole/sourcery-g++/bin/../lib/gcc/arm-none-eabi/4.4.1/../../../../arm-none-eabi/lib/thumb2\libc.a(lib_a-reent.o)
 .debug_frame   0x000017f8       0x20 c:/actel/libero_v9.1/softconsole/sourcery-g++/bin/../lib/gcc/arm-none-eabi/4.4.1/thumb2\libgcc.a(_udivsi3.o)
 .debug_frame   0x00001818       0x50 c:/actel/libero_v9.1/softconsole/sourcery-g++/bin/../lib/gcc/arm-none-eabi/4.4.1/thumb2\libgcc.a(bpabi.o)
 .debug_frame   0x00001868       0x3c c:/actel/libero_v9.1/softconsole/sourcery-g++/bin/../lib/gcc/arm-none-eabi/4.4.1/thumb2\libgcc.a(_divdi3.o)
 .debug_frame   0x000018a4       0x3c c:/actel/libero_v9.1/softconsole/sourcery-g++/bin/../lib/gcc/arm-none-eabi/4.4.1/thumb2\libgcc.a(_udivdi3.o)

.debug_str      0x00000000     0x2549
 *(.debug_str)
 .debug_str     0x00000000      0xea5 ./imu.o
                                0xf32 (size before relaxing)
 .debug_str     0x00000ea5      0x70a ./main.o
                               0x15db (size before relaxing)
 .debug_str     0x000015af      0x4a5 C:/Users/rwooster/Documents/cont_servo_test/SoftConsole/cont_servo_test_MSS_MSS_CM3_0/cont_servo_test_MSS_MSS_CM3_0_hw_platform/Debug/CMSIS/startup_gcc/newlib_stubs.o
                               0x10c6 (size before relaxing)
 .debug_str     0x00001a54      0x3b7 C:\Users\rwooster\Documents\cont_servo_test\SoftConsole\cont_servo_test_MSS_MSS_CM3_0\cont_servo_test_MSS_MSS_CM3_0_hw_platform\Debug\libcont_servo_test_MSS_MSS_CM3_0_hw_platform.a(mss_uart.o)
                               0x14d7 (size before relaxing)
 .debug_str     0x00001e0b      0x226 C:\Users\rwooster\Documents\cont_servo_test\SoftConsole\cont_servo_test_MSS_MSS_CM3_0\cont_servo_test_MSS_MSS_CM3_0_hw_platform\Debug\libcont_servo_test_MSS_MSS_CM3_0_hw_platform.a(mss_i2c.o)
                               0x141d (size before relaxing)
 .debug_str     0x00002031      0x2df C:\Users\rwooster\Documents\cont_servo_test\SoftConsole\cont_servo_test_MSS_MSS_CM3_0\cont_servo_test_MSS_MSS_CM3_0_hw_platform\Debug\libcont_servo_test_MSS_MSS_CM3_0_hw_platform.a(mss_gpio.o)
                               0x12af (size before relaxing)
 .debug_str     0x00002310      0x142 C:\Users\rwooster\Documents\cont_servo_test\SoftConsole\cont_servo_test_MSS_MSS_CM3_0\cont_servo_test_MSS_MSS_CM3_0_hw_platform\Debug\libcont_servo_test_MSS_MSS_CM3_0_hw_platform.a(core_cm3.o)
                                0x28d (size before relaxing)
 .debug_str     0x00002452       0xf7 C:\Users\rwooster\Documents\cont_servo_test\SoftConsole\cont_servo_test_MSS_MSS_CM3_0\cont_servo_test_MSS_MSS_CM3_0_hw_platform\Debug\libcont_servo_test_MSS_MSS_CM3_0_hw_platform.a(system_a2fxxxm3.o)
                                0x47a (size before relaxing)

.debug_loc      0x00000000     0x15f8
 *(.debug_loc)
 .debug_loc     0x00000000      0x1e3 ./imu.o
 .debug_loc     0x000001e3       0xdc ./main.o
 .debug_loc     0x000002bf      0x3c6 C:/Users/rwooster/Documents/cont_servo_test/SoftConsole/cont_servo_test_MSS_MSS_CM3_0/cont_servo_test_MSS_MSS_CM3_0_hw_platform/Debug/CMSIS/startup_gcc/newlib_stubs.o
 .debug_loc     0x00000685      0x510 C:\Users\rwooster\Documents\cont_servo_test\SoftConsole\cont_servo_test_MSS_MSS_CM3_0\cont_servo_test_MSS_MSS_CM3_0_hw_platform\Debug\libcont_servo_test_MSS_MSS_CM3_0_hw_platform.a(mss_uart.o)
 .debug_loc     0x00000b95      0x3fd C:\Users\rwooster\Documents\cont_servo_test\SoftConsole\cont_servo_test_MSS_MSS_CM3_0\cont_servo_test_MSS_MSS_CM3_0_hw_platform\Debug\libcont_servo_test_MSS_MSS_CM3_0_hw_platform.a(mss_i2c.o)
 .debug_loc     0x00000f92      0x1ef C:\Users\rwooster\Documents\cont_servo_test\SoftConsole\cont_servo_test_MSS_MSS_CM3_0\cont_servo_test_MSS_MSS_CM3_0_hw_platform\Debug\libcont_servo_test_MSS_MSS_CM3_0_hw_platform.a(mss_gpio.o)
 .debug_loc     0x00001181      0x3de C:\Users\rwooster\Documents\cont_servo_test\SoftConsole\cont_servo_test_MSS_MSS_CM3_0\cont_servo_test_MSS_MSS_CM3_0_hw_platform\Debug\libcont_servo_test_MSS_MSS_CM3_0_hw_platform.a(core_cm3.o)
 .debug_loc     0x0000155f       0x99 C:\Users\rwooster\Documents\cont_servo_test\SoftConsole\cont_servo_test_MSS_MSS_CM3_0\cont_servo_test_MSS_MSS_CM3_0_hw_platform\Debug\libcont_servo_test_MSS_MSS_CM3_0_hw_platform.a(system_a2fxxxm3.o)

.debug_macinfo  0x00000000    0x3154c
 *(.debug_macinfo)
 .debug_macinfo
                0x00000000     0x5465 ./imu.o
 .debug_macinfo
                0x00005465     0x9c79 ./main.o
 .debug_macinfo
                0x0000f0de     0x9965 C:/Users/rwooster/Documents/cont_servo_test/SoftConsole/cont_servo_test_MSS_MSS_CM3_0/cont_servo_test_MSS_MSS_CM3_0_hw_platform/Debug/CMSIS/startup_gcc/newlib_stubs.o
 .debug_macinfo
                0x00018a43     0x63e4 C:\Users\rwooster\Documents\cont_servo_test\SoftConsole\cont_servo_test_MSS_MSS_CM3_0\cont_servo_test_MSS_MSS_CM3_0_hw_platform\Debug\libcont_servo_test_MSS_MSS_CM3_0_hw_platform.a(mss_uart.o)
 .debug_macinfo
                0x0001ee27     0x5a65 C:\Users\rwooster\Documents\cont_servo_test\SoftConsole\cont_servo_test_MSS_MSS_CM3_0\cont_servo_test_MSS_MSS_CM3_0_hw_platform\Debug\libcont_servo_test_MSS_MSS_CM3_0_hw_platform.a(mss_i2c.o)
 .debug_macinfo
                0x0002488c     0x5cfb C:\Users\rwooster\Documents\cont_servo_test\SoftConsole\cont_servo_test_MSS_MSS_CM3_0\cont_servo_test_MSS_MSS_CM3_0_hw_platform\Debug\libcont_servo_test_MSS_MSS_CM3_0_hw_platform.a(mss_gpio.o)
 .debug_macinfo
                0x0002a587     0x152c C:\Users\rwooster\Documents\cont_servo_test\SoftConsole\cont_servo_test_MSS_MSS_CM3_0\cont_servo_test_MSS_MSS_CM3_0_hw_platform\Debug\libcont_servo_test_MSS_MSS_CM3_0_hw_platform.a(core_cm3.o)
 .debug_macinfo
                0x0002bab3     0x5a99 C:\Users\rwooster\Documents\cont_servo_test\SoftConsole\cont_servo_test_MSS_MSS_CM3_0\cont_servo_test_MSS_MSS_CM3_0_hw_platform\Debug\libcont_servo_test_MSS_MSS_CM3_0_hw_platform.a(system_a2fxxxm3.o)

.debug_weaknames
 *(.debug_weaknames)

.debug_funcnames
 *(.debug_funcnames)

.debug_typenames
 *(.debug_typenames)

.debug_varnames
 *(.debug_varnames)

.note.gnu.arm.ident
 *(.note.gnu.arm.ident)

.ARM.attributes
                0x00000000       0x25
 *(.ARM.attributes)
 .ARM.attributes
                0x00000000       0x19 c:/actel/libero_v9.1/softconsole/sourcery-g++/bin/../lib/gcc/arm-none-eabi/4.4.1/thumb2/crti.o
 .ARM.attributes
                0x00000019       0x29 c:/actel/libero_v9.1/softconsole/sourcery-g++/bin/../lib/gcc/arm-none-eabi/4.4.1/thumb2/crtbegin.o
 .ARM.attributes
                0x00000042       0x31 ./imu.o
 .ARM.attributes
                0x00000073       0x31 ./main.o
 .ARM.attributes
                0x000000a4       0x21 C:/Users/rwooster/Documents/cont_servo_test/SoftConsole/cont_servo_test_MSS_MSS_CM3_0/cont_servo_test_MSS_MSS_CM3_0_hw_platform/Debug/CMSIS/startup_gcc/startup_a2fxxxm3.o
 .ARM.attributes
                0x000000c5       0x31 C:/Users/rwooster/Documents/cont_servo_test/SoftConsole/cont_servo_test_MSS_MSS_CM3_0/cont_servo_test_MSS_MSS_CM3_0_hw_platform/Debug/CMSIS/startup_gcc/newlib_stubs.o
 .ARM.attributes
                0x000000f6       0x31 C:\Users\rwooster\Documents\cont_servo_test\SoftConsole\cont_servo_test_MSS_MSS_CM3_0\cont_servo_test_MSS_MSS_CM3_0_hw_platform\Debug\libcont_servo_test_MSS_MSS_CM3_0_hw_platform.a(mss_uart.o)
 .ARM.attributes
                0x00000127       0x31 C:\Users\rwooster\Documents\cont_servo_test\SoftConsole\cont_servo_test_MSS_MSS_CM3_0\cont_servo_test_MSS_MSS_CM3_0_hw_platform\Debug\libcont_servo_test_MSS_MSS_CM3_0_hw_platform.a(mss_i2c.o)
 .ARM.attributes
                0x00000158       0x31 C:\Users\rwooster\Documents\cont_servo_test\SoftConsole\cont_servo_test_MSS_MSS_CM3_0\cont_servo_test_MSS_MSS_CM3_0_hw_platform\Debug\libcont_servo_test_MSS_MSS_CM3_0_hw_platform.a(mss_gpio.o)
 .ARM.attributes
                0x00000189       0x31 C:\Users\rwooster\Documents\cont_servo_test\SoftConsole\cont_servo_test_MSS_MSS_CM3_0\cont_servo_test_MSS_MSS_CM3_0_hw_platform\Debug\libcont_servo_test_MSS_MSS_CM3_0_hw_platform.a(core_cm3.o)
 .ARM.attributes
                0x000001ba       0x31 C:\Users\rwooster\Documents\cont_servo_test\SoftConsole\cont_servo_test_MSS_MSS_CM3_0\cont_servo_test_MSS_MSS_CM3_0_hw_platform\Debug\libcont_servo_test_MSS_MSS_CM3_0_hw_platform.a(system_a2fxxxm3.o)
 .ARM.attributes
                0x000001eb       0x1b c:/actel/libero_v9.1/softconsole/sourcery-g++/bin/../lib/gcc/arm-none-eabi/4.4.1/thumb2\libgcc.a(_arm_addsubdf3.o)
 .ARM.attributes
                0x00000206       0x1b c:/actel/libero_v9.1/softconsole/sourcery-g++/bin/../lib/gcc/arm-none-eabi/4.4.1/thumb2\libgcc.a(_arm_muldivdf3.o)
 .ARM.attributes
                0x00000221       0x1b c:/actel/libero_v9.1/softconsole/sourcery-g++/bin/../lib/gcc/arm-none-eabi/4.4.1/thumb2\libgcc.a(_arm_truncdfsf2.o)
 .ARM.attributes
                0x0000023c       0x29 c:/actel/libero_v9.1/softconsole/sourcery-g++/bin/../lib/gcc/arm-none-eabi/4.4.1/../../../../arm-none-eabi/lib/thumb2\libc.a(lib_a-errno.o)
 .ARM.attributes
                0x00000265       0x29 c:/actel/libero_v9.1/softconsole/sourcery-g++/bin/../lib/gcc/arm-none-eabi/4.4.1/../../../../arm-none-eabi/lib/thumb2\libc.a(lib_a-impure.o)
 .ARM.attributes
                0x0000028e       0x29 c:/actel/libero_v9.1/softconsole/sourcery-g++/bin/../lib/gcc/arm-none-eabi/4.4.1/../../../../arm-none-eabi/lib/thumb2\libc.a(lib_a-init.o)
 .ARM.attributes
                0x000002b7       0x29 c:/actel/libero_v9.1/softconsole/sourcery-g++/bin/../lib/gcc/arm-none-eabi/4.4.1/../../../../arm-none-eabi/lib/thumb2\libc.a(lib_a-printf.o)
 .ARM.attributes
                0x000002e0       0x29 c:/actel/libero_v9.1/softconsole/sourcery-g++/bin/../lib/gcc/arm-none-eabi/4.4.1/../../../../arm-none-eabi/lib/thumb2\libc.a(lib_a-vfprintf.o)
 .ARM.attributes
                0x00000309       0x29 c:/actel/libero_v9.1/softconsole/sourcery-g++/bin/../lib/gcc/arm-none-eabi/4.4.1/../../../../arm-none-eabi/lib/thumb2\libc.a(lib_a-wsetup.o)
 .ARM.attributes
                0x00000332       0x29 c:/actel/libero_v9.1/softconsole/sourcery-g++/bin/../lib/gcc/arm-none-eabi/4.4.1/../../../../arm-none-eabi/lib/thumb2\libc.a(lib_a-dtoa.o)
 .ARM.attributes
                0x0000035b       0x29 c:/actel/libero_v9.1/softconsole/sourcery-g++/bin/../lib/gcc/arm-none-eabi/4.4.1/../../../../arm-none-eabi/lib/thumb2\libc.a(lib_a-fflush.o)
 .ARM.attributes
                0x00000384       0x29 c:/actel/libero_v9.1/softconsole/sourcery-g++/bin/../lib/gcc/arm-none-eabi/4.4.1/../../../../arm-none-eabi/lib/thumb2\libc.a(lib_a-findfp.o)
 .ARM.attributes
                0x000003ad       0x29 c:/actel/libero_v9.1/softconsole/sourcery-g++/bin/../lib/gcc/arm-none-eabi/4.4.1/../../../../arm-none-eabi/lib/thumb2\libc.a(lib_a-freer.o)
 .ARM.attributes
                0x000003d6       0x29 c:/actel/libero_v9.1/softconsole/sourcery-g++/bin/../lib/gcc/arm-none-eabi/4.4.1/../../../../arm-none-eabi/lib/thumb2\libc.a(lib_a-fvwrite.o)
 .ARM.attributes
                0x000003ff       0x29 c:/actel/libero_v9.1/softconsole/sourcery-g++/bin/../lib/gcc/arm-none-eabi/4.4.1/../../../../arm-none-eabi/lib/thumb2\libc.a(lib_a-fwalk.o)
 .ARM.attributes
                0x00000428       0x29 c:/actel/libero_v9.1/softconsole/sourcery-g++/bin/../lib/gcc/arm-none-eabi/4.4.1/../../../../arm-none-eabi/lib/thumb2\libc.a(lib_a-locale.o)
 .ARM.attributes
                0x00000451       0x29 c:/actel/libero_v9.1/softconsole/sourcery-g++/bin/../lib/gcc/arm-none-eabi/4.4.1/../../../../arm-none-eabi/lib/thumb2\libc.a(lib_a-makebuf.o)
 .ARM.attributes
                0x0000047a       0x29 c:/actel/libero_v9.1/softconsole/sourcery-g++/bin/../lib/gcc/arm-none-eabi/4.4.1/../../../../arm-none-eabi/lib/thumb2\libc.a(lib_a-malloc.o)
 .ARM.attributes
                0x000004a3       0x29 c:/actel/libero_v9.1/softconsole/sourcery-g++/bin/../lib/gcc/arm-none-eabi/4.4.1/../../../../arm-none-eabi/lib/thumb2\libc.a(lib_a-mallocr.o)
 .ARM.attributes
                0x000004cc       0x29 c:/actel/libero_v9.1/softconsole/sourcery-g++/bin/../lib/gcc/arm-none-eabi/4.4.1/../../../../arm-none-eabi/lib/thumb2\libc.a(lib_a-memchr.o)
 .ARM.attributes
                0x000004f5       0x29 c:/actel/libero_v9.1/softconsole/sourcery-g++/bin/../lib/gcc/arm-none-eabi/4.4.1/../../../../arm-none-eabi/lib/thumb2\libc.a(lib_a-memcpy.o)
 .ARM.attributes
                0x0000051e       0x29 c:/actel/libero_v9.1/softconsole/sourcery-g++/bin/../lib/gcc/arm-none-eabi/4.4.1/../../../../arm-none-eabi/lib/thumb2\libc.a(lib_a-memmove.o)
 .ARM.attributes
                0x00000547       0x29 c:/actel/libero_v9.1/softconsole/sourcery-g++/bin/../lib/gcc/arm-none-eabi/4.4.1/../../../../arm-none-eabi/lib/thumb2\libc.a(lib_a-memset.o)
 .ARM.attributes
                0x00000570       0x29 c:/actel/libero_v9.1/softconsole/sourcery-g++/bin/../lib/gcc/arm-none-eabi/4.4.1/../../../../arm-none-eabi/lib/thumb2\libc.a(lib_a-mlock.o)
 .ARM.attributes
                0x00000599       0x29 c:/actel/libero_v9.1/softconsole/sourcery-g++/bin/../lib/gcc/arm-none-eabi/4.4.1/../../../../arm-none-eabi/lib/thumb2\libc.a(lib_a-mprec.o)
 .ARM.attributes
                0x000005c2       0x29 c:/actel/libero_v9.1/softconsole/sourcery-g++/bin/../lib/gcc/arm-none-eabi/4.4.1/../../../../arm-none-eabi/lib/thumb2\libc.a(lib_a-reallocr.o)
 .ARM.attributes
                0x000005eb       0x29 c:/actel/libero_v9.1/softconsole/sourcery-g++/bin/../lib/gcc/arm-none-eabi/4.4.1/../../../../arm-none-eabi/lib/thumb2\libc.a(lib_a-s_isinfd.o)
 .ARM.attributes
                0x00000614       0x29 c:/actel/libero_v9.1/softconsole/sourcery-g++/bin/../lib/gcc/arm-none-eabi/4.4.1/../../../../arm-none-eabi/lib/thumb2\libc.a(lib_a-s_isnand.o)
 .ARM.attributes
                0x0000063d       0x29 c:/actel/libero_v9.1/softconsole/sourcery-g++/bin/../lib/gcc/arm-none-eabi/4.4.1/../../../../arm-none-eabi/lib/thumb2\libc.a(lib_a-sbrkr.o)
 .ARM.attributes
                0x00000666       0x29 c:/actel/libero_v9.1/softconsole/sourcery-g++/bin/../lib/gcc/arm-none-eabi/4.4.1/../../../../arm-none-eabi/lib/thumb2\libc.a(lib_a-stdio.o)
 .ARM.attributes
                0x0000068f       0x29 c:/actel/libero_v9.1/softconsole/sourcery-g++/bin/../lib/gcc/arm-none-eabi/4.4.1/../../../../arm-none-eabi/lib/thumb2\libc.a(lib_a-strcmp.o)
 .ARM.attributes
                0x000006b8       0x29 c:/actel/libero_v9.1/softconsole/sourcery-g++/bin/../lib/gcc/arm-none-eabi/4.4.1/../../../../arm-none-eabi/lib/thumb2\libc.a(lib_a-strlen.o)
 .ARM.attributes
                0x000006e1       0x29 c:/actel/libero_v9.1/softconsole/sourcery-g++/bin/../lib/gcc/arm-none-eabi/4.4.1/../../../../arm-none-eabi/lib/thumb2\libc.a(lib_a-callocr.o)
 .ARM.attributes
                0x0000070a       0x29 c:/actel/libero_v9.1/softconsole/sourcery-g++/bin/../lib/gcc/arm-none-eabi/4.4.1/../../../../arm-none-eabi/lib/thumb2\libc.a(lib_a-closer.o)
 .ARM.attributes
                0x00000733       0x29 c:/actel/libero_v9.1/softconsole/sourcery-g++/bin/../lib/gcc/arm-none-eabi/4.4.1/../../../../arm-none-eabi/lib/thumb2\libc.a(lib_a-fclose.o)
 .ARM.attributes
                0x0000075c       0x29 c:/actel/libero_v9.1/softconsole/sourcery-g++/bin/../lib/gcc/arm-none-eabi/4.4.1/../../../../arm-none-eabi/lib/thumb2\libc.a(lib_a-fstatr.o)
 .ARM.attributes
                0x00000785       0x29 c:/actel/libero_v9.1/softconsole/sourcery-g++/bin/../lib/gcc/arm-none-eabi/4.4.1/../../../../arm-none-eabi/lib/thumb2\libc.a(lib_a-isattyr.o)
 .ARM.attributes
                0x000007ae       0x29 c:/actel/libero_v9.1/softconsole/sourcery-g++/bin/../lib/gcc/arm-none-eabi/4.4.1/../../../../arm-none-eabi/lib/thumb2\libc.a(lib_a-lseekr.o)
 .ARM.attributes
                0x000007d7       0x29 c:/actel/libero_v9.1/softconsole/sourcery-g++/bin/../lib/gcc/arm-none-eabi/4.4.1/../../../../arm-none-eabi/lib/thumb2\libc.a(lib_a-readr.o)
 .ARM.attributes
                0x00000800       0x29 c:/actel/libero_v9.1/softconsole/sourcery-g++/bin/../lib/gcc/arm-none-eabi/4.4.1/../../../../arm-none-eabi/lib/thumb2\libc.a(lib_a-reent.o)
 .ARM.attributes
                0x00000829       0x1b c:/actel/libero_v9.1/softconsole/sourcery-g++/bin/../lib/gcc/arm-none-eabi/4.4.1/thumb2\libgcc.a(_udivsi3.o)
 .ARM.attributes
                0x00000844       0x1b c:/actel/libero_v9.1/softconsole/sourcery-g++/bin/../lib/gcc/arm-none-eabi/4.4.1/thumb2\libgcc.a(_dvmd_tls.o)
 .ARM.attributes
                0x0000085f       0x1b c:/actel/libero_v9.1/softconsole/sourcery-g++/bin/../lib/gcc/arm-none-eabi/4.4.1/thumb2\libgcc.a(_arm_cmpdf2.o)
 .ARM.attributes
                0x0000087a       0x1b c:/actel/libero_v9.1/softconsole/sourcery-g++/bin/../lib/gcc/arm-none-eabi/4.4.1/thumb2\libgcc.a(_arm_fixdfsi.o)
 .ARM.attributes
                0x00000895       0x1b c:/actel/libero_v9.1/softconsole/sourcery-g++/bin/../lib/gcc/arm-none-eabi/4.4.1/thumb2\libgcc.a(_aeabi_uldivmod.o)
 .ARM.attributes
                0x000008b0       0x29 c:/actel/libero_v9.1/softconsole/sourcery-g++/bin/../lib/gcc/arm-none-eabi/4.4.1/thumb2\libgcc.a(bpabi.o)
 .ARM.attributes
                0x000008d9       0x29 c:/actel/libero_v9.1/softconsole/sourcery-g++/bin/../lib/gcc/arm-none-eabi/4.4.1/thumb2\libgcc.a(_divdi3.o)
 .ARM.attributes
                0x00000902       0x29 c:/actel/libero_v9.1/softconsole/sourcery-g++/bin/../lib/gcc/arm-none-eabi/4.4.1/thumb2\libgcc.a(_udivdi3.o)
 .ARM.attributes
                0x0000092b       0x29 c:/actel/libero_v9.1/softconsole/sourcery-g++/bin/../lib/gcc/arm-none-eabi/4.4.1/thumb2/crtend.o
 .ARM.attributes
                0x00000954       0x19 c:/actel/libero_v9.1/softconsole/sourcery-g++/bin/../lib/gcc/arm-none-eabi/4.4.1/thumb2/crtn.o

/DISCARD/
 *(.note.GNU-stack)
 *(.isr_vector)
OUTPUT(cont_servo_test_MSS_MSS_CM3_0_app elf32-littlearm)

.debug_ranges   0x00000000      0x3e0
 .debug_ranges  0x00000000       0x58 ./imu.o
 .debug_ranges  0x00000058       0x30 ./main.o
 .debug_ranges  0x00000088       0xa0 C:/Users/rwooster/Documents/cont_servo_test/SoftConsole/cont_servo_test_MSS_MSS_CM3_0/cont_servo_test_MSS_MSS_CM3_0_hw_platform/Debug/CMSIS/startup_gcc/newlib_stubs.o
 .debug_ranges  0x00000128       0xd0 C:\Users\rwooster\Documents\cont_servo_test\SoftConsole\cont_servo_test_MSS_MSS_CM3_0\cont_servo_test_MSS_MSS_CM3_0_hw_platform\Debug\libcont_servo_test_MSS_MSS_CM3_0_hw_platform.a(mss_uart.o)
 .debug_ranges  0x000001f8       0xa8 C:\Users\rwooster\Documents\cont_servo_test\SoftConsole\cont_servo_test_MSS_MSS_CM3_0\cont_servo_test_MSS_MSS_CM3_0_hw_platform\Debug\libcont_servo_test_MSS_MSS_CM3_0_hw_platform.a(mss_i2c.o)
 .debug_ranges  0x000002a0       0x58 C:\Users\rwooster\Documents\cont_servo_test\SoftConsole\cont_servo_test_MSS_MSS_CM3_0\cont_servo_test_MSS_MSS_CM3_0_hw_platform\Debug\libcont_servo_test_MSS_MSS_CM3_0_hw_platform.a(mss_gpio.o)
 .debug_ranges  0x000002f8       0xc0 C:\Users\rwooster\Documents\cont_servo_test\SoftConsole\cont_servo_test_MSS_MSS_CM3_0\cont_servo_test_MSS_MSS_CM3_0_hw_platform\Debug\libcont_servo_test_MSS_MSS_CM3_0_hw_platform.a(core_cm3.o)
 .debug_ranges  0x000003b8       0x28 C:\Users\rwooster\Documents\cont_servo_test\SoftConsole\cont_servo_test_MSS_MSS_CM3_0\cont_servo_test_MSS_MSS_CM3_0_hw_platform\Debug\libcont_servo_test_MSS_MSS_CM3_0_hw_platform.a(system_a2fxxxm3.o)
